Archive member included to satisfy reference by file (symbol)

.pio\build\uno_r4_wifi\libb15\libServo.a(Servo.cpp.o)
                              .pio\build\uno_r4_wifi\src\main.cpp.o (Servo::Servo())
.pio\build\uno_r4_wifi\lib0bc\libWiFiS3.a(WiFi.cpp.o)
                              .pio\build\uno_r4_wifi\src\main.cpp.o (CWifi::SSID())
.pio\build\uno_r4_wifi\lib0bc\libWiFiS3.a(WiFiClient.cpp.o)
                              .pio\build\uno_r4_wifi\src\main.cpp.o (WiFiClient::read())
.pio\build\uno_r4_wifi\lib0bc\libWiFiS3.a(Modem.cpp.o)
                              .pio\build\uno_r4_wifi\lib0bc\libWiFiS3.a(WiFiClient.cpp.o) (ModemClass::write_nowait(std::__cxx11::basic_string<char, std::char_traits<char>, std::allocator<char> > const&, std::__cxx11::basic_string<char, std::char_traits<char>, std::allocator<char> >&, char const*, ...))
.pio\build\uno_r4_wifi\libFrameworkArduinoVariant.a(common_data.c.o)
                              .pio\build\uno_r4_wifi\libb15\libServo.a(Servo.cpp.o) (g_ioport_ctrl)
.pio\build\uno_r4_wifi\libFrameworkArduinoVariant.a(main.c.o)
                              c:/users/83tuc/.platformio/packages/toolchain-gccarmnoneeabi/bin/../lib/gcc/arm-none-eabi/7.2.1/../../../../arm-none-eabi/lib/thumb/v7e-m/fpv4-sp/hard/crt0.o (main)
.pio\build\uno_r4_wifi\libFrameworkArduinoVariant.a(pin_data.c.o)
                              .pio\build\uno_r4_wifi\libFrameworkArduinoVariant.a(common_data.c.o) (g_bsp_pin_cfg)
.pio\build\uno_r4_wifi\libFrameworkArduinoVariant.a(variant.cpp.o)
                              .pio\build\uno_r4_wifi\libb15\libServo.a(Servo.cpp.o) (g_pin_cfg)
.pio\build\uno_r4_wifi\libFrameworkArduino.a(FspTimer.cpp.o)
                              .pio\build\uno_r4_wifi\libb15\libServo.a(Servo.cpp.o) (FspTimer::FspTimer())
.pio\build\uno_r4_wifi\libFrameworkArduino.a(IRQManager.cpp.o)
                              .pio\build\uno_r4_wifi\libFrameworkArduino.a(FspTimer.cpp.o) (IRQManager::getInstance())
.pio\build\uno_r4_wifi\libFrameworkArduino.a(Serial.cpp.o)
                              .pio\build\uno_r4_wifi\src\main.cpp.o (UART::operator bool())
.pio\build\uno_r4_wifi\libFrameworkArduino.a(SerialObj1.cpp.o)
                              .pio\build\uno_r4_wifi\src\main.cpp.o (_UART1_)
.pio\build\uno_r4_wifi\libFrameworkArduino.a(SerialObj3.cpp.o)
                              .pio\build\uno_r4_wifi\lib0bc\libWiFiS3.a(Modem.cpp.o) (_UART3_)
.pio\build\uno_r4_wifi\libFrameworkArduino.a(analog.cpp.o)
                              .pio\build\uno_r4_wifi\src\main.cpp.o (analogRead)
.pio\build\uno_r4_wifi\libFrameworkArduino.a(Common.cpp.o)
                              .pio\build\uno_r4_wifi\libb15\libServo.a(Servo.cpp.o) (map(long, long, long, long, long))
.pio\build\uno_r4_wifi\libFrameworkArduino.a(IPAddress.cpp.o)
                              .pio\build\uno_r4_wifi\lib0bc\libWiFiS3.a(WiFi.cpp.o) (arduino::IPAddress::IPAddress())
.pio\build\uno_r4_wifi\libFrameworkArduino.a(Print.cpp.o)
                              .pio\build\uno_r4_wifi\libFrameworkArduino.a(Serial.cpp.o) (arduino::Print::write(unsigned char const*, unsigned int))
.pio\build\uno_r4_wifi\libFrameworkArduino.a(String.cpp.o)
                              .pio\build\uno_r4_wifi\src\main.cpp.o (arduino::String::~String())
.pio\build\uno_r4_wifi\libFrameworkArduino.a(dac.cpp.o)
                              .pio\build\uno_r4_wifi\libFrameworkArduino.a(analog.cpp.o) (CDac::analogWrite(int))
.pio\build\uno_r4_wifi\libFrameworkArduino.a(digital.cpp.o)
                              .pio\build\uno_r4_wifi\src\main.cpp.o (pinMode)
.pio\build\uno_r4_wifi\libFrameworkArduino.a(itoa.c.o)
                              .pio\build\uno_r4_wifi\libFrameworkArduino.a(String.cpp.o) (dtostrf)
.pio\build\uno_r4_wifi\libFrameworkArduino.a(main.cpp.o)
                              .pio\build\uno_r4_wifi\libFrameworkArduinoVariant.a(main.c.o) (hal_entry)
.pio\build\uno_r4_wifi\libFrameworkArduino.a(pinDefinitions.cpp.o)
                              .pio\build\uno_r4_wifi\libFrameworkArduino.a(analog.cpp.o) (pinPeripheral(e_bsp_io_port_pin_t, unsigned long))
.pio\build\uno_r4_wifi\libFrameworkArduino.a(pwm.cpp.o)
                              .pio\build\uno_r4_wifi\libFrameworkArduino.a(analog.cpp.o) (PwmOut::PwmOut(int))
.pio\build\uno_r4_wifi\libFrameworkArduino.a(time.cpp.o)
                              .pio\build\uno_r4_wifi\libFrameworkArduino.a(analog.cpp.o) (delayMicroseconds)
.pio\build\uno_r4_wifi\libFrameworkArduino.a(variant_helper.cpp.o)
                              .pio\build\uno_r4_wifi\libFrameworkArduinoVariant.a(variant.cpp.o) (getPinCfgs(unsigned char, PinCfgReq_t))
.pio\build\uno_r4_wifi\libFrameworkArduino.a(vector_table.c.o)
                              .pio\build\uno_r4_wifi\libFrameworkArduino.a(main.cpp.o) (g_vector_table)
.pio\build\uno_r4_wifi\libFrameworkArduino.a(cm_backtrace.c.o)
                              .pio\build\uno_r4_wifi\libFrameworkArduino.a(main.cpp.o) (cm_backtrace_init)
[...]
Memory Configuration

Name             Origin             Length             Attributes
FLASH            0x00004000         0x0003c000         xr
RAM              0x20000000         0x00008000         xrw
DATA_FLASH       0x40100000         0x00002000         xr
OPTION_SETTING   0x00000000         0x00000000         r
OPTION_SETTING_S 0x00000000         0x00000000         r
ID_CODE          0x01010018         0x00000020         xr
*default*        0x00000000         0xffffffff

Linker script and memory map

LOAD c:/users/83tuc/.platformio/packages/toolchain-gccarmnoneeabi/bin/../lib/gcc/arm-none-eabi/7.2.1/thumb/v7e-m/fpv4-sp/hard/crti.o
LOAD c:/users/83tuc/.platformio/packages/toolchain-gccarmnoneeabi/bin/../lib/gcc/arm-none-eabi/7.2.1/thumb/v7e-m/fpv4-sp/hard/crtbegin.o
LOAD c:/users/83tuc/.platformio/packages/toolchain-gccarmnoneeabi/bin/../lib/gcc/arm-none-eabi/7.2.1/../../../../arm-none-eabi/lib/thumb/v7e-m/fpv4-sp/hard/crt0.o
LOAD .pio\build\uno_r4_wifi\src\main.cpp.o
START GROUP
LOAD .pio\build\uno_r4_wifi\libb15\libServo.a
LOAD .pio\build\uno_r4_wifi\lib0bc\libWiFiS3.a
LOAD .pio\build\uno_r4_wifi\libFrameworkArduinoVariant.a
LOAD .pio\build\uno_r4_wifi\libFrameworkArduino.a
LOAD C:\Users\83tuc\.platformio\packages\framework-arduinorenesas-uno\variants\UNOWIFIR4\libs\libfsp.a
LOAD c:/users/83tuc/.platformio/packages/toolchain-gccarmnoneeabi/bin/../lib/gcc/arm-none-eabi/7.2.1/../../../../arm-none-eabi/lib/thumb/v7e-m/fpv4-sp/hard\libstdc++_nano.a
LOAD c:/users/83tuc/.platformio/packages/toolchain-gccarmnoneeabi/bin/../lib/gcc/arm-none-eabi/7.2.1/../../../../arm-none-eabi/lib/thumb/v7e-m/fpv4-sp/hard\libsupc++_nano.a
LOAD c:/users/83tuc/.platformio/packages/toolchain-gccarmnoneeabi/bin/../lib/gcc/arm-none-eabi/7.2.1/thumb/v7e-m/fpv4-sp/hard\libgcc.a
LOAD c:/users/83tuc/.platformio/packages/toolchain-gccarmnoneeabi/bin/../lib/gcc/arm-none-eabi/7.2.1/../../../../arm-none-eabi/lib/thumb/v7e-m/fpv4-sp/hard\libnosys.a
END GROUP
LOAD c:/users/83tuc/.platformio/packages/toolchain-gccarmnoneeabi/bin/../lib/gcc/arm-none-eabi/7.2.1/../../../../arm-none-eabi/lib/thumb/v7e-m/fpv4-sp/hard\libstdc++_nano.a
LOAD c:/users/83tuc/.platformio/packages/toolchain-gccarmnoneeabi/bin/../lib/gcc/arm-none-eabi/7.2.1/../../../../arm-none-eabi/lib/thumb/v7e-m/fpv4-sp/hard\libm.a
LOAD c:/users/83tuc/.platformio/packages/toolchain-gccarmnoneeabi/bin/../lib/gcc/arm-none-eabi/7.2.1/../../../../arm-none-eabi/lib/thumb/v7e-m/fpv4-sp/hard\libc_nano.a
START GROUP
LOAD c:/users/83tuc/.platformio/packages/toolchain-gccarmnoneeabi/bin/../lib/gcc/arm-none-eabi/7.2.1/thumb/v7e-m/fpv4-sp/hard\libgcc.a
LOAD c:/users/83tuc/.platformio/packages/toolchain-gccarmnoneeabi/bin/../lib/gcc/arm-none-eabi/7.2.1/../../../../arm-none-eabi/lib/thumb/v7e-m/fpv4-sp/hard\libc_nano.a
END GROUP
START GROUP
LOAD c:/users/83tuc/.platformio/packages/toolchain-gccarmnoneeabi/bin/../lib/gcc/arm-none-eabi/7.2.1/thumb/v7e-m/fpv4-sp/hard\libgcc.a
LOAD c:/users/83tuc/.platformio/packages/toolchain-gccarmnoneeabi/bin/../lib/gcc/arm-none-eabi/7.2.1/../../../../arm-none-eabi/lib/thumb/v7e-m/fpv4-sp/hard\libc_nano.a
LOAD c:/users/83tuc/.platformio/packages/toolchain-gccarmnoneeabi/bin/../lib/gcc/arm-none-eabi/7.2.1/../../../../arm-none-eabi/lib/thumb/v7e-m/fpv4-sp/hard\libnosys.a
END GROUP
START GROUP
LOAD c:/users/83tuc/.platformio/packages/toolchain-gccarmnoneeabi/bin/../lib/gcc/arm-none-eabi/7.2.1/thumb/v7e-m/fpv4-sp/hard\libgcc.a
LOAD c:/users/83tuc/.platformio/packages/toolchain-gccarmnoneeabi/bin/../lib/gcc/arm-none-eabi/7.2.1/../../../../arm-none-eabi/lib/thumb/v7e-m/fpv4-sp/hard\libc_nano.a
LOAD c:/users/83tuc/.platformio/packages/toolchain-gccarmnoneeabi/bin/../lib/gcc/arm-none-eabi/7.2.1/../../../../arm-none-eabi/lib/thumb/v7e-m/fpv4-sp/hard\libnosys.a
END GROUP
LOAD c:/users/83tuc/.platformio/packages/toolchain-gccarmnoneeabi/bin/../lib/gcc/arm-none-eabi/7.2.1/thumb/v7e-m/fpv4-sp/hard/crtend.o
LOAD c:/users/83tuc/.platformio/packages/toolchain-gccarmnoneeabi/bin/../lib/gcc/arm-none-eabi/7.2.1/thumb/v7e-m/fpv4-sp/hard/crtn.o
                0x20000000                RAM_START = 0x20000000
                0x00008000                RAM_LENGTH = 0x8000
                0x00000000                FLASH_START = 0x0
                0x00040000                FLASH_LENGTH = 0x40000
                0x40100000                DATA_FLASH_START = 0x40100000
                0x00002000                DATA_FLASH_LENGTH = 0x2000
                0x00000000                OPTION_SETTING_START = 0x0
                0x00000000                OPTION_SETTING_LENGTH = 0x0
                0x00000000                OPTION_SETTING_S_START = 0x0
                0x00000000                OPTION_SETTING_S_LENGTH = 0x0
                0x01010018                ID_CODE_START = 0x1010018
                0x00000020                ID_CODE_LENGTH = 0x20
                0x90000000                SDRAM_START = 0x90000000
                0x00000000                SDRAM_LENGTH = 0x0
                0x60000000                QSPI_FLASH_START = 0x60000000
                0x00000000                QSPI_FLASH_LENGTH = 0x0
                0x68000000                OSPI_DEVICE_0_START = 0x68000000
                0x00000000                OSPI_DEVICE_0_LENGTH = 0x0
                0x70000000                OSPI_DEVICE_1_START = 0x70000000
                0x00000000                OSPI_DEVICE_1_LENGTH = 0x0
                0x00004000                FLASH_IMAGE_START = 0x4000
                0x00000100                VECTOR_TABLE_LENGTH = 0x100
                0x00000400                BSP_CFG_STACK_MAIN_BYTES = 0x400
START GROUP
LOAD c:/users/83tuc/.platformio/packages/toolchain-gccarmnoneeabi/bin/../lib/gcc/arm-none-eabi/7.2.1/thumb/v7e-m/fpv4-sp/hard\libgcc.a
LOAD c:/users/83tuc/.platformio/packages/toolchain-gccarmnoneeabi/bin/../lib/gcc/arm-none-eabi/7.2.1/../../../../arm-none-eabi/lib/thumb/v7e-m/fpv4-sp/hard\libc.a
LOAD c:/users/83tuc/.platformio/packages/toolchain-gccarmnoneeabi/bin/../lib/gcc/arm-none-eabi/7.2.1/../../../../arm-none-eabi/lib/thumb/v7e-m/fpv4-sp/hard\libm.a
LOAD c:/users/83tuc/.platformio/packages/toolchain-gccarmnoneeabi/bin/../lib/gcc/arm-none-eabi/7.2.1/../../../../arm-none-eabi/lib/thumb/v7e-m/fpv4-sp/hard\libnosys.a
END GROUP

.text           0x00004000     0xdd4c
                0x00000000                __tz_FLASH_S = ABSOLUTE (FLASH_START)
                0x00004000                __ROM_Start = .
 *(.sketch_boot)
                0x00004000                . = ALIGN (0x800)
 *(.fixed_vectors*)
 .fixed_vectors
                0x00004000       0x40 C:\Users\83tuc\.platformio\packages\framework-arduinorenesas-uno\variants\UNOWIFIR4\libs\libfsp.a(startup.o)
                0x00004000                __Vectors
 *(.application_vectors*)
 .application_vectors
                0x00004040       0x80 .pio\build\uno_r4_wifi\libFrameworkArduino.a(vector_table.c.o)
                0x00004040                g_vector_table
                0x000040c0                __Vectors_End = .
 *(.text*)
 .text          0x000040c0       0x40 c:/users/83tuc/.platformio/packages/toolchain-gccarmnoneeabi/bin/../lib/gcc/arm-none-eabi/7.2.1/thumb/v7e-m/fpv4-sp/hard/crtbegin.o
 .text._Z12calibrateOneiRi
                0x00004100       0x36 .pio\build\uno_r4_wifi\src\main.cpp.o
                0x00004100                calibrateOne(int, int&)
 *fill*         0x00004136        0x2 ff
 .text._Z12calibrateAllv
                0x00004138       0x48 .pio\build\uno_r4_wifi\src\main.cpp.o
                0x00004138                calibrateAll()
 .text._Z10tummySetupv
                0x00004180       0x7c .pio\build\uno_r4_wifi\src\main.cpp.o
                0x00004180                tummySetup()
 .text._Z5closev
                0x000041fc       0x44 .pio\build\uno_r4_wifi\src\main.cpp.o
                0x000041fc                close()
 .text._Z15printWifiStatusv
                0x00004240       0x74 .pio\build\uno_r4_wifi\src\main.cpp.o
                0x00004240                printWifiStatus()
 .text._Z13connectToWifiv
                0x000042b4       0x44 .pio\build\uno_r4_wifi\src\main.cpp.o
                0x000042b4                connectToWifi()
 .text.startup._GLOBAL__sub_I_servoL
                0x000042f8       0x44 .pio\build\uno_r4_wifi\src\main.cpp.o
 .text.exit._GLOBAL__sub_D_servoL
                0x0000433c       0x24 .pio\build\uno_r4_wifi\src\main.cpp.o
 .text._Z4taskv
                0x00004360      0x154 .pio\build\uno_r4_wifi\src\main.cpp.o
                0x00004360                task()
 .text._Z7parsingPc
                0x000044b4       0x84 .pio\build\uno_r4_wifi\src\main.cpp.o
                0x000044b4                parsing(char*)
 .text._Z9tummyLoopv
                0x00004538      0x1cc .pio\build\uno_r4_wifi\src\main.cpp.o
                0x00004538                tummyLoop()
 .text._Z12read_requestv
                0x00004704       0xb8 .pio\build\uno_r4_wifi\src\main.cpp.o
                0x00004704                read_request()
 .text._Z11httpRequesti
                0x000047bc       0xe8 .pio\build\uno_r4_wifi\src\main.cpp.o
                0x000047bc                httpRequest(int)
 .text.loop     0x000048a4       0x24 .pio\build\uno_r4_wifi\src\main.cpp.o
                0x000048a4                loop
 .text.setup    0x000048c8       0x78 .pio\build\uno_r4_wifi\src\main.cpp.o
                0x000048c8                setup
 .text._ZL17servo_timer_startv
                0x00004940       0x28 .pio\build\uno_r4_wifi\libb15\libServo.a(Servo.cpp.o)
 .text._Z20servo_timer_callbackP22st_timer_callback_args
                0x00004968       0xe8 .pio\build\uno_r4_wifi\libb15\libServo.a(Servo.cpp.o)
                0x00004968                servo_timer_callback(st_timer_callback_args*)
 .text._ZN5ServoC2Ev
                0x00004a50        0x6 .pio\build\uno_r4_wifi\libb15\libServo.a(Servo.cpp.o)
                0x00004a50                Servo::Servo()
                0x00004a50                Servo::Servo()
 *fill*         0x00004a56        0x2 ff
 .text._ZN5Servo17writeMicrosecondsEi
                0x00004a58       0x58 .pio\build\uno_r4_wifi\libb15\libServo.a(Servo.cpp.o)
                0x00004a58                Servo::writeMicroseconds(int)
 .text._ZN5Servo6attachEiii
                0x00004ab0      0x160 .pio\build\uno_r4_wifi\libb15\libServo.a(Servo.cpp.o)
                0x00004ab0                Servo::attach(int, int, int)
 .text._ZN5Servo6attachEi
                0x00004c10        0xc .pio\build\uno_r4_wifi\libb15\libServo.a(Servo.cpp.o)
                0x00004c10                Servo::attach(int)
 .text._ZN5Servo5writeEi
                0x00004c1c       0x44 .pio\build\uno_r4_wifi\libb15\libServo.a(Servo.cpp.o)
                0x00004c1c                Servo::write(int)
 .text.startup._GLOBAL__sub_I__Z20servo_timer_callbackP22st_timer_callback_args
                0x00004c60        0xc .pio\build\uno_r4_wifi\libb15\libServo.a(Servo.cpp.o)
 .text.exit._GLOBAL__sub_D__Z20servo_timer_callbackP22st_timer_callback_args
                0x00004c6c        0xc .pio\build\uno_r4_wifi\libb15\libServo.a(Servo.cpp.o)
 .text._ZNSt7__cxx1112basic_stringIcSt11char_traitsIcESaIcEE9_M_createERjj.isra.24
                0x00004c78       0x34 .pio\build\uno_r4_wifi\lib0bc\libWiFiS3.a(WiFi.cpp.o)
 .text._ZN5CWifiC2Ev
                0x00004cac       0x68 .pio\build\uno_r4_wifi\lib0bc\libWiFiS3.a(WiFi.cpp.o)
                0x00004cac                CWifi::CWifi()
                0x00004cac                CWifi::CWifi()
 .text._ZNSt7__cxx1112basic_stringIcSt11char_traitsIcESaIcEE10_M_disposeEv
                0x00004d14       0x10 .pio\build\uno_r4_wifi\lib0bc\libWiFiS3.a(WiFi.cpp.o)
                0x00004d14                std::__cxx11::basic_string<char, std::char_traits<char>, std::allocator<char> >::_M_dispose()
 .text._ZNSt7__cxx1112basic_stringIcSt11char_traitsIcESaIcEE7_S_copyEPcPKcj
                0x00004d24       0x1a .pio\build\uno_r4_wifi\lib0bc\libWiFiS3.a(WiFi.cpp.o)
                0x00004d24                std::__cxx11::basic_string<char, std::char_traits<char>, std::allocator<char> >::_S_copy(char*, char const*, unsigned int)
 .text._ZNSt7__cxx1112basic_stringIcSt11char_traitsIcESaIcEE9_M_assignERKS4_
                0x00004d3e       0x4e .pio\build\uno_r4_wifi\lib0bc\libWiFiS3.a(WiFi.cpp.o)
                0x00004d3e                std::__cxx11::basic_string<char, std::char_traits<char>, std::allocator<char> >::_M_assign(std::__cxx11::basic_string<char, std::char_traits<char>, std::allocator<char> > const&)
 .text._ZNSt7__cxx1112basic_stringIcSt11char_traitsIcESaIcEE12_M_constructIPKcEEvT_S8_St20forward_iterator_tag.isra.25
                0x00004d8c       0x44 .pio\build\uno_r4_wifi\lib0bc\libWiFiS3.a(WiFi.cpp.o)
 .text._ZNSt7__cxx1112basic_stringIcSt11char_traitsIcESaIcEEC2EPKcRKS3_.constprop.34
                0x00004dd0       0x28 .pio\build\uno_r4_wifi\lib0bc\libWiFiS3.a(WiFi.cpp.o)
 .text._ZN5CWifi4SSIDEv
                0x00004df8       0xd8 .pio\build\uno_r4_wifi\lib0bc\libWiFiS3.a(WiFi.cpp.o)
                0x00004df8                CWifi::SSID()
 .text._ZN5CWifi6statusEv
                0x00004ed0       0x60 .pio\build\uno_r4_wifi\lib0bc\libWiFiS3.a(WiFi.cpp.o)
                0x00004ed0                CWifi::status()
 .text._ZN5CWifi5beginEPKcS1_
                0x00004f30       0xd0 .pio\build\uno_r4_wifi\lib0bc\libWiFiS3.a(WiFi.cpp.o)
                0x00004f30                CWifi::begin(char const*, char const*)
 .text._ZN5CWifi4RSSIEv
                0x00005000       0x50 .pio\build\uno_r4_wifi\lib0bc\libWiFiS3.a(WiFi.cpp.o)
                0x00005000                CWifi::RSSI()
 .text._ZN5CWifi7localIPEv
                0x00005050       0xd8 .pio\build\uno_r4_wifi\lib0bc\libWiFiS3.a(WiFi.cpp.o)
                0x00005050                CWifi::localIP()
 .text._ZN5CWifi15firmwareVersionEv
                0x00005128       0x7c .pio\build\uno_r4_wifi\lib0bc\libWiFiS3.a(WiFi.cpp.o)
                0x00005128                CWifi::firmwareVersion()
 .text.startup._GLOBAL__sub_I__ZN5CWifiC2Ev
                0x000051a4        0xc .pio\build\uno_r4_wifi\lib0bc\libWiFiS3.a(WiFi.cpp.o)
 .text.exit._GLOBAL__sub_D__ZN5CWifiC2Ev
                0x000051b0       0x1c .pio\build\uno_r4_wifi\lib0bc\libWiFiS3.a(WiFi.cpp.o)
 .text._ZN7arduino5Print17availableForWriteEv
                0x000051cc        0x4 .pio\build\uno_r4_wifi\lib0bc\libWiFiS3.a(WiFiClient.cpp.o)
                0x000051cc                arduino::Print::availableForWrite()
 .text._ZN10WiFiClientcvbEv
                0x000051d0        0xa .pio\build\uno_r4_wifi\lib0bc\libWiFiS3.a(WiFiClient.cpp.o)
                0x000051d0                WiFiClient::operator bool()
 .text._ZN10WiFiClientneERKS_
                0x000051da       0x10 .pio\build\uno_r4_wifi\lib0bc\libWiFiS3.a(WiFiClient.cpp.o)
                0x000051da                WiFiClient::operator!=(WiFiClient const&)
 .text._ZN10WiFiClient5writeEh
                0x000051ea       0x16 .pio\build\uno_r4_wifi\lib0bc\libWiFiS3.a(WiFiClient.cpp.o)
                0x000051ea                WiFiClient::write(unsigned char)
 .text._ZN10WiFiClient4readEv
                0x00005200       0x20 .pio\build\uno_r4_wifi\lib0bc\libWiFiS3.a(WiFiClient.cpp.o)
                0x00005200                WiFiClient::read()
 .text._ZN10WiFiClienteqERKS_
                0x00005220        0xc .pio\build\uno_r4_wifi\lib0bc\libWiFiS3.a(WiFiClient.cpp.o)
                0x00005220                WiFiClient::operator==(WiFiClient const&)
 .text._ZNSt15_Sp_counted_ptrIPN7arduino10FifoBufferIhLm1024EEELN9__gnu_cxx12_Lock_policyE0EED2Ev
                0x0000522c        0x2 .pio\build\uno_r4_wifi\lib0bc\libWiFiS3.a(WiFiClient.cpp.o)
                0x0000522c                std::_Sp_counted_ptr<arduino::FifoBuffer<unsigned char, 1024ul>*, (__gnu_cxx::_Lock_policy)0>::~_Sp_counted_ptr()
                0x0000522c                std::_Sp_counted_ptr<arduino::FifoBuffer<unsigned char, 1024ul>*, (__gnu_cxx::_Lock_policy)0>::~_Sp_counted_ptr()
 .text._ZNSt15_Sp_counted_ptrIPN7arduino10FifoBufferIhLm1024EEELN9__gnu_cxx12_Lock_policyE0EE14_M_get_deleterERKSt9type_info
                0x0000522e        0x4 .pio\build\uno_r4_wifi\lib0bc\libWiFiS3.a(WiFiClient.cpp.o)
                0x0000522e                std::_Sp_counted_ptr<arduino::FifoBuffer<unsigned char, 1024ul>*, (__gnu_cxx::_Lock_policy)0>::_M_get_deleter(std::type_info const&)
 .text._ZNSt15_Sp_counted_ptrIPN7arduino10FifoBufferIhLm1024EEELN9__gnu_cxx12_Lock_policyE0EE10_M_disposeEv
                0x00005232        0xa .pio\build\uno_r4_wifi\lib0bc\libWiFiS3.a(WiFiClient.cpp.o)
                0x00005232                std::_Sp_counted_ptr<arduino::FifoBuffer<unsigned char, 1024ul>*, (__gnu_cxx::_Lock_policy)0>::_M_dispose()
 .text._ZNSt15_Sp_counted_ptrIPN7arduino10FifoBufferIhLm1024EEELN9__gnu_cxx12_Lock_policyE0EED0Ev
                0x0000523c        0xe .pio\build\uno_r4_wifi\lib0bc\libWiFiS3.a(WiFiClient.cpp.o)
                0x0000523c                std::_Sp_counted_ptr<arduino::FifoBuffer<unsigned char, 1024ul>*, (__gnu_cxx::_Lock_policy)0>::~_Sp_counted_ptr()
 .text._ZNSt15_Sp_counted_ptrIPN7arduino10FifoBufferIhLm1024EEELN9__gnu_cxx12_Lock_policyE0EE10_M_destroyEv
                0x0000524a        0x8 .pio\build\uno_r4_wifi\lib0bc\libWiFiS3.a(WiFiClient.cpp.o)
                0x0000524a                std::_Sp_counted_ptr<arduino::FifoBuffer<unsigned char, 1024ul>*, (__gnu_cxx::_Lock_policy)0>::_M_destroy()
 .text._ZN10WiFiClient7connectEN7arduino9IPAddressEt
                0x00005252       0x26 .pio\build\uno_r4_wifi\lib0bc\libWiFiS3.a(WiFiClient.cpp.o)
                0x00005252                WiFiClient::connect(arduino::IPAddress, unsigned short)
 .text._ZNSt16_Sp_counted_baseILN9__gnu_cxx12_Lock_policyE0EE10_M_releaseEv.part.6
                0x00005278       0x20 .pio\build\uno_r4_wifi\lib0bc\libWiFiS3.a(WiFiClient.cpp.o)
 .text._ZNSt7__cxx1112basic_stringIcSt11char_traitsIcESaIcEEC2EPKcRKS3_.constprop.43
                0x00005298       0x54 .pio\build\uno_r4_wifi\lib0bc\libWiFiS3.a(WiFiClient.cpp.o)
 .text._ZN7__GuardD2Ev
                0x000052ec        0xc .pio\build\uno_r4_wifi\lib0bc\libWiFiS3.a(WiFiClient.cpp.o)
                0x000052ec                __Guard::~__Guard()
                0x000052ec                __Guard::~__Guard()
 .text._ZN7arduino10FifoBufferIhLm1024EE9availableEv.isra.7
                0x000052f8       0x2c .pio\build\uno_r4_wifi\lib0bc\libWiFiS3.a(WiFiClient.cpp.o)
 .text._ZN7arduino10FifoBufferIhLm1024EE9nextIndexEm.isra.14
                0x00005324       0x2e .pio\build\uno_r4_wifi\lib0bc\libWiFiS3.a(WiFiClient.cpp.o)
 .text._ZNSt14__shared_countILN9__gnu_cxx12_Lock_policyE0EED2Ev
                0x00005352       0x18 .pio\build\uno_r4_wifi\lib0bc\libWiFiS3.a(WiFiClient.cpp.o)
                0x00005352                std::__shared_count<(__gnu_cxx::_Lock_policy)0>::~__shared_count()
                0x00005352                std::__shared_count<(__gnu_cxx::_Lock_policy)0>::~__shared_count()
 *fill*         0x0000536a        0x2 ff
 .text._ZN10WiFiClientD2Ev
                0x0000536c       0x18 .pio\build\uno_r4_wifi\lib0bc\libWiFiS3.a(WiFiClient.cpp.o)
                0x0000536c                WiFiClient::~WiFiClient()
                0x0000536c                WiFiClient::~WiFiClient()
 .text._ZN10WiFiClient9getSocketEv
                0x00005384       0x80 .pio\build\uno_r4_wifi\lib0bc\libWiFiS3.a(WiFiClient.cpp.o)
                0x00005384                WiFiClient::getSocket()
 .text._ZN10WiFiClient7connectEPKct
                0x00005404       0xb0 .pio\build\uno_r4_wifi\lib0bc\libWiFiS3.a(WiFiClient.cpp.o)
                0x00005404                WiFiClient::connect(char const*, unsigned short)
 .text._ZN10WiFiClient5writeEPKhj
                0x000054b4       0x80 .pio\build\uno_r4_wifi\lib0bc\libWiFiS3.a(WiFiClient.cpp.o)
                0x000054b4                WiFiClient::write(unsigned char const*, unsigned int)
 .text._ZN10WiFiClient9availableEv
                0x00005534       0x98 .pio\build\uno_r4_wifi\lib0bc\libWiFiS3.a(WiFiClient.cpp.o)
                0x00005534                WiFiClient::available()
 .text._ZN10WiFiClient5_readEv
                0x000055cc      0x138 .pio\build\uno_r4_wifi\lib0bc\libWiFiS3.a(WiFiClient.cpp.o)
                0x000055cc                WiFiClient::_read()
 .text._ZN10WiFiClient14read_if_neededEj
                0x00005704       0x22 .pio\build\uno_r4_wifi\lib0bc\libWiFiS3.a(WiFiClient.cpp.o)
                0x00005704                WiFiClient::read_if_needed(unsigned int)
 .text._ZN10WiFiClient4readEPhj
                0x00005726       0x88 .pio\build\uno_r4_wifi\lib0bc\libWiFiS3.a(WiFiClient.cpp.o)
                0x00005726                WiFiClient::read(unsigned char*, unsigned int)
 .text._ZN10WiFiClient4peekEv
                0x000057ae       0x2c .pio\build\uno_r4_wifi\lib0bc\libWiFiS3.a(WiFiClient.cpp.o)
                0x000057ae                WiFiClient::peek()
 *fill*         0x000057da        0x2 ff
 .text._ZN10WiFiClient5flushEv
                0x000057dc       0x60 .pio\build\uno_r4_wifi\lib0bc\libWiFiS3.a(WiFiClient.cpp.o)
                0x000057dc                WiFiClient::flush()
 .text._ZN10WiFiClient4stopEv
                0x0000583c       0x78 .pio\build\uno_r4_wifi\lib0bc\libWiFiS3.a(WiFiClient.cpp.o)
                0x0000583c                WiFiClient::stop()
 .text._ZN10WiFiClient9connectedEv
                0x000058b4       0x80 .pio\build\uno_r4_wifi\lib0bc\libWiFiS3.a(WiFiClient.cpp.o)
                0x000058b4                WiFiClient::connected()
 .text._ZN10WiFiClient8remoteIPEv
                0x00005934       0xa8 .pio\build\uno_r4_wifi\lib0bc\libWiFiS3.a(WiFiClient.cpp.o)
                0x00005934                WiFiClient::remoteIP()
 .text._ZN10WiFiClient10remotePortEv
                0x000059dc       0x74 .pio\build\uno_r4_wifi\lib0bc\libWiFiS3.a(WiFiClient.cpp.o)
                0x000059dc                WiFiClient::remotePort()
 .text._ZNSt12__shared_ptrIN7arduino10FifoBufferIhLm1024EEELN9__gnu_cxx12_Lock_policyE0EEaSEOS5_
                0x00005a50       0x28 .pio\build\uno_r4_wifi\lib0bc\libWiFiS3.a(WiFiClient.cpp.o)
                0x00005a50                std::__shared_ptr<arduino::FifoBuffer<unsigned char, 1024ul>, (__gnu_cxx::_Lock_policy)0>::operator=(std::__shared_ptr<arduino::FifoBuffer<unsigned char, 1024ul>, (__gnu_cxx::_Lock_policy)0>&&)
 .text._ZN10WiFiClientC2Ev
                0x00005a78       0x74 .pio\build\uno_r4_wifi\lib0bc\libWiFiS3.a(WiFiClient.cpp.o)
                0x00005a78                WiFiClient::WiFiClient()
                0x00005a78                WiFiClient::WiFiClient()
 .text._ZNSt7__cxx1112basic_stringIcSt11char_traitsIcESaIcEE9_M_createERjj.isra.21
                0x00005aec       0x34 .pio\build\uno_r4_wifi\lib0bc\libWiFiS3.a(Modem.cpp.o)
 .text._ZN10ModemClassD2Ev
                0x00005b20       0x18 .pio\build\uno_r4_wifi\lib0bc\libWiFiS3.a(Modem.cpp.o)
                0x00005b20                ModemClass::~ModemClass()
                0x00005b20                ModemClass::~ModemClass()
 .text._ZN10ModemClass12write_nowaitERKNSt7__cxx1112basic_stringIcSt11char_traitsIcESaIcEEERS5_PKcz
                0x00005b38       0x6c .pio\build\uno_r4_wifi\lib0bc\libWiFiS3.a(Modem.cpp.o)
                0x00005b38                ModemClass::write_nowait(std::__cxx11::basic_string<char, std::char_traits<char>, std::allocator<char> > const&, std::__cxx11::basic_string<char, std::char_traits<char>, std::allocator<char> >&, char const*, ...)
 .text._ZNKSt7__cxx1112basic_stringIcSt11char_traitsIcESaIcEE7compareEPKc
                0x00005ba4       0x28 .pio\build\uno_r4_wifi\lib0bc\libWiFiS3.a(Modem.cpp.o)
                0x00005ba4                std::__cxx11::basic_string<char, std::char_traits<char>, std::allocator<char> >::compare(char const*) const
 .text._ZNSt7__cxx1112basic_stringIcSt11char_traitsIcESaIcEEC2EPKcRKS3_
                0x00005bcc       0x50 .pio\build\uno_r4_wifi\lib0bc\libWiFiS3.a(Modem.cpp.o)
                0x00005bcc                std::__cxx11::basic_string<char, std::char_traits<char>, std::allocator<char> >::basic_string(char const*, std::allocator<char> const&)
                0x00005bcc                std::__cxx11::basic_string<char, std::char_traits<char>, std::allocator<char> >::basic_string(char const*, std::allocator<char> const&)
 .text._ZNSt7__cxx1112basic_stringIcSt11char_traitsIcESaIcEE9_M_mutateEjjPKcj
                0x00005c1c       0x7e .pio\build\uno_r4_wifi\lib0bc\libWiFiS3.a(Modem.cpp.o)
                0x00005c1c                std::__cxx11::basic_string<char, std::char_traits<char>, std::allocator<char> >::_M_mutate(unsigned int, unsigned int, char const*, unsigned int)
 .text._ZNSt7__cxx1112basic_stringIcSt11char_traitsIcESaIcEE9push_backEc
                0x00005c9a       0x3e .pio\build\uno_r4_wifi\lib0bc\libWiFiS3.a(Modem.cpp.o)
                0x00005c9a                std::__cxx11::basic_string<char, std::char_traits<char>, std::allocator<char> >::push_back(char)
 .text._ZNSt7__cxx1112basic_stringIcSt11char_traitsIcESaIcEE7_S_moveEPcPKcj
                0x00005cd8       0x1a .pio\build\uno_r4_wifi\lib0bc\libWiFiS3.a(Modem.cpp.o)
                0x00005cd8                std::__cxx11::basic_string<char, std::char_traits<char>, std::allocator<char> >::_S_move(char*, char const*, unsigned int)
 *fill*         0x00005cf2        0x2 ff
 .text._ZNSt7__cxx1112basic_stringIcSt11char_traitsIcESaIcEE10_M_replaceEjjPKcj
                0x00005cf4       0xfc .pio\build\uno_r4_wifi\lib0bc\libWiFiS3.a(Modem.cpp.o)
                0x00005cf4                std::__cxx11::basic_string<char, std::char_traits<char>, std::allocator<char> >::_M_replace(unsigned int, unsigned int, char const*, unsigned int)
 .text._ZNSt7__cxx1112basic_stringIcSt11char_traitsIcESaIcEEaSEPKc
                0x00005df0       0x1e .pio\build\uno_r4_wifi\lib0bc\libWiFiS3.a(Modem.cpp.o)
                0x00005df0                std::__cxx11::basic_string<char, std::char_traits<char>, std::allocator<char> >::operator=(char const*)
 *fill*         0x00005e0e        0x2 ff
 .text._ZN10ModemClass8buf_readERKNSt7__cxx1112basic_stringIcSt11char_traitsIcESaIcEEERS5_
                0x00005e10      0x338 .pio\build\uno_r4_wifi\lib0bc\libWiFiS3.a(Modem.cpp.o)
                0x00005e10                ModemClass::buf_read(std::__cxx11::basic_string<char, std::char_traits<char>, std::allocator<char> > const&, std::__cxx11::basic_string<char, std::char_traits<char>, std::allocator<char> >&)
 .text._ZN10ModemClass11passthroughEPKhj
                0x00006148       0xa0 .pio\build\uno_r4_wifi\lib0bc\libWiFiS3.a(Modem.cpp.o)
                0x00006148                ModemClass::passthrough(unsigned char const*, unsigned int)
 .text._ZN10ModemClass5writeERKNSt7__cxx1112basic_stringIcSt11char_traitsIcESaIcEEERS5_PKcz
                0x000061e8       0xdc .pio\build\uno_r4_wifi\lib0bc\libWiFiS3.a(Modem.cpp.o)
                0x000061e8                ModemClass::write(std::__cxx11::basic_string<char, std::char_traits<char>, std::allocator<char> > const&, std::__cxx11::basic_string<char, std::char_traits<char>, std::allocator<char> >&, char const*, ...)
 .text._ZN10ModemClass5beginEii
                0x000062c4       0x94 .pio\build\uno_r4_wifi\lib0bc\libWiFiS3.a(Modem.cpp.o)
                0x000062c4                ModemClass::begin(int, int)
 .text.startup._GLOBAL__sub_I__ZN10ModemClassC2Eii
                0x00006358       0x28 .pio\build\uno_r4_wifi\lib0bc\libWiFiS3.a(Modem.cpp.o)
 .text.exit._GLOBAL__sub_D__ZN10ModemClassC2Eii
                0x00006380        0xc .pio\build\uno_r4_wifi\lib0bc\libWiFiS3.a(Modem.cpp.o)
 .text.startup.main
                0x0000638c        0xa .pio\build\uno_r4_wifi\libFrameworkArduinoVariant.a(main.c.o)
                0x0000638c                main
 .text.PINCOUNT_fn
                0x00006396        0x4 .pio\build\uno_r4_wifi\libFrameworkArduinoVariant.a(variant.cpp.o)
                0x00006396                PINCOUNT_fn
 .text._Z17__maybe_start_usbv
                0x0000639a        0x2 .pio\build\uno_r4_wifi\libFrameworkArduinoVariant.a(variant.cpp.o)
                0x0000639a                __maybe_start_usb()
 .text.initVariant
                0x0000639c       0x9c .pio\build\uno_r4_wifi\libFrameworkArduinoVariant.a(variant.cpp.o)
                0x0000639c                initVariant
 .text.R_FSP_SystemClockHzGet
                0x00006438       0x24 .pio\build\uno_r4_wifi\libFrameworkArduino.a(FspTimer.cpp.o)
 .text._ZN8FspTimer17set_period_countsEhfm.part.2
                0x0000645c      0x158 .pio\build\uno_r4_wifi\libFrameworkArduino.a(FspTimer.cpp.o)
 .text._ZN8FspTimerC2Ev
                0x000065b4       0x18 .pio\build\uno_r4_wifi\libFrameworkArduino.a(FspTimer.cpp.o)
                0x000065b4                FspTimer::FspTimer()
                0x000065b4                FspTimer::FspTimer()
 .text._ZN8FspTimer5beginE12e_timer_modehhmm18e_timer_source_divPFvP22st_timer_callback_argsEPv
                0x000065cc      0x16c .pio\build\uno_r4_wifi\libFrameworkArduino.a(FspTimer.cpp.o)
                0x000065cc                FspTimer::begin(e_timer_mode, unsigned char, unsigned char, unsigned long, unsigned long, e_timer_source_div, void (*)(st_timer_callback_args*), void*)
 .text._ZN8FspTimer19get_available_timerERhb
                0x00006738       0x74 .pio\build\uno_r4_wifi\libFrameworkArduino.a(FspTimer.cpp.o)
                0x00006738                FspTimer::get_available_timer(unsigned char&, bool)
 .text._ZN8FspTimer17set_period_countsEhfm
                0x000067ac       0xd8 .pio\build\uno_r4_wifi\libFrameworkArduino.a(FspTimer.cpp.o)
                0x000067ac                FspTimer::set_period_counts(unsigned char, float, unsigned long)
 .text._ZN8FspTimer5beginE12e_timer_modehhffPFvP22st_timer_callback_argsEPv
                0x00006884       0xb8 .pio\build\uno_r4_wifi\libFrameworkArduino.a(FspTimer.cpp.o)
                0x00006884                FspTimer::begin(e_timer_mode, unsigned char, unsigned char, float, float, void (*)(st_timer_callback_args*), void*)
 .text._ZN8FspTimer14get_period_rawEv
                0x0000693c       0x2c .pio\build\uno_r4_wifi\libFrameworkArduino.a(FspTimer.cpp.o)
                0x0000693c                FspTimer::get_period_raw()
 .text._ZN8FspTimer10set_periodEm
                0x00006968       0x3e .pio\build\uno_r4_wifi\libFrameworkArduino.a(FspTimer.cpp.o)
                0x00006968                FspTimer::set_period(unsigned long)
 .text._ZN8FspTimer17set_period_bufferEb
                0x000069a6       0x58 .pio\build\uno_r4_wifi\libFrameworkArduino.a(FspTimer.cpp.o)
                0x000069a6                FspTimer::set_period_buffer(bool)
 .text._ZN8FspTimer4openEv
                0x000069fe       0x4e .pio\build\uno_r4_wifi\libFrameworkArduino.a(FspTimer.cpp.o)
                0x000069fe                FspTimer::open()
 .text._ZN8FspTimer4stopEv
                0x00006a4c       0x2e .pio\build\uno_r4_wifi\libFrameworkArduino.a(FspTimer.cpp.o)
                0x00006a4c                FspTimer::stop()
 .text._ZN8FspTimer5startEv
                0x00006a7a       0x2e .pio\build\uno_r4_wifi\libFrameworkArduino.a(FspTimer.cpp.o)
                0x00006a7a                FspTimer::start()
 .text._ZN8FspTimer5closeEv
                0x00006aa8       0x2e .pio\build\uno_r4_wifi\libFrameworkArduino.a(FspTimer.cpp.o)
                0x00006aa8                FspTimer::close()
 *fill*         0x00006ad6        0x2 ff
 .text._ZN8FspTimer3endEv
                0x00006ad8       0x48 .pio\build\uno_r4_wifi\libFrameworkArduino.a(FspTimer.cpp.o)
                0x00006ad8                FspTimer::end()
 .text._ZN8FspTimerD2Ev
                0x00006b20        0xc .pio\build\uno_r4_wifi\libFrameworkArduino.a(FspTimer.cpp.o)
                0x00006b20                FspTimer::~FspTimer()
                0x00006b20                FspTimer::~FspTimer()
 .text._ZN8FspTimer15get_cfg_for_irqEv
                0x00006b2c       0x14 .pio\build\uno_r4_wifi\libFrameworkArduino.a(FspTimer.cpp.o)
                0x00006b2c                FspTimer::get_cfg_for_irq()
 .text._ZN8FspTimer9is_openedEv
                0x00006b40       0x18 .pio\build\uno_r4_wifi\libFrameworkArduino.a(FspTimer.cpp.o)
                0x00006b40                FspTimer::is_opened()
 .text._ZN8FspTimer18setup_overflow_irqEhPFvvE
                0x00006b58       0x4e .pio\build\uno_r4_wifi\libFrameworkArduino.a(FspTimer.cpp.o)
                0x00006b58                FspTimer::setup_overflow_irq(unsigned char, void (*)())
 *fill*         0x00006ba6        0x2 ff
 .text.__NVIC_SetPriority
                0x00006ba8       0x28 .pio\build\uno_r4_wifi\libFrameworkArduino.a(IRQManager.cpp.o)
 .text.R_BSP_IrqEnable
                0x00006bd0       0x34 .pio\build\uno_r4_wifi\libFrameworkArduino.a(IRQManager.cpp.o)
 .text.R_BSP_IrqDisable
                0x00006c04       0x24 .pio\build\uno_r4_wifi\libFrameworkArduino.a(IRQManager.cpp.o)
 .text.__tcf_0  0x00006c28        0x2 .pio\build\uno_r4_wifi\libFrameworkArduino.a(IRQManager.cpp.o)
 *fill*         0x00006c2a        0x2 ff
 .text._ZN10IRQManager11getInstanceEv
                0x00006c2c       0x38 .pio\build\uno_r4_wifi\libFrameworkArduino.a(IRQManager.cpp.o)
                0x00006c2c                IRQManager::getInstance()
 .text._ZN10IRQManager18set_ext_link_eventEii
                0x00006c64       0xc8 .pio\build\uno_r4_wifi\libFrameworkArduino.a(IRQManager.cpp.o)
                0x00006c64                IRQManager::set_ext_link_event(int, int)
 .text._ZN10IRQManager23set_gpt_over_link_eventEii
                0x00006d2c       0x70 .pio\build\uno_r4_wifi\libFrameworkArduino.a(IRQManager.cpp.o)
                0x00006d2c                IRQManager::set_gpt_over_link_event(int, int)
 .text._ZN10IRQManager18set_agt_link_eventEii
                0x00006d9c       0x28 .pio\build\uno_r4_wifi\libFrameworkArduino.a(IRQManager.cpp.o)
                0x00006d9c                IRQManager::set_agt_link_event(int, int)
 .text._ZN10IRQManager16addTimerOverflowER5timerPFvvE
                0x00006dc4       0x80 .pio\build\uno_r4_wifi\libFrameworkArduino.a(IRQManager.cpp.o)
                0x00006dc4                IRQManager::addTimerOverflow(timer&, void (*)())
 .text._ZN10IRQManager21set_iic_tx_link_eventEii
                0x00006e44       0x20 .pio\build\uno_r4_wifi\libFrameworkArduino.a(IRQManager.cpp.o)
                0x00006e44                IRQManager::set_iic_tx_link_event(int, int)
 .text._ZN10IRQManager21set_iic_rx_link_eventEii
                0x00006e64       0x20 .pio\build\uno_r4_wifi\libFrameworkArduino.a(IRQManager.cpp.o)
                0x00006e64                IRQManager::set_iic_rx_link_event(int, int)
 .text._ZN10IRQManager22set_iic_tei_link_eventEii
                0x00006e84       0x20 .pio\build\uno_r4_wifi\libFrameworkArduino.a(IRQManager.cpp.o)
                0x00006e84                IRQManager::set_iic_tei_link_event(int, int)
 .text._ZN10IRQManager22set_iic_eri_link_eventEii
                0x00006ea4       0x20 .pio\build\uno_r4_wifi\libFrameworkArduino.a(IRQManager.cpp.o)
                0x00006ea4                IRQManager::set_iic_eri_link_event(int, int)
 .text._ZN10IRQManager21set_sci_tx_link_eventEii
                0x00006ec4       0x38 .pio\build\uno_r4_wifi\libFrameworkArduino.a(IRQManager.cpp.o)
                0x00006ec4                IRQManager::set_sci_tx_link_event(int, int)
 .text._ZN10IRQManager21set_sci_rx_link_eventEii
                0x00006efc       0x38 .pio\build\uno_r4_wifi\libFrameworkArduino.a(IRQManager.cpp.o)
                0x00006efc                IRQManager::set_sci_rx_link_event(int, int)
 .text._ZN10IRQManager22set_sci_tei_link_eventEii
                0x00006f34       0x38 .pio\build\uno_r4_wifi\libFrameworkArduino.a(IRQManager.cpp.o)
                0x00006f34                IRQManager::set_sci_tei_link_event(int, int)
 .text._ZN10IRQManager22set_sci_eri_link_eventEii
                0x00006f6c       0x38 .pio\build\uno_r4_wifi\libFrameworkArduino.a(IRQManager.cpp.o)
                0x00006f6c                IRQManager::set_sci_eri_link_event(int, int)
 .text._ZN10IRQManager21set_spi_tx_link_eventEii
                0x00006fa4       0x20 .pio\build\uno_r4_wifi\libFrameworkArduino.a(IRQManager.cpp.o)
                0x00006fa4                IRQManager::set_spi_tx_link_event(int, int)
 .text._ZN10IRQManager21set_spi_rx_link_eventEii
                0x00006fc4       0x20 .pio\build\uno_r4_wifi\libFrameworkArduino.a(IRQManager.cpp.o)
                0x00006fc4                IRQManager::set_spi_rx_link_event(int, int)
 .text._ZN10IRQManager22set_spi_tei_link_eventEii
                0x00006fe4       0x20 .pio\build\uno_r4_wifi\libFrameworkArduino.a(IRQManager.cpp.o)
                0x00006fe4                IRQManager::set_spi_tei_link_event(int, int)
 .text._ZN10IRQManager22set_spi_eri_link_eventEii
                0x00007004       0x20 .pio\build\uno_r4_wifi\libFrameworkArduino.a(IRQManager.cpp.o)
                0x00007004                IRQManager::set_spi_eri_link_event(int, int)
 .text._ZN10IRQManager13addPeripheralE12Peripheral_tPv
                0x00007024      0x904 .pio\build\uno_r4_wifi\libFrameworkArduino.a(IRQManager.cpp.o)
                0x00007024                IRQManager::addPeripheral(Peripheral_t, void*)
 .text._ZN4UARTcvbEv
                0x00007928        0x4 .pio\build\uno_r4_wifi\libFrameworkArduino.a(Serial.cpp.o)
                0x00007928                UART::operator bool()
 .text._ZN4UART5beginEm
                0x0000792c        0xa .pio\build\uno_r4_wifi\libFrameworkArduino.a(Serial.cpp.o)
                0x0000792c                UART::begin(unsigned long)
 .text._ZN4UART5flushEv
                0x00007936        0xa .pio\build\uno_r4_wifi\libFrameworkArduino.a(Serial.cpp.o)
                0x00007936                UART::flush()
 .text._ZN4UART4peekEv
                0x00007940       0x18 .pio\build\uno_r4_wifi\libFrameworkArduino.a(Serial.cpp.o)
                0x00007940                UART::peek()
 .text._ZN4UART5writeEh
                0x00007958       0x34 .pio\build\uno_r4_wifi\libFrameworkArduino.a(Serial.cpp.o)
                0x00007958                UART::write(unsigned char)
 .text._ZN4UART3endEv
                0x0000798c       0x22 .pio\build\uno_r4_wifi\libFrameworkArduino.a(Serial.cpp.o)
                0x0000798c                UART::end()
 .text._ZN4UART9availableEv
                0x000079ae       0x32 .pio\build\uno_r4_wifi\libFrameworkArduino.a(Serial.cpp.o)
                0x000079ae                UART::available()
 .text._ZN4UART15WrapperCallbackEP20st_uart_callback_arg
                0x000079e0       0x90 .pio\build\uno_r4_wifi\libFrameworkArduino.a(Serial.cpp.o)
                0x000079e0                UART::WrapperCallback(st_uart_callback_arg*)
 .text._ZN4UART4readEv
                0x00007a70       0x5c .pio\build\uno_r4_wifi\libFrameworkArduino.a(Serial.cpp.o)
                0x00007a70                UART::read()
 .text._ZN4UARTC2Eiiii
                0x00007acc       0x78 .pio\build\uno_r4_wifi\libFrameworkArduino.a(Serial.cpp.o)
                0x00007acc                UART::UART(int, int, int, int)
                0x00007acc                UART::UART(int, int, int, int)
 .text._ZN4UART13setUpUartIrqsER11st_uart_cfg
                0x00007b44       0x14 .pio\build\uno_r4_wifi\libFrameworkArduino.a(Serial.cpp.o)
                0x00007b44                UART::setUpUartIrqs(st_uart_cfg&)
 .text._ZN4UART5writeEPhj
                0x00007b58       0x2e .pio\build\uno_r4_wifi\libFrameworkArduino.a(Serial.cpp.o)
                0x00007b58                UART::write(unsigned char*, unsigned int)
 *fill*         0x00007b86        0x2 ff
 .text._ZN4UART8cfg_pinsEi
                0x00007b88       0xe8 .pio\build\uno_r4_wifi\libFrameworkArduino.a(Serial.cpp.o)
                0x00007b88                UART::cfg_pins(int)
 .text._ZN4UART5beginEmt
                0x00007c70      0x1a8 .pio\build\uno_r4_wifi\libFrameworkArduino.a(Serial.cpp.o)
                0x00007c70                UART::begin(unsigned long, unsigned short)
 .text._ZN4UART9write_rawEPhj
                0x00007e18       0x1e .pio\build\uno_r4_wifi\libFrameworkArduino.a(Serial.cpp.o)
                0x00007e18                UART::write_raw(unsigned char*, unsigned int)
 *fill*         0x00007e36        0x2 ff
 .text.startup._GLOBAL__sub_I__UART1_
                0x00007e38       0x1c .pio\build\uno_r4_wifi\libFrameworkArduino.a(SerialObj1.cpp.o)
 .text.startup._GLOBAL__sub_I__UART3_
                0x00007e54       0x1c .pio\build\uno_r4_wifi\libFrameworkArduino.a(SerialObj3.cpp.o)
 .text._ZL13readAllGroupAP13ADC_Container
                0x00007e70       0x2c .pio\build\uno_r4_wifi\libFrameworkArduino.a(analog.cpp.o)
 .text._ZL11ADC_irq_cbkP20st_adc_callback_args
                0x00007e9c       0x58 .pio\build\uno_r4_wifi\libFrameworkArduino.a(analog.cpp.o)
 .text._ZL10adcConvertP13ADC_Containert
                0x00007ef4       0xa4 .pio\build\uno_r4_wifi\libFrameworkArduino.a(analog.cpp.o)
 .text._ZL21get_ADC_container_ptrlRt.constprop.4
                0x00007f98       0x38 .pio\build\uno_r4_wifi\libFrameworkArduino.a(analog.cpp.o)
 .text._ZN13ADC_ContainerC2EhPFvP20st_adc_callback_argsEPv
                0x00007fd0       0x6e .pio\build\uno_r4_wifi\libFrameworkArduino.a(analog.cpp.o)
                0x00007fd0                ADC_Container::ADC_Container(unsigned char, void (*)(st_adc_callback_args*), void*)
                0x00007fd0                ADC_Container::ADC_Container(unsigned char, void (*)(st_adc_callback_args*), void*)
 .text._ZN13ADC_ContainerD2Ev
                0x0000803e       0x12 .pio\build\uno_r4_wifi\libFrameworkArduino.a(analog.cpp.o)
                0x0000803e                ADC_Container::~ADC_Container()
                0x0000803e                ADC_Container::~ADC_Container()
 .text.analogRead
                0x00008050       0x3c .pio\build\uno_r4_wifi\libFrameworkArduino.a(analog.cpp.o)
                0x00008050                analogRead
 .text.analogReference
                0x0000808c       0x5c .pio\build\uno_r4_wifi\libFrameworkArduino.a(analog.cpp.o)
                0x0000808c                analogReference
 .text._Z15analogReferencev
                0x000080e8      0x10c .pio\build\uno_r4_wifi\libFrameworkArduino.a(analog.cpp.o)
                0x000080e8                analogReference()
 .text._Z23__get_timer_for_channeli
                0x000081f4       0x2c .pio\build\uno_r4_wifi\libFrameworkArduino.a(analog.cpp.o)
                0x000081f4                __get_timer_for_channel(int)
 .text.startup._GLOBAL__sub_I__ZN13ADC_ContainerC2EhPFvP20st_adc_callback_argsEPv
                0x00008220       0x4c .pio\build\uno_r4_wifi\libFrameworkArduino.a(analog.cpp.o)
 .text.exit._GLOBAL__sub_D__ZN13ADC_ContainerC2EhPFvP20st_adc_callback_argsEPv
                0x0000826c       0x1c .pio\build\uno_r4_wifi\libFrameworkArduino.a(analog.cpp.o)
 .text._Z3maplllll
                0x00008288       0x14 .pio\build\uno_r4_wifi\libFrameworkArduino.a(Common.cpp.o)
                0x00008288                map(long, long, long, long, long)
 .text._ZNK7arduino9IPAddress7printToERNS_5PrintE
                0x0000829c      0x17c .pio\build\uno_r4_wifi\libFrameworkArduino.a(IPAddress.cpp.o)
                0x0000829c                arduino::IPAddress::printTo(arduino::Print&) const
 .text._ZN7arduino9IPAddressC2ENS_6IPTypeE
                0x00008418       0x1c .pio\build\uno_r4_wifi\libFrameworkArduino.a(IPAddress.cpp.o)
                0x00008418                arduino::IPAddress::IPAddress(arduino::IPType)
                0x00008418                arduino::IPAddress::IPAddress(arduino::IPType)
 .text._ZN7arduino9IPAddressC2Ev
                0x00008434        0xe .pio\build\uno_r4_wifi\libFrameworkArduino.a(IPAddress.cpp.o)
                0x00008434                arduino::IPAddress::IPAddress()
                0x00008434                arduino::IPAddress::IPAddress()
 *fill*         0x00008442        0x2 ff
 .text._ZN7arduino9IPAddressC2Ehhhh
                0x00008444       0x30 .pio\build\uno_r4_wifi\libFrameworkArduino.a(IPAddress.cpp.o)
                0x00008444                arduino::IPAddress::IPAddress(unsigned char, unsigned char, unsigned char, unsigned char)
                0x00008444                arduino::IPAddress::IPAddress(unsigned char, unsigned char, unsigned char, unsigned char)
 .text._ZNK7arduino9IPAddress9toString4Ev
                0x00008474       0x34 .pio\build\uno_r4_wifi\libFrameworkArduino.a(IPAddress.cpp.o)
                0x00008474                arduino::IPAddress::toString4() const
 .text._ZNK7arduino9IPAddress9toString6Ev
                0x000084a8       0x60 .pio\build\uno_r4_wifi\libFrameworkArduino.a(IPAddress.cpp.o)
                0x000084a8                arduino::IPAddress::toString6() const
 .text._ZNK7arduino9IPAddress8toStringEv
                0x00008508       0x16 .pio\build\uno_r4_wifi\libFrameworkArduino.a(IPAddress.cpp.o)
                0x00008508                arduino::IPAddress::toString() const
 .text._ZN7arduino9IPAddress11fromString4EPKc
                0x0000851e       0x70 .pio\build\uno_r4_wifi\libFrameworkArduino.a(IPAddress.cpp.o)
                0x0000851e                arduino::IPAddress::fromString4(char const*)
 .text._ZN7arduino9IPAddress11fromString6EPKc
                0x0000858e       0xfa .pio\build\uno_r4_wifi\libFrameworkArduino.a(IPAddress.cpp.o)
                0x0000858e                arduino::IPAddress::fromString6(char const*)
 .text._ZN7arduino9IPAddress10fromStringEPKc
                0x00008688       0x1a .pio\build\uno_r4_wifi\libFrameworkArduino.a(IPAddress.cpp.o)
                0x00008688                arduino::IPAddress::fromString(char const*)
 *fill*         0x000086a2        0x2 ff
 .text.startup._GLOBAL__sub_I__ZN7arduino9IPAddressC2Ev
                0x000086a4       0x28 .pio\build\uno_r4_wifi\libFrameworkArduino.a(IPAddress.cpp.o)
 .text._ZN7arduino5Print5writeEPKhj
                0x000086cc       0x2c .pio\build\uno_r4_wifi\libFrameworkArduino.a(Print.cpp.o)
                0x000086cc                arduino::Print::write(unsigned char const*, unsigned int)
 .text._ZN7arduino5Print5writeEPKc.part.2
                0x000086f8       0x1e .pio\build\uno_r4_wifi\libFrameworkArduino.a(Print.cpp.o)
 .text._ZN7arduino5Print5writeEPKc
                0x00008716        0xa .pio\build\uno_r4_wifi\libFrameworkArduino.a(Print.cpp.o)
                0x00008716                arduino::Print::write(char const*)
 .text._ZN7arduino5Print5printEPKc
                0x00008720        0x8 .pio\build\uno_r4_wifi\libFrameworkArduino.a(Print.cpp.o)
                0x00008720                arduino::Print::print(char const*)
 .text._ZN7arduino5Print5printEc
                0x00008728        0x8 .pio\build\uno_r4_wifi\libFrameworkArduino.a(Print.cpp.o)
                0x00008728                arduino::Print::print(char)
 .text._ZN7arduino5Print5printERKNS_9PrintableE
                0x00008730        0xc .pio\build\uno_r4_wifi\libFrameworkArduino.a(Print.cpp.o)
                0x00008730                arduino::Print::print(arduino::Printable const&)
 .text._ZN7arduino5Print7printlnEv
                0x0000873c        0xc .pio\build\uno_r4_wifi\libFrameworkArduino.a(Print.cpp.o)
                0x0000873c                arduino::Print::println()
 .text._ZN7arduino5Print7printlnEPKc
                0x00008748       0x14 .pio\build\uno_r4_wifi\libFrameworkArduino.a(Print.cpp.o)
                0x00008748                arduino::Print::println(char const*)
 .text._ZN7arduino5Print7printlnERKNS_9PrintableE
                0x0000875c       0x14 .pio\build\uno_r4_wifi\libFrameworkArduino.a(Print.cpp.o)
                0x0000875c                arduino::Print::println(arduino::Printable const&)
 .text._ZN7arduino5Print11printNumberEmh
                0x00008770       0x3c .pio\build\uno_r4_wifi\libFrameworkArduino.a(Print.cpp.o)
                0x00008770                arduino::Print::printNumber(unsigned long, unsigned char)
 .text._ZN7arduino5Print5printEli
                0x000087ac       0x44 .pio\build\uno_r4_wifi\libFrameworkArduino.a(Print.cpp.o)
                0x000087ac                arduino::Print::print(long, int)
 .text._ZN7arduino5Print5printEii
                0x000087f0        0x4 .pio\build\uno_r4_wifi\libFrameworkArduino.a(Print.cpp.o)
                0x000087f0                arduino::Print::print(int, int)
 .text._ZN7arduino5Print7printlnEii
                0x000087f4       0x14 .pio\build\uno_r4_wifi\libFrameworkArduino.a(Print.cpp.o)
                0x000087f4                arduino::Print::println(int, int)
 .text._ZN7arduino5Print5printEmi
                0x00008808       0x1a .pio\build\uno_r4_wifi\libFrameworkArduino.a(Print.cpp.o)
                0x00008808                arduino::Print::print(unsigned long, int)
 .text._ZN7arduino5Print5printEhi
                0x00008822        0x4 .pio\build\uno_r4_wifi\libFrameworkArduino.a(Print.cpp.o)
                0x00008822                arduino::Print::print(unsigned char, int)
 .text._ZN7arduino5Print5printEji
                0x00008826        0x4 .pio\build\uno_r4_wifi\libFrameworkArduino.a(Print.cpp.o)
                0x00008826                arduino::Print::print(unsigned int, int)
 .text._ZN7arduino6StringD2Ev
                0x0000882a       0x10 .pio\build\uno_r4_wifi\libFrameworkArduino.a(String.cpp.o)
                0x0000882a                arduino::String::~String()
                0x0000882a                arduino::String::~String()
 .text._ZN7arduino6String10invalidateEv
                0x0000883a       0x16 .pio\build\uno_r4_wifi\libFrameworkArduino.a(String.cpp.o)
                0x0000883a                arduino::String::invalidate()
 .text._ZN7arduino6String12changeBufferEj
                0x00008850       0x18 .pio\build\uno_r4_wifi\libFrameworkArduino.a(String.cpp.o)
                0x00008850                arduino::String::changeBuffer(unsigned int)
 .text._ZN7arduino6String7reserveEj
                0x00008868       0x28 .pio\build\uno_r4_wifi\libFrameworkArduino.a(String.cpp.o)
                0x00008868                arduino::String::reserve(unsigned int)
 .text._ZN7arduino6String4copyEPKcj
                0x00008890       0x30 .pio\build\uno_r4_wifi\libFrameworkArduino.a(String.cpp.o)
                0x00008890                arduino::String::copy(char const*, unsigned int)
 .text._ZN7arduino6StringC2EPKc
                0x000088c0       0x24 .pio\build\uno_r4_wifi\libFrameworkArduino.a(String.cpp.o)
                0x000088c0                arduino::String::String(char const*)
                0x000088c0                arduino::String::String(char const*)
 .text._ZN7arduino6StringaSEPKc.part.4
                0x000088e4       0x1a .pio\build\uno_r4_wifi\libFrameworkArduino.a(String.cpp.o)
 .text._ZN7arduino6String4moveERS0_
                0x000088fe       0x26 .pio\build\uno_r4_wifi\libFrameworkArduino.a(String.cpp.o)
                0x000088fe                arduino::String::move(arduino::String&)
 .text._ZN7arduino6StringaSEOS0_
                0x00008924        0xc .pio\build\uno_r4_wifi\libFrameworkArduino.a(String.cpp.o)
                0x00008924                arduino::String::operator=(arduino::String&&)
 .text._ZN7arduino6StringaSEPKc
                0x00008930       0x14 .pio\build\uno_r4_wifi\libFrameworkArduino.a(String.cpp.o)
                0x00008930                arduino::String::operator=(char const*)
 .text._ZN7arduino6String6concatEPKcj
                0x00008944       0x42 .pio\build\uno_r4_wifi\libFrameworkArduino.a(String.cpp.o)
                0x00008944                arduino::String::concat(char const*, unsigned int)
 .text._ZN7arduino6String6concatEc
                0x00008986       0x16 .pio\build\uno_r4_wifi\libFrameworkArduino.a(String.cpp.o)
                0x00008986                arduino::String::concat(char)
 .text._ZNK7arduino6String9compareToEPKc
                0x0000899c       0x2a .pio\build\uno_r4_wifi\libFrameworkArduino.a(String.cpp.o)
                0x0000899c                arduino::String::compareTo(char const*) const
 .text._ZNK7arduino6String6equalsEPKc
                0x000089c6       0x28 .pio\build\uno_r4_wifi\libFrameworkArduino.a(String.cpp.o)
                0x000089c6                arduino::String::equals(char const*) const
 .text._ZNK7arduino6String8endsWithERKS0_
                0x000089ee       0x2a .pio\build\uno_r4_wifi\libFrameworkArduino.a(String.cpp.o)
                0x000089ee                arduino::String::endsWith(arduino::String const&) const
 .text._ZN4CDacC2Eh
                0x00008a18       0x6c .pio\build\uno_r4_wifi\libFrameworkArduino.a(dac.cpp.o)
                0x00008a18                CDac::CDac(unsigned char)
                0x00008a18                CDac::CDac(unsigned char)
 .text.startup._GLOBAL__sub_I__ZN4CDacC2Eh
                0x00008a84        0xc .pio\build\uno_r4_wifi\libFrameworkArduino.a(dac.cpp.o)
 .text.pinMode  0x00008a90       0x30 .pio\build\uno_r4_wifi\libFrameworkArduino.a(digital.cpp.o)
                0x00008a90                pinMode
 .text.digitalWrite
                0x00008ac0       0x18 .pio\build\uno_r4_wifi\libFrameworkArduino.a(digital.cpp.o)
                0x00008ac0                digitalWrite
 .text.digitalRead
                0x00008ad8       0x28 .pio\build\uno_r4_wifi\libFrameworkArduino.a(digital.cpp.o)
                0x00008ad8                digitalRead
 .text.R_BSP_PinAccessEnable
                0x00008b00       0x2c .pio\build\uno_r4_wifi\libFrameworkArduino.a(main.cpp.o)
 .text.start_freertos_on_header_inclusion
                0x00008b2c        0x2 .pio\build\uno_r4_wifi\libFrameworkArduino.a(main.cpp.o)
                0x00008b2c                start_freertos_on_header_inclusion
 .text.early_start_freertos_on_header_inclusion
                0x00008b2e        0x2 .pio\build\uno_r4_wifi\libFrameworkArduino.a(main.cpp.o)
                0x00008b2e                early_start_freertos_on_header_inclusion
 .text._Z12arduino_mainv
                0x00008b30       0x94 .pio\build\uno_r4_wifi\libFrameworkArduino.a(main.cpp.o)
                0x00008b30                arduino_main()
 .text._write   0x00008bc4        0xc .pio\build\uno_r4_wifi\libFrameworkArduino.a(main.cpp.o)
                0x00008bc4                _write
 .text.hal_entry
                0x00008bd0        0x6 .pio\build\uno_r4_wifi\libFrameworkArduino.a(main.cpp.o)
                0x00008bd0                hal_entry
 .text.atexit   0x00008bd6        0x4 .pio\build\uno_r4_wifi\libFrameworkArduino.a(main.cpp.o)
                0x00008bd6                atexit
 *fill*         0x00008bda        0x2 ff
 .text._Z13pinPeripheral19e_bsp_io_port_pin_tm
                0x00008bdc       0x10 .pio\build\uno_r4_wifi\libFrameworkArduino.a(pinDefinitions.cpp.o)
                0x00008bdc                pinPeripheral(e_bsp_io_port_pin_t, unsigned long)
 .text._ZL21timer_micros_callbackP22st_timer_callback_args
                0x00008bec       0x10 .pio\build\uno_r4_wifi\libFrameworkArduino.a(time.cpp.o)
 .text.delayMicroseconds
                0x00008bfc        0x6 .pio\build\uno_r4_wifi\libFrameworkArduino.a(time.cpp.o)
                0x00008bfc                delayMicroseconds
 .text.yield    0x00008c02        0x2 .pio\build\uno_r4_wifi\libFrameworkArduino.a(time.cpp.o)
                0x00008c02                yield
 .text.delay    0x00008c04       0x1c .pio\build\uno_r4_wifi\libFrameworkArduino.a(time.cpp.o)
                0x00008c04                delay
 .text._Z8startAgtv
                0x00008c20       0x6c .pio\build\uno_r4_wifi\libFrameworkArduino.a(time.cpp.o)
                0x00008c20                startAgt()
 .text.millis   0x00008c8c        0xc .pio\build\uno_r4_wifi\libFrameworkArduino.a(time.cpp.o)
                0x00008c8c                millis
 .text.startup._GLOBAL__sub_I_delayMicroseconds
                0x00008c98        0xc .pio\build\uno_r4_wifi\libFrameworkArduino.a(time.cpp.o)
 .text.exit._GLOBAL__sub_D_delayMicroseconds
                0x00008ca4        0xc .pio\build\uno_r4_wifi\libFrameworkArduino.a(time.cpp.o)
 .text._Z10getPinCfgsh11PinCfgReq_t
                0x00008cb0       0xe0 .pio\build\uno_r4_wifi\libFrameworkArduino.a(variant_helper.cpp.o)
                0x00008cb0                getPinCfgs(unsigned char, PinCfgReq_t)
 .text.dump_stack
                0x00008d90       0x7c .pio\build\uno_r4_wifi\libFrameworkArduino.a(cm_backtrace.c.o)
 .text.cm_backtrace_init
                0x00008e0c       0x74 .pio\build\uno_r4_wifi\libFrameworkArduino.a(cm_backtrace.c.o)
                0x00008e0c                cm_backtrace_init
 .text.cm_backtrace_firmware_info
                0x00008e80       0x2c .pio\build\uno_r4_wifi\libFrameworkArduino.a(cm_backtrace.c.o)
                0x00008e80                cm_backtrace_firmware_info
 .text.cm_backtrace_call_stack
                0x00008eac       0xe4 .pio\build\uno_r4_wifi\libFrameworkArduino.a(cm_backtrace.c.o)
                0x00008eac                cm_backtrace_call_stack
 .text.print_call_stack
                0x00008f90       0x94 .pio\build\uno_r4_wifi\libFrameworkArduino.a(cm_backtrace.c.o)
 .text.cm_backtrace_fault
                0x00009024      0x470 .pio\build\uno_r4_wifi\libFrameworkArduino.a(cm_backtrace.c.o)
                0x00009024                cm_backtrace_fault
 .text.Stacktrace_Handler
                0x00009494        0xa .pio\build\uno_r4_wifi\libFrameworkArduino.a(cortex_handlers.c.o)
                0x00009494                Stacktrace_Handler
 *fill*         0x0000949e        0x2 ff
 .text.r_spi_call_callback
                0x000094a0       0x40 C:\Users\83tuc\.platformio\packages\framework-arduinorenesas-uno\variants\UNOWIFIR4\libs\libfsp.a(r_spi.o)
 .text.spi_rxi_isr
                0x000094e0       0x9c C:\Users\83tuc\.platformio\packages\framework-arduinorenesas-uno\variants\UNOWIFIR4\libs\libfsp.a(r_spi.o)
                0x000094e0                spi_rxi_isr
 .text.spi_txi_isr
                0x0000957c       0xd8 C:\Users\83tuc\.platformio\packages\framework-arduinorenesas-uno\variants\UNOWIFIR4\libs\libfsp.a(r_spi.o)
                0x0000957c                spi_txi_isr
 .text.spi_tei_isr
                0x00009654       0xe0 C:\Users\83tuc\.platformio\packages\framework-arduinorenesas-uno\variants\UNOWIFIR4\libs\libfsp.a(r_spi.o)
                0x00009654                spi_tei_isr
 .text.spi_eri_isr
                0x00009734       0xdc C:\Users\83tuc\.platformio\packages\framework-arduinorenesas-uno\variants\UNOWIFIR4\libs\libfsp.a(r_spi.o)
                0x00009734                spi_eri_isr
 .text.R_SCI_UART_Write
                0x00009810       0xb0 C:\Users\83tuc\.platformio\packages\framework-arduinorenesas-uno\variants\UNOWIFIR4\libs\libfsp.a(r_sci_uart.o)
                0x00009810                R_SCI_UART_Write
 .text.R_SCI_UART_BaudSet
                0x000098c0       0x44 C:\Users\83tuc\.platformio\packages\framework-arduinorenesas-uno\variants\UNOWIFIR4\libs\libfsp.a(r_sci_uart.o)
                0x000098c0                R_SCI_UART_BaudSet
 .text.R_SCI_UART_Close
                0x00009904       0xd8 C:\Users\83tuc\.platformio\packages\framework-arduinorenesas-uno\variants\UNOWIFIR4\libs\libfsp.a(r_sci_uart.o)
                0x00009904                R_SCI_UART_Close
 .text.r_sci_uart_call_callback
                0x000099dc       0x44 C:\Users\83tuc\.platformio\packages\framework-arduinorenesas-uno\variants\UNOWIFIR4\libs\libfsp.a(r_sci_uart.o)
 .text.r_sci_uart_transfer_configure.isra.0
                0x00009a20       0x38 C:\Users\83tuc\.platformio\packages\framework-arduinorenesas-uno\variants\UNOWIFIR4\libs\libfsp.a(r_sci_uart.o)
 .text.R_SCI_UART_Open
                0x00009a58      0x448 C:\Users\83tuc\.platformio\packages\framework-arduinorenesas-uno\variants\UNOWIFIR4\libs\libfsp.a(r_sci_uart.o)
                0x00009a58                R_SCI_UART_Open
 .text.R_SCI_UART_BaudCalculate
                0x00009ea0      0x184 C:\Users\83tuc\.platformio\packages\framework-arduinorenesas-uno\variants\UNOWIFIR4\libs\libfsp.a(r_sci_uart.o)
                0x00009ea0                R_SCI_UART_BaudCalculate
 .text.sci_uart_txi_isr
                0x0000a024       0xec C:\Users\83tuc\.platformio\packages\framework-arduinorenesas-uno\variants\UNOWIFIR4\libs\libfsp.a(r_sci_uart.o)
                0x0000a024                sci_uart_txi_isr
 .text.sci_uart_rxi_isr
                0x0000a110      0x184 C:\Users\83tuc\.platformio\packages\framework-arduinorenesas-uno\variants\UNOWIFIR4\libs\libfsp.a(r_sci_uart.o)
                0x0000a110                sci_uart_rxi_isr
 .text.sci_uart_tei_isr
                0x0000a294       0x40 C:\Users\83tuc\.platformio\packages\framework-arduinorenesas-uno\variants\UNOWIFIR4\libs\libfsp.a(r_sci_uart.o)
                0x0000a294                sci_uart_tei_isr
 .text.sci_uart_eri_isr
                0x0000a2d4       0x78 C:\Users\83tuc\.platformio\packages\framework-arduinorenesas-uno\variants\UNOWIFIR4\libs\libfsp.a(r_sci_uart.o)
                0x0000a2d4                sci_uart_eri_isr
 .text.r_sci_spi_call_callback
                0x0000a34c       0x40 C:\Users\83tuc\.platformio\packages\framework-arduinorenesas-uno\variants\UNOWIFIR4\libs\libfsp.a(r_sci_spi.o)
 .text.sci_spi_txi_isr
                0x0000a38c       0x68 C:\Users\83tuc\.platformio\packages\framework-arduinorenesas-uno\variants\UNOWIFIR4\libs\libfsp.a(r_sci_spi.o)
                0x0000a38c                sci_spi_txi_isr
 .text.sci_spi_rxi_isr
                0x0000a3f4       0x74 C:\Users\83tuc\.platformio\packages\framework-arduinorenesas-uno\variants\UNOWIFIR4\libs\libfsp.a(r_sci_spi.o)
                0x0000a3f4                sci_spi_rxi_isr
 .text.sci_spi_tei_isr
                0x0000a468       0x3c C:\Users\83tuc\.platformio\packages\framework-arduinorenesas-uno\variants\UNOWIFIR4\libs\libfsp.a(r_sci_spi.o)
                0x0000a468                sci_spi_tei_isr
 .text.sci_spi_eri_isr
                0x0000a4a4       0x44 C:\Users\83tuc\.platformio\packages\framework-arduinorenesas-uno\variants\UNOWIFIR4\libs\libfsp.a(r_sci_spi.o)
                0x0000a4a4                sci_spi_eri_isr
 .text.sci_i2c_enable_transfer_support_tx
                0x0000a4e8       0x34 C:\Users\83tuc\.platformio\packages\framework-arduinorenesas-uno\variants\UNOWIFIR4\libs\libfsp.a(r_sci_i2c.o)
 .text.sci_i2c_notify
                0x0000a51c       0x64 C:\Users\83tuc\.platformio\packages\framework-arduinorenesas-uno\variants\UNOWIFIR4\libs\libfsp.a(r_sci_i2c.o)
                0x0000a51c                sci_i2c_notify
 .text.sci_i2c_rxi_isr
                0x0000a580       0x20 C:\Users\83tuc\.platformio\packages\framework-arduinorenesas-uno\variants\UNOWIFIR4\libs\libfsp.a(r_sci_i2c.o)
                0x0000a580                sci_i2c_rxi_isr
 .text.sci_i2c_txi_isr
                0x0000a5a0      0x198 C:\Users\83tuc\.platformio\packages\framework-arduinorenesas-uno\variants\UNOWIFIR4\libs\libfsp.a(r_sci_i2c.o)
                0x0000a5a0                sci_i2c_txi_isr
 .text.sci_i2c_tei_isr
                0x0000a738       0xf0 C:\Users\83tuc\.platformio\packages\framework-arduinorenesas-uno\variants\UNOWIFIR4\libs\libfsp.a(r_sci_i2c.o)
                0x0000a738                sci_i2c_tei_isr
 .text.rtc_alarm_periodic_isr
                0x0000a828       0x68 C:\Users\83tuc\.platformio\packages\framework-arduinorenesas-uno\variants\UNOWIFIR4\libs\libfsp.a(r_rtc.o)
                0x0000a828                rtc_alarm_periodic_isr
 .text.rtc_carry_isr
                0x0000a890       0x2c C:\Users\83tuc\.platformio\packages\framework-arduinorenesas-uno\variants\UNOWIFIR4\libs\libfsp.a(r_rtc.o)
                0x0000a890                rtc_carry_isr
 .text.R_IOPORT_PinRead
                0x0000a8bc       0x1c C:\Users\83tuc\.platformio\packages\framework-arduinorenesas-uno\variants\UNOWIFIR4\libs\libfsp.a(r_ioport.o)
                0x0000a8bc                R_IOPORT_PinRead
 .text.R_IOPORT_PinWrite
                0x0000a8d8       0x20 C:\Users\83tuc\.platformio\packages\framework-arduinorenesas-uno\variants\UNOWIFIR4\libs\libfsp.a(r_ioport.o)
                0x0000a8d8                R_IOPORT_PinWrite
 .text.bsp_vbatt_init
                0x0000a8f8       0xac C:\Users\83tuc\.platformio\packages\framework-arduinorenesas-uno\variants\UNOWIFIR4\libs\libfsp.a(r_ioport.o)
 .text.R_IOPORT_PinCfg
                0x0000a9a4       0xa8 C:\Users\83tuc\.platformio\packages\framework-arduinorenesas-uno\variants\UNOWIFIR4\libs\libfsp.a(r_ioport.o)
                0x0000a9a4                R_IOPORT_PinCfg
 .text.r_iic_slave_call_callback
                0x0000aa4c       0x3c C:\Users\83tuc\.platformio\packages\framework-arduinorenesas-uno\variants\UNOWIFIR4\libs\libfsp.a(r_iic_slave.o)
 .text.iic_slave_initiate_transaction
                0x0000aa88       0x74 C:\Users\83tuc\.platformio\packages\framework-arduinorenesas-uno\variants\UNOWIFIR4\libs\libfsp.a(r_iic_slave.o)
 .text.iic_slave_rxi_isr
                0x0000aafc      0x12c C:\Users\83tuc\.platformio\packages\framework-arduinorenesas-uno\variants\UNOWIFIR4\libs\libfsp.a(r_iic_slave.o)
                0x0000aafc                iic_slave_rxi_isr
 .text.iic_slave_txi_isr
                0x0000ac28       0xa8 C:\Users\83tuc\.platformio\packages\framework-arduinorenesas-uno\variants\UNOWIFIR4\libs\libfsp.a(r_iic_slave.o)
                0x0000ac28                iic_slave_txi_isr
 .text.iic_slave_tei_isr
                0x0000acd0       0x94 C:\Users\83tuc\.platformio\packages\framework-arduinorenesas-uno\variants\UNOWIFIR4\libs\libfsp.a(r_iic_slave.o)
                0x0000acd0                iic_slave_tei_isr
 .text.iic_slave_eri_isr
                0x0000ad64      0x10c C:\Users\83tuc\.platformio\packages\framework-arduinorenesas-uno\variants\UNOWIFIR4\libs\libfsp.a(r_iic_slave.o)
                0x0000ad64                iic_slave_eri_isr
 .text.iic_master_notify
                0x0000ae70       0x3c C:\Users\83tuc\.platformio\packages\framework-arduinorenesas-uno\variants\UNOWIFIR4\libs\libfsp.a(r_iic_master.o)
 .text.iic_master_open_hw_master
                0x0000aeac      0x184 C:\Users\83tuc\.platformio\packages\framework-arduinorenesas-uno\variants\UNOWIFIR4\libs\libfsp.a(r_iic_master.o)
 .text.iic_master_rxi_isr
                0x0000b030      0x13c C:\Users\83tuc\.platformio\packages\framework-arduinorenesas-uno\variants\UNOWIFIR4\libs\libfsp.a(r_iic_master.o)
                0x0000b030                iic_master_rxi_isr
 .text.iic_master_txi_isr
                0x0000b16c       0xec C:\Users\83tuc\.platformio\packages\framework-arduinorenesas-uno\variants\UNOWIFIR4\libs\libfsp.a(r_iic_master.o)
                0x0000b16c                iic_master_txi_isr
 .text.iic_master_tei_isr
                0x0000b258       0xc4 C:\Users\83tuc\.platformio\packages\framework-arduinorenesas-uno\variants\UNOWIFIR4\libs\libfsp.a(r_iic_master.o)
                0x0000b258                iic_master_tei_isr
 .text.iic_master_eri_isr
                0x0000b31c      0x140 C:\Users\83tuc\.platformio\packages\framework-arduinorenesas-uno\variants\UNOWIFIR4\libs\libfsp.a(r_iic_master.o)
                0x0000b31c                iic_master_eri_isr
 .text.r_icu_isr
                0x0000b45c       0x6c C:\Users\83tuc\.platformio\packages\framework-arduinorenesas-uno\variants\UNOWIFIR4\libs\libfsp.a(r_icu.o)
                0x0000b45c                r_icu_isr
 .text.R_GPT_Stop
                0x0000b4c8        0xc C:\Users\83tuc\.platformio\packages\framework-arduinorenesas-uno\variants\UNOWIFIR4\libs\libfsp.a(r_gpt.o)
                0x0000b4c8                R_GPT_Stop
 .text.R_GPT_Start
                0x0000b4d4        0xc C:\Users\83tuc\.platformio\packages\framework-arduinorenesas-uno\variants\UNOWIFIR4\libs\libfsp.a(r_gpt.o)
                0x0000b4d4                R_GPT_Start
 .text.R_GPT_Enable
                0x0000b4e0       0x30 C:\Users\83tuc\.platformio\packages\framework-arduinorenesas-uno\variants\UNOWIFIR4\libs\libfsp.a(r_gpt.o)
                0x0000b4e0                R_GPT_Enable
 .text.R_GPT_PeriodSet
                0x0000b510       0x3c C:\Users\83tuc\.platformio\packages\framework-arduinorenesas-uno\variants\UNOWIFIR4\libs\libfsp.a(r_gpt.o)
                0x0000b510                R_GPT_PeriodSet
 .text.r_gpt_enable_irq
                0x0000b54c       0x5c C:\Users\83tuc\.platformio\packages\framework-arduinorenesas-uno\variants\UNOWIFIR4\libs\libfsp.a(r_gpt.o)
 .text.r_gpt_call_callback
                0x0000b5a8       0x3c C:\Users\83tuc\.platformio\packages\framework-arduinorenesas-uno\variants\UNOWIFIR4\libs\libfsp.a(r_gpt.o)
 .text.R_GPT_InfoGet
                0x0000b5e4       0x44 C:\Users\83tuc\.platformio\packages\framework-arduinorenesas-uno\variants\UNOWIFIR4\libs\libfsp.a(r_gpt.o)
                0x0000b5e4                R_GPT_InfoGet
 .text.gpt_calculate_duty_cycle.isra.0
                0x0000b628       0x78 C:\Users\83tuc\.platformio\packages\framework-arduinorenesas-uno\variants\UNOWIFIR4\libs\libfsp.a(r_gpt.o)
 .text.R_GPT_Open
                0x0000b6a0      0x264 C:\Users\83tuc\.platformio\packages\framework-arduinorenesas-uno\variants\UNOWIFIR4\libs\libfsp.a(r_gpt.o)
                0x0000b6a0                R_GPT_Open
 .text.R_GPT_Close
                0x0000b904       0xd4 C:\Users\83tuc\.platformio\packages\framework-arduinorenesas-uno\variants\UNOWIFIR4\libs\libfsp.a(r_gpt.o)
                0x0000b904                R_GPT_Close
 .text.gpt_counter_overflow_isr
                0x0000b9d8       0x78 C:\Users\83tuc\.platformio\packages\framework-arduinorenesas-uno\variants\UNOWIFIR4\libs\libfsp.a(r_gpt.o)
                0x0000b9d8                gpt_counter_overflow_isr
 .text.R_DAC_Open
                0x0000ba50       0x88 C:\Users\83tuc\.platformio\packages\framework-arduinorenesas-uno\variants\UNOWIFIR4\libs\libfsp.a(r_dac.o)
                0x0000ba50                R_DAC_Open
 .text.R_DAC_Write
                0x0000bad8        0xc C:\Users\83tuc\.platformio\packages\framework-arduinorenesas-uno\variants\UNOWIFIR4\libs\libfsp.a(r_dac.o)
                0x0000bad8                R_DAC_Write
 .text.R_DAC_Start
                0x0000bae4       0x30 C:\Users\83tuc\.platformio\packages\framework-arduinorenesas-uno\variants\UNOWIFIR4\libs\libfsp.a(r_dac.o)
                0x0000bae4                R_DAC_Start
 .text.R_DAC_Stop
                0x0000bb14       0x34 C:\Users\83tuc\.platformio\packages\framework-arduinorenesas-uno\variants\UNOWIFIR4\libs\libfsp.a(r_dac.o)
                0x0000bb14                R_DAC_Stop
 .text.R_DAC_Close
                0x0000bb48       0x40 C:\Users\83tuc\.platformio\packages\framework-arduinorenesas-uno\variants\UNOWIFIR4\libs\libfsp.a(r_dac.o)
                0x0000bb48                R_DAC_Close
 .text.r_can_call_callback
                0x0000bb88       0x68 C:\Users\83tuc\.platformio\packages\framework-arduinorenesas-uno\variants\UNOWIFIR4\libs\libfsp.a(r_can.o)
 .text.can_error_isr
                0x0000bbf0       0xd4 C:\Users\83tuc\.platformio\packages\framework-arduinorenesas-uno\variants\UNOWIFIR4\libs\libfsp.a(r_can.o)
                0x0000bbf0                can_error_isr
 .text.can_rx_isr
                0x0000bcc4      0x118 C:\Users\83tuc\.platformio\packages\framework-arduinorenesas-uno\variants\UNOWIFIR4\libs\libfsp.a(r_can.o)
                0x0000bcc4                can_rx_isr
 .text.can_tx_isr
                0x0000bddc       0xa0 C:\Users\83tuc\.platformio\packages\framework-arduinorenesas-uno\variants\UNOWIFIR4\libs\libfsp.a(r_can.o)
                0x0000bddc                can_tx_isr
 .text.R_AGT_Start
                0x0000be7c       0x38 C:\Users\83tuc\.platformio\packages\framework-arduinorenesas-uno\variants\UNOWIFIR4\libs\libfsp.a(r_agt.o)
                0x0000be7c                R_AGT_Start
 .text.R_AGT_Stop
                0x0000beb4       0x1c C:\Users\83tuc\.platformio\packages\framework-arduinorenesas-uno\variants\UNOWIFIR4\libs\libfsp.a(r_agt.o)
                0x0000beb4                R_AGT_Stop
 .text.R_AGT_Enable
                0x0000bed0       0x14 C:\Users\83tuc\.platformio\packages\framework-arduinorenesas-uno\variants\UNOWIFIR4\libs\libfsp.a(r_agt.o)
                0x0000bed0                R_AGT_Enable
 .text.R_AGT_PeriodSet
                0x0000bee4       0x30 C:\Users\83tuc\.platformio\packages\framework-arduinorenesas-uno\variants\UNOWIFIR4\libs\libfsp.a(r_agt.o)
                0x0000bee4                R_AGT_PeriodSet
 .text.R_AGT_Close
                0x0000bf14       0x84 C:\Users\83tuc\.platformio\packages\framework-arduinorenesas-uno\variants\UNOWIFIR4\libs\libfsp.a(r_agt.o)
                0x0000bf14                R_AGT_Close
 .text.R_AGT_Open
                0x0000bf98      0x118 C:\Users\83tuc\.platformio\packages\framework-arduinorenesas-uno\variants\UNOWIFIR4\libs\libfsp.a(r_agt.o)
                0x0000bf98                R_AGT_Open
 .text.R_AGT_InfoGet
                0x0000c0b0       0xcc C:\Users\83tuc\.platformio\packages\framework-arduinorenesas-uno\variants\UNOWIFIR4\libs\libfsp.a(r_agt.o)
                0x0000c0b0                R_AGT_InfoGet
 .text.agt_int_isr
                0x0000c17c       0x88 C:\Users\83tuc\.platformio\packages\framework-arduinorenesas-uno\variants\UNOWIFIR4\libs\libfsp.a(r_agt.o)
                0x0000c17c                agt_int_isr
 .text.R_ADC_ScanStart
                0x0000c204        0xc C:\Users\83tuc\.platformio\packages\framework-arduinorenesas-uno\variants\UNOWIFIR4\libs\libfsp.a(r_adc.o)
                0x0000c204                R_ADC_ScanStart
 .text.R_ADC_StatusGet
                0x0000c210       0x10 C:\Users\83tuc\.platformio\packages\framework-arduinorenesas-uno\variants\UNOWIFIR4\libs\libfsp.a(r_adc.o)
                0x0000c210                R_ADC_StatusGet
 .text.R_ADC_Read
                0x0000c220       0x10 C:\Users\83tuc\.platformio\packages\framework-arduinorenesas-uno\variants\UNOWIFIR4\libs\libfsp.a(r_adc.o)
                0x0000c220                R_ADC_Read
 .text.R_ADC_ScanCfg
                0x0000c230      0x1a0 C:\Users\83tuc\.platformio\packages\framework-arduinorenesas-uno\variants\UNOWIFIR4\libs\libfsp.a(r_adc.o)
                0x0000c230                R_ADC_ScanCfg
 .text.R_ADC_Open
                0x0000c3d0      0x240 C:\Users\83tuc\.platformio\packages\framework-arduinorenesas-uno\variants\UNOWIFIR4\libs\libfsp.a(r_adc.o)
                0x0000c3d0                R_ADC_Open
 .text.R_ADC_Close
                0x0000c610       0xfc C:\Users\83tuc\.platformio\packages\framework-arduinorenesas-uno\variants\UNOWIFIR4\libs\libfsp.a(r_adc.o)
                0x0000c610                R_ADC_Close
 .text.SystemCoreClockUpdate
                0x0000c70c       0x28 C:\Users\83tuc\.platformio\packages\framework-arduinorenesas-uno\variants\UNOWIFIR4\libs\libfsp.a(bsp_clocks.o)
                0x0000c70c                SystemCoreClockUpdate
 .text.bsp_clock_init
                0x0000c734      0x12c C:\Users\83tuc\.platformio\packages\framework-arduinorenesas-uno\variants\UNOWIFIR4\libs\libfsp.a(bsp_clocks.o)
                0x0000c734                bsp_clock_init
 .text.bsp_prv_software_delay_loop
                0x0000c860        0xc C:\Users\83tuc\.platformio\packages\framework-arduinorenesas-uno\variants\UNOWIFIR4\libs\libfsp.a(bsp_delay.o)
                0x0000c860                bsp_prv_software_delay_loop
 .text.R_BSP_SoftwareDelay
                0x0000c86c       0x5c C:\Users\83tuc\.platformio\packages\framework-arduinorenesas-uno\variants\UNOWIFIR4\libs\libfsp.a(bsp_delay.o)
                0x0000c86c                R_BSP_SoftwareDelay
 .text.NMI_Handler
                0x0000c8c8       0x38 C:\Users\83tuc\.platformio\packages\framework-arduinorenesas-uno\variants\UNOWIFIR4\libs\libfsp.a(bsp_group_irq.o)
                0x0000c8c8                NMI_Handler
 .text.bsp_irq_cfg
                0x0000c900       0x2c C:\Users\83tuc\.platformio\packages\framework-arduinorenesas-uno\variants\UNOWIFIR4\libs\libfsp.a(bsp_irq.o)
                0x0000c900                bsp_irq_cfg
 .text.R_BSP_RegisterProtectEnable
                0x0000c92c       0x60 C:\Users\83tuc\.platformio\packages\framework-arduinorenesas-uno\variants\UNOWIFIR4\libs\libfsp.a(bsp_register_protection.o)
                0x0000c92c                R_BSP_RegisterProtectEnable
 .text.R_BSP_RegisterProtectDisable
                0x0000c98c       0x54 C:\Users\83tuc\.platformio\packages\framework-arduinorenesas-uno\variants\UNOWIFIR4\libs\libfsp.a(bsp_register_protection.o)
                0x0000c98c                R_BSP_RegisterProtectDisable
 .text.Default_Handler
                0x0000c9e0        0x4 C:\Users\83tuc\.platformio\packages\framework-arduinorenesas-uno\variants\UNOWIFIR4\libs\libfsp.a(startup.o)
                0x0000c9e0                DebugMon_Handler
                0x0000c9e0                HardFault_Handler
                0x0000c9e0                SysTick_Handler
                0x0000c9e0                PendSV_Handler
                0x0000c9e0                UsageFault_Handler
                0x0000c9e0                SecureFault_Handler
                0x0000c9e0                Default_Handler
                0x0000c9e0                MemManage_Handler
                0x0000c9e0                SVC_Handler
                0x0000c9e0                BusFault_Handler
 .text.Reset_Handler
                0x0000c9e4        0xc C:\Users\83tuc\.platformio\packages\framework-arduinorenesas-uno\variants\UNOWIFIR4\libs\libfsp.a(startup.o)
                0x0000c9e4                Reset_Handler
 .text.R_BSP_WarmStart
                0x0000c9f0        0x4 C:\Users\83tuc\.platformio\packages\framework-arduinorenesas-uno\variants\UNOWIFIR4\libs\libfsp.a(system.o)
                0x0000c9f0                R_BSP_WarmStart
 .text.SystemInit
                0x0000c9f4      0x15c C:\Users\83tuc\.platformio\packages\framework-arduinorenesas-uno\variants\UNOWIFIR4\libs\libfsp.a(system.o)
                0x0000c9f4                SystemInit
 .text.bsp_init_internal
                0x0000cb50        0x4 C:\Users\83tuc\.platformio\packages\framework-arduinorenesas-uno\variants\UNOWIFIR4\libs\libfsp.a(bsp_common.o)
                0x0000cb50                bsp_init_internal
                0x0000cb50                bsp_init
 .text._Znwj    0x0000cb54       0x22 c:/users/83tuc/.platformio/packages/toolchain-gccarmnoneeabi/bin/../lib/gcc/arm-none-eabi/7.2.1/../../../../arm-none-eabi/lib/thumb/v7e-m/fpv4-sp/hard\libstdc++_nano.a(new_op.o)
                0x0000cb54                operator new(unsigned int)
 .text.__cxa_guard_acquire
                0x0000cb76       0x18 c:/users/83tuc/.platformio/packages/toolchain-gccarmnoneeabi/bin/../lib/gcc/arm-none-eabi/7.2.1/../../../../arm-none-eabi/lib/thumb/v7e-m/fpv4-sp/hard\libstdc++_nano.a(guard.o)
                0x0000cb76                __cxa_guard_acquire
 .text.__cxa_guard_release
                0x0000cb8e        0x6 c:/users/83tuc/.platformio/packages/toolchain-gccarmnoneeabi/bin/../lib/gcc/arm-none-eabi/7.2.1/../../../../arm-none-eabi/lib/thumb/v7e-m/fpv4-sp/hard\libstdc++_nano.a(guard.o)
                0x0000cb8e                __cxa_guard_release
 .text._ZdlPv   0x0000cb94        0x4 c:/users/83tuc/.platformio/packages/toolchain-gccarmnoneeabi/bin/../lib/gcc/arm-none-eabi/7.2.1/../../../../arm-none-eabi/lib/thumb/v7e-m/fpv4-sp/hard\libstdc++_nano.a(del_op.o)
                0x0000cb94                operator delete(void*)
 .text._ZSt15get_new_handlerv
                0x0000cb98       0x10 c:/users/83tuc/.platformio/packages/toolchain-gccarmnoneeabi/bin/../lib/gcc/arm-none-eabi/7.2.1/../../../../arm-none-eabi/lib/thumb/v7e-m/fpv4-sp/hard\libstdc++_nano.a(new_handler.o)
                0x0000cb98                std::get_new_handler()
 .text._ZdlPvj  0x0000cba8        0x4 c:/users/83tuc/.platformio/packages/toolchain-gccarmnoneeabi/bin/../lib/gcc/arm-none-eabi/7.2.1/../../../../arm-none-eabi/lib/thumb/v7e-m/fpv4-sp/hard\libstdc++_nano.a(del_ops.o)
                0x0000cba8                operator delete(void*, unsigned int)
 .text._ZSt19__throw_logic_errorPKc
                0x0000cbac        0x6 c:/users/83tuc/.platformio/packages/toolchain-gccarmnoneeabi/bin/../lib/gcc/arm-none-eabi/7.2.1/../../../../arm-none-eabi/lib/thumb/v7e-m/fpv4-sp/hard\libstdc++_nano.a(functexcept.o)
                0x0000cbac                std::__throw_logic_error(char const*)
 .text._ZSt20__throw_length_errorPKc
                0x0000cbb2        0x6 c:/users/83tuc/.platformio/packages/toolchain-gccarmnoneeabi/bin/../lib/gcc/arm-none-eabi/7.2.1/../../../../arm-none-eabi/lib/thumb/v7e-m/fpv4-sp/hard\libstdc++_nano.a(functexcept.o)
                0x0000cbb2                std::__throw_length_error(char const*)
 .text          0x0000cbb8      0x378 c:/users/83tuc/.platformio/packages/toolchain-gccarmnoneeabi/bin/../lib/gcc/arm-none-eabi/7.2.1/thumb/v7e-m/fpv4-sp/hard\libgcc.a(_arm_addsubdf3.o)
                0x0000cbb8                __aeabi_drsub
                0x0000cbc0                __aeabi_dsub
                0x0000cbc0                __subdf3
                0x0000cbc4                __aeabi_dadd
                0x0000cbc4                __adddf3
                0x0000ce3c                __floatunsidf
                0x0000ce3c                __aeabi_ui2d
                0x0000ce5c                __floatsidf
                0x0000ce5c                __aeabi_i2d
                0x0000ce80                __aeabi_f2d
                0x0000ce80                __extendsfdf2
                0x0000cec4                __floatundidf
                0x0000cec4                __aeabi_ul2d
                0x0000ced4                __floatdidf
                0x0000ced4                __aeabi_l2d
 .text          0x0000cf30      0x424 c:/users/83tuc/.platformio/packages/toolchain-gccarmnoneeabi/bin/../lib/gcc/arm-none-eabi/7.2.1/thumb/v7e-m/fpv4-sp/hard\libgcc.a(_arm_muldivdf3.o)
                0x0000cf30                __aeabi_dmul
                0x0000cf30                __muldf3
                0x0000d184                __divdf3
                0x0000d184                __aeabi_ddiv
 .text          0x0000d354      0x110 c:/users/83tuc/.platformio/packages/toolchain-gccarmnoneeabi/bin/../lib/gcc/arm-none-eabi/7.2.1/thumb/v7e-m/fpv4-sp/hard\libgcc.a(_arm_cmpdf2.o)
                0x0000d354                __gtdf2
                0x0000d354                __gedf2
                0x0000d35c                __ltdf2
                0x0000d35c                __ledf2
                0x0000d364                __nedf2
                0x0000d364                __eqdf2
                0x0000d364                __cmpdf2
                0x0000d3e0                __aeabi_cdrcmple
                0x0000d3f0                __aeabi_cdcmpeq
                0x0000d3f0                __aeabi_cdcmple
                0x0000d400                __aeabi_dcmpeq
                0x0000d414                __aeabi_dcmplt
                0x0000d428                __aeabi_dcmple
                0x0000d43c                __aeabi_dcmpge
                0x0000d450                __aeabi_dcmpgt
 .text          0x0000d464       0x2c c:/users/83tuc/.platformio/packages/toolchain-gccarmnoneeabi/bin/../lib/gcc/arm-none-eabi/7.2.1/thumb/v7e-m/fpv4-sp/hard\libgcc.a(_arm_unorddf2.o)
                0x0000d464                __unorddf2
                0x0000d464                __aeabi_dcmpun
 .text          0x0000d490       0x40 c:/users/83tuc/.platformio/packages/toolchain-gccarmnoneeabi/bin/../lib/gcc/arm-none-eabi/7.2.1/thumb/v7e-m/fpv4-sp/hard\libgcc.a(_arm_fixunsdfsi.o)
                0x0000d490                __aeabi_d2uiz
                0x0000d490                __fixunsdfsi
 .text          0x0000d4d0       0xa0 c:/users/83tuc/.platformio/packages/toolchain-gccarmnoneeabi/bin/../lib/gcc/arm-none-eabi/7.2.1/thumb/v7e-m/fpv4-sp/hard\libgcc.a(_arm_truncdfsf2.o)
                0x0000d4d0                __truncdfsf2
                0x0000d4d0                __aeabi_d2f
 .text          0x0000d570       0xa0 c:/users/83tuc/.platformio/packages/toolchain-gccarmnoneeabi/bin/../lib/gcc/arm-none-eabi/7.2.1/thumb/v7e-m/fpv4-sp/hard\libgcc.a(_aeabi_ldivmod.o)
                0x0000d570                __aeabi_ldivmod
 .text          0x0000d610      0x2cc c:/users/83tuc/.platformio/packages/toolchain-gccarmnoneeabi/bin/../lib/gcc/arm-none-eabi/7.2.1/thumb/v7e-m/fpv4-sp/hard\libgcc.a(_udivmoddi4.o)
                0x0000d610                __udivmoddi4
 .text          0x0000d8dc        0x4 c:/users/83tuc/.platformio/packages/toolchain-gccarmnoneeabi/bin/../lib/gcc/arm-none-eabi/7.2.1/thumb/v7e-m/fpv4-sp/hard\libgcc.a(_dvmd_tls.o)
                0x0000d8dc                __aeabi_idiv0
                0x0000d8dc                __aeabi_ldiv0
 .text.abort    0x0000d8e0        0xe c:/users/83tuc/.platformio/packages/toolchain-gccarmnoneeabi/bin/../lib/gcc/arm-none-eabi/7.2.1/../../../../arm-none-eabi/lib/thumb/v7e-m/fpv4-sp/hard\libc_nano.a(lib_a-abort.o)
                0x0000d8e0                abort
 .text.atoi     0x0000d8ee        0x8 c:/users/83tuc/.platformio/packages/toolchain-gccarmnoneeabi/bin/../lib/gcc/arm-none-eabi/7.2.1/../../../../arm-none-eabi/lib/thumb/v7e-m/fpv4-sp/hard\libc_nano.a(lib_a-atoi.o)
                0x0000d8ee                atoi
 .text.isalnum  0x0000d8f6       0x12 c:/users/83tuc/.platformio/packages/toolchain-gccarmnoneeabi/bin/../lib/gcc/arm-none-eabi/7.2.1/../../../../arm-none-eabi/lib/thumb/v7e-m/fpv4-sp/hard\libc_nano.a(lib_a-isalnum.o)
                0x0000d8f6                isalnum
 .text.__locale_ctype_ptr_l
                0x0000d908        0x6 c:/users/83tuc/.platformio/packages/toolchain-gccarmnoneeabi/bin/../lib/gcc/arm-none-eabi/7.2.1/../../../../arm-none-eabi/lib/thumb/v7e-m/fpv4-sp/hard\libc_nano.a(lib_a-locale.o)
                0x0000d908                __locale_ctype_ptr_l
 *fill*         0x0000d90e        0x2 ff
 .text.__locale_ctype_ptr
                0x0000d910       0x1c c:/users/83tuc/.platformio/packages/toolchain-gccarmnoneeabi/bin/../lib/gcc/arm-none-eabi/7.2.1/../../../../arm-none-eabi/lib/thumb/v7e-m/fpv4-sp/hard\libc_nano.a(lib_a-locale.o)
                0x0000d910                __locale_ctype_ptr
 .text.malloc   0x0000d92c       0x10 c:/users/83tuc/.platformio/packages/toolchain-gccarmnoneeabi/bin/../lib/gcc/arm-none-eabi/7.2.1/../../../../arm-none-eabi/lib/thumb/v7e-m/fpv4-sp/hard\libc_nano.a(lib_a-malloc.o)
                0x0000d92c                malloc
 .text.free     0x0000d93c       0x10 c:/users/83tuc/.platformio/packages/toolchain-gccarmnoneeabi/bin/../lib/gcc/arm-none-eabi/7.2.1/../../../../arm-none-eabi/lib/thumb/v7e-m/fpv4-sp/hard\libc_nano.a(lib_a-malloc.o)
                0x0000d93c                free
 .text.__ascii_mbtowc
                0x0000d94c       0x24 c:/users/83tuc/.platformio/packages/toolchain-gccarmnoneeabi/bin/../lib/gcc/arm-none-eabi/7.2.1/../../../../arm-none-eabi/lib/thumb/v7e-m/fpv4-sp/hard\libc_nano.a(lib_a-mbtowc_r.o)
                0x0000d94c                __ascii_mbtowc
 .text.memcmp   0x0000d970       0x1e c:/users/83tuc/.platformio/packages/toolchain-gccarmnoneeabi/bin/../lib/gcc/arm-none-eabi/7.2.1/../../../../arm-none-eabi/lib/thumb/v7e-m/fpv4-sp/hard\libc_nano.a(lib_a-memcmp.o)
                0x0000d970                memcmp
 .text.memcpy   0x0000d98e       0x16 c:/users/83tuc/.platformio/packages/toolchain-gccarmnoneeabi/bin/../lib/gcc/arm-none-eabi/7.2.1/../../../../arm-none-eabi/lib/thumb/v7e-m/fpv4-sp/hard\libc_nano.a(lib_a-memcpy-stub.o)
                0x0000d98e                memcpy
 .text.memmove  0x0000d9a4       0x32 c:/users/83tuc/.platformio/packages/toolchain-gccarmnoneeabi/bin/../lib/gcc/arm-none-eabi/7.2.1/../../../../arm-none-eabi/lib/thumb/v7e-m/fpv4-sp/hard\libc_nano.a(lib_a-memmove.o)
                0x0000d9a4                memmove
 .text.memset   0x0000d9d6       0x10 c:/users/83tuc/.platformio/packages/toolchain-gccarmnoneeabi/bin/../lib/gcc/arm-none-eabi/7.2.1/../../../../arm-none-eabi/lib/thumb/v7e-m/fpv4-sp/hard\libc_nano.a(lib_a-memset.o)
                0x0000d9d6                memset
 *fill*         0x0000d9e6        0x2 ff
 .text._free_r  0x0000d9e8       0x9c c:/users/83tuc/.platformio/packages/toolchain-gccarmnoneeabi/bin/../lib/gcc/arm-none-eabi/7.2.1/../../../../arm-none-eabi/lib/thumb/v7e-m/fpv4-sp/hard\libc_nano.a(lib_a-nano-freer.o)
                0x0000d9e8                _free_r
 .text._malloc_r
                0x0000da84       0xb4 c:/users/83tuc/.platformio/packages/toolchain-gccarmnoneeabi/bin/../lib/gcc/arm-none-eabi/7.2.1/../../../../arm-none-eabi/lib/thumb/v7e-m/fpv4-sp/hard\libc_nano.a(lib_a-nano-mallocr.o)
                0x0000da84                _malloc_r
 .text.__cvt    0x0000db38       0xc2 c:/users/83tuc/.platformio/packages/toolchain-gccarmnoneeabi/bin/../lib/gcc/arm-none-eabi/7.2.1/../../../../arm-none-eabi/lib/thumb/v7e-m/fpv4-sp/hard\libc_nano.a(lib_a-nano-vfprintf_float.o)
                0x0000db38                __cvt
 .text.__exponent
                0x0000dbfa       0x66 c:/users/83tuc/.platformio/packages/toolchain-gccarmnoneeabi/bin/../lib/gcc/arm-none-eabi/7.2.1/../../../../arm-none-eabi/lib/thumb/v7e-m/fpv4-sp/hard\libc_nano.a(lib_a-nano-vfprintf_float.o)
                0x0000dbfa                __exponent
 .text._printf_float
                0x0000dc60      0x480 c:/users/83tuc/.platformio/packages/toolchain-gccarmnoneeabi/bin/../lib/gcc/arm-none-eabi/7.2.1/../../../../arm-none-eabi/lib/thumb/v7e-m/fpv4-sp/hard\libc_nano.a(lib_a-nano-vfprintf_float.o)
                0x0000dc60                _printf_float
 .text._printf_common
                0x0000e0e0       0xea c:/users/83tuc/.platformio/packages/toolchain-gccarmnoneeabi/bin/../lib/gcc/arm-none-eabi/7.2.1/../../../../arm-none-eabi/lib/thumb/v7e-m/fpv4-sp/hard\libc_nano.a(lib_a-nano-vfprintf_i.o)
                0x0000e0e0                _printf_common
 *fill*         0x0000e1ca        0x2 ff
 .text._printf_i
                0x0000e1cc      0x224 c:/users/83tuc/.platformio/packages/toolchain-gccarmnoneeabi/bin/../lib/gcc/arm-none-eabi/7.2.1/../../../../arm-none-eabi/lib/thumb/v7e-m/fpv4-sp/hard\libc_nano.a(lib_a-nano-vfprintf_i.o)
                0x0000e1cc                _printf_i
 .text.printf   0x0000e3f0       0x30 c:/users/83tuc/.platformio/packages/toolchain-gccarmnoneeabi/bin/../lib/gcc/arm-none-eabi/7.2.1/../../../../arm-none-eabi/lib/thumb/v7e-m/fpv4-sp/hard\libc_nano.a(lib_a-printf.o)
                0x0000e3f0                iprintf
                0x0000e3f0                printf
 .text.realloc  0x0000e420       0x10 c:/users/83tuc/.platformio/packages/toolchain-gccarmnoneeabi/bin/../lib/gcc/arm-none-eabi/7.2.1/../../../../arm-none-eabi/lib/thumb/v7e-m/fpv4-sp/hard\libc_nano.a(lib_a-realloc.o)
                0x0000e420                realloc
 .text._sbrk_r  0x0000e430       0x20 c:/users/83tuc/.platformio/packages/toolchain-gccarmnoneeabi/bin/../lib/gcc/arm-none-eabi/7.2.1/../../../../arm-none-eabi/lib/thumb/v7e-m/fpv4-sp/hard\libc_nano.a(lib_a-sbrkr.o)
                0x0000e430                _sbrk_r
 .text._raise_r
                0x0000e450       0x50 c:/users/83tuc/.platformio/packages/toolchain-gccarmnoneeabi/bin/../lib/gcc/arm-none-eabi/7.2.1/../../../../arm-none-eabi/lib/thumb/v7e-m/fpv4-sp/hard\libc_nano.a(lib_a-signal.o)
                0x0000e450                _raise_r
 .text.raise    0x0000e4a0       0x10 c:/users/83tuc/.platformio/packages/toolchain-gccarmnoneeabi/bin/../lib/gcc/arm-none-eabi/7.2.1/../../../../arm-none-eabi/lib/thumb/v7e-m/fpv4-sp/hard\libc_nano.a(lib_a-signal.o)
                0x0000e4a0                raise
 .text._kill_r  0x0000e4b0       0x24 c:/users/83tuc/.platformio/packages/toolchain-gccarmnoneeabi/bin/../lib/gcc/arm-none-eabi/7.2.1/../../../../arm-none-eabi/lib/thumb/v7e-m/fpv4-sp/hard\libc_nano.a(lib_a-signalr.o)
                0x0000e4b0                _kill_r
 .text._getpid_r
                0x0000e4d4        0x4 c:/users/83tuc/.platformio/packages/toolchain-gccarmnoneeabi/bin/../lib/gcc/arm-none-eabi/7.2.1/../../../../arm-none-eabi/lib/thumb/v7e-m/fpv4-sp/hard\libc_nano.a(lib_a-signalr.o)
                0x0000e4d4                _getpid_r
 .text.snprintf
                0x0000e4d8       0x68 c:/users/83tuc/.platformio/packages/toolchain-gccarmnoneeabi/bin/../lib/gcc/arm-none-eabi/7.2.1/../../../../arm-none-eabi/lib/thumb/v7e-m/fpv4-sp/hard\libc_nano.a(lib_a-snprintf.o)
                0x0000e4d8                sniprintf
                0x0000e4d8                snprintf
 .text.sprintf  0x0000e540       0x40 c:/users/83tuc/.platformio/packages/toolchain-gccarmnoneeabi/bin/../lib/gcc/arm-none-eabi/7.2.1/../../../../arm-none-eabi/lib/thumb/v7e-m/fpv4-sp/hard\libc_nano.a(lib_a-sprintf.o)
                0x0000e540                siprintf
                0x0000e540                sprintf
 .text          0x0000e580       0x14 c:/users/83tuc/.platformio/packages/toolchain-gccarmnoneeabi/bin/../lib/gcc/arm-none-eabi/7.2.1/../../../../arm-none-eabi/lib/thumb/v7e-m/fpv4-sp/hard\libc_nano.a(lib_a-strcmp.o)
                0x0000e580                strcmp
 .text          0x0000e594       0x10 c:/users/83tuc/.platformio/packages/toolchain-gccarmnoneeabi/bin/../lib/gcc/arm-none-eabi/7.2.1/../../../../arm-none-eabi/lib/thumb/v7e-m/fpv4-sp/hard\libc_nano.a(lib_a-strlen.o)
                0x0000e594                strlen
 .text.strtok   0x0000e5a4       0x54 c:/users/83tuc/.platformio/packages/toolchain-gccarmnoneeabi/bin/../lib/gcc/arm-none-eabi/7.2.1/../../../../arm-none-eabi/lib/thumb/v7e-m/fpv4-sp/hard\libc_nano.a(lib_a-strtok.o)
                0x0000e5a4                strtok
 .text.__strtok_r
                0x0000e5f8       0x54 c:/users/83tuc/.platformio/packages/toolchain-gccarmnoneeabi/bin/../lib/gcc/arm-none-eabi/7.2.1/../../../../arm-none-eabi/lib/thumb/v7e-m/fpv4-sp/hard\libc_nano.a(lib_a-strtok_r.o)
                0x0000e5f8                __strtok_r
 .text._strtol_l.isra.0
                0x0000e64c       0xf6 c:/users/83tuc/.platformio/packages/toolchain-gccarmnoneeabi/bin/../lib/gcc/arm-none-eabi/7.2.1/../../../../arm-none-eabi/lib/thumb/v7e-m/fpv4-sp/hard\libc_nano.a(lib_a-strtol.o)
 *fill*         0x0000e742        0x2 ff