Archive member included to satisfy reference by file (symbol)

.pio\build\uno_r4_wifi\lib0bc\libWiFiS3.a(WiFi.cpp.o)
                              .pio\build\uno_r4_wifi\src\main.cpp.o (CWifi::SSID())
.pio\build\uno_r4_wifi\lib0bc\libWiFiS3.a(WiFiClient.cpp.o)
                              .pio\build\uno_r4_wifi\src\main.cpp.o (WiFiClient::read())
.pio\build\uno_r4_wifi\lib0bc\libWiFiS3.a(Modem.cpp.o)
                              .pio\build\uno_r4_wifi\lib0bc\libWiFiS3.a(WiFiClient.cpp.o) (ModemClass::write_nowait(std::__cxx11::basic_string<char, std::char_traits<char>, std::allocator<char> > const&, std::__cxx11::basic_string<char, std::char_traits<char>, std::allocator<char> >&, char const*, ...))
.pio\build\uno_r4_wifi\libFrameworkArduinoVariant.a(main.c.o)
                              c:/users/83tuc/.platformio/packages/toolchain-gccarmnoneeabi/bin/../lib/gcc/arm-none-eabi/7.2.1/../../../../arm-none-eabi/lib/thumb/v7e-m/fpv4-sp/hard/crt0.o (main)
.pio\build\uno_r4_wifi\libFrameworkArduino.a(Serial.cpp.o)
                              .pio\build\uno_r4_wifi\src\main.cpp.o (UART::operator bool())
.pio\build\uno_r4_wifi\libFrameworkArduino.a(SerialObj1.cpp.o)
                              .pio\build\uno_r4_wifi\src\main.cpp.o (_UART1_)
.pio\build\uno_r4_wifi\libFrameworkArduino.a(SerialObj3.cpp.o)
                              .pio\build\uno_r4_wifi\lib0bc\libWiFiS3.a(Modem.cpp.o) (_UART3_)
.pio\build\uno_r4_wifi\libFrameworkArduino.a(analog.cpp.o)
                              .pio\build\uno_r4_wifi\src\main.cpp.o (analogRead)
.pio\build\uno_r4_wifi\libFrameworkArduino.a(Common.cpp.o)
                              .pio\build\uno_r4_wifi\libFrameworkArduino.a(analog.cpp.o) (map(long, long, long, long, long))
.pio\build\uno_r4_wifi\libFrameworkArduino.a(IPAddress.cpp.o)
                              .pio\build\uno_r4_wifi\lib0bc\libWiFiS3.a(WiFi.cpp.o) (arduino::IPAddress::IPAddress())
.pio\build\uno_r4_wifi\libFrameworkArduino.a(Print.cpp.o)
                              .pio\build\uno_r4_wifi\libFrameworkArduino.a(Serial.cpp.o) (arduino::Print::write(unsigned char const*, unsigned int))
.pio\build\uno_r4_wifi\libFrameworkArduino.a(String.cpp.o)
                              .pio\build\uno_r4_wifi\src\main.cpp.o (arduino::String::~String())
.pio\build\uno_r4_wifi\libFrameworkArduino.a(dac.cpp.o)
                              .pio\build\uno_r4_wifi\libFrameworkArduino.a(analog.cpp.o) (CDac::analogWrite(int))
.pio\build\uno_r4_wifi\libFrameworkArduino.a(itoa.c.o)
                              .pio\build\uno_r4_wifi\libFrameworkArduino.a(String.cpp.o) (dtostrf)
.pio\build\uno_r4_wifi\libFrameworkArduino.a(main.cpp.o)
                              .pio\build\uno_r4_wifi\libFrameworkArduinoVariant.a(main.c.o) (hal_entry)
.pio\build\uno_r4_wifi\libFrameworkArduino.a(pinDefinitions.cpp.o)
                              .pio\build\uno_r4_wifi\libFrameworkArduino.a(analog.cpp.o) (pinPeripheral(e_bsp_io_port_pin_t, unsigned long))
.pio\build\uno_r4_wifi\libFrameworkArduino.a(pwm.cpp.o)
                              .pio\build\uno_r4_wifi\libFrameworkArduino.a(analog.cpp.o) (PwmOut::PwmOut(int))
.pio\build\uno_r4_wifi\libFrameworkArduino.a(time.cpp.o)
                              .pio\build\uno_r4_wifi\libFrameworkArduino.a(analog.cpp.o) (delayMicroseconds)
.pio\build\uno_r4_wifi\libFrameworkArduino.a(variant_helper.cpp.o)
                              .pio\build\uno_r4_wifi\libFrameworkArduino.a(Serial.cpp.o) (getPinCfgs(unsigned char, PinCfgReq_t))
.pio\build\uno_r4_wifi\libFrameworkArduino.a(vector_table.c.o)
                              .pio\build\uno_r4_wifi\libFrameworkArduino.a(main.cpp.o) (g_vector_table)
.pio\build\uno_r4_wifi\libFrameworkArduino.a(FspTimer.cpp.o)
                              .pio\build\uno_r4_wifi\libFrameworkArduino.a(pwm.cpp.o) (FspTimer::FspTimer())
.pio\build\uno_r4_wifi\libFrameworkArduino.a(IRQManager.cpp.o)
                              .pio\build\uno_r4_wifi\libFrameworkArduino.a(Serial.cpp.o) (IRQManager::getInstance())
.pio\build\uno_r4_wifi\libFrameworkArduino.a(cm_backtrace.c.o)
                              .pio\build\uno_r4_wifi\libFrameworkArduino.a(main.cpp.o) (cm_backtrace_init)
.pio\build\uno_r4_wifi\libFrameworkArduino.a(cortex_handlers.c.o)
                              .pio\build\uno_r4_wifi\libFrameworkArduino.a(main.cpp.o) (Stacktrace_Handler)
C:\Users\83tuc\.platformio\packages\framework-arduinorenesas-uno\variants\UNOWIFIR4\libs\libfsp.a(r_spi.o)
                              .pio\build\uno_r4_wifi\libFrameworkArduino.a(IRQManager.cpp.o) (spi_rxi_isr)
C:\Users\83tuc\.platformio\packages\framework-arduinorenesas-uno\variants\UNOWIFIR4\libs\libfsp.a(r_sci_uart.o)
                              .pio\build\uno_r4_wifi\libFrameworkArduino.a(Serial.cpp.o) (R_SCI_UART_Write)
C:\Users\83tuc\.platformio\packages\framework-arduinorenesas-uno\variants\UNOWIFIR4\libs\libfsp.a(r_sci_spi.o)
[...]
Memory Configuration

Name             Origin             Length             Attributes
FLASH            0x00004000         0x0003c000         xr
RAM              0x20000000         0x00008000         xrw
DATA_FLASH       0x40100000         0x00002000         xr
OPTION_SETTING   0x00000000         0x00000000         r
OPTION_SETTING_S 0x00000000         0x00000000         r
ID_CODE          0x01010018         0x00000020         xr
*default*        0x00000000         0xffffffff

Linker script and memory map

LOAD c:/users/83tuc/.platformio/packages/toolchain-gccarmnoneeabi/bin/../lib/gcc/arm-none-eabi/7.2.1/thumb/v7e-m/fpv4-sp/hard/crti.o
LOAD c:/users/83tuc/.platformio/packages/toolchain-gccarmnoneeabi/bin/../lib/gcc/arm-none-eabi/7.2.1/thumb/v7e-m/fpv4-sp/hard/crtbegin.o
LOAD c:/users/83tuc/.platformio/packages/toolchain-gccarmnoneeabi/bin/../lib/gcc/arm-none-eabi/7.2.1/../../../../arm-none-eabi/lib/thumb/v7e-m/fpv4-sp/hard/crt0.o
LOAD .pio\build\uno_r4_wifi\src\main.cpp.o
START GROUP
LOAD .pio\build\uno_r4_wifi\lib0bc\libWiFiS3.a
LOAD .pio\build\uno_r4_wifi\libFrameworkArduinoVariant.a
LOAD .pio\build\uno_r4_wifi\libFrameworkArduino.a
LOAD C:\Users\83tuc\.platformio\packages\framework-arduinorenesas-uno\variants\UNOWIFIR4\libs\libfsp.a
LOAD c:/users/83tuc/.platformio/packages/toolchain-gccarmnoneeabi/bin/../lib/gcc/arm-none-eabi/7.2.1/../../../../arm-none-eabi/lib/thumb/v7e-m/fpv4-sp/hard\libstdc++_nano.a
LOAD c:/users/83tuc/.platformio/packages/toolchain-gccarmnoneeabi/bin/../lib/gcc/arm-none-eabi/7.2.1/../../../../arm-none-eabi/lib/thumb/v7e-m/fpv4-sp/hard\libsupc++_nano.a
LOAD c:/users/83tuc/.platformio/packages/toolchain-gccarmnoneeabi/bin/../lib/gcc/arm-none-eabi/7.2.1/thumb/v7e-m/fpv4-sp/hard\libgcc.a
LOAD c:/users/83tuc/.platformio/packages/toolchain-gccarmnoneeabi/bin/../lib/gcc/arm-none-eabi/7.2.1/../../../../arm-none-eabi/lib/thumb/v7e-m/fpv4-sp/hard\libnosys.a
END GROUP
LOAD c:/users/83tuc/.platformio/packages/toolchain-gccarmnoneeabi/bin/../lib/gcc/arm-none-eabi/7.2.1/../../../../arm-none-eabi/lib/thumb/v7e-m/fpv4-sp/hard\libstdc++_nano.a
LOAD c:/users/83tuc/.platformio/packages/toolchain-gccarmnoneeabi/bin/../lib/gcc/arm-none-eabi/7.2.1/../../../../arm-none-eabi/lib/thumb/v7e-m/fpv4-sp/hard\libm.a
LOAD c:/users/83tuc/.platformio/packages/toolchain-gccarmnoneeabi/bin/../lib/gcc/arm-none-eabi/7.2.1/../../../../arm-none-eabi/lib/thumb/v7e-m/fpv4-sp/hard\libc_nano.a
START GROUP
LOAD c:/users/83tuc/.platformio/packages/toolchain-gccarmnoneeabi/bin/../lib/gcc/arm-none-eabi/7.2.1/thumb/v7e-m/fpv4-sp/hard\libgcc.a
LOAD c:/users/83tuc/.platformio/packages/toolchain-gccarmnoneeabi/bin/../lib/gcc/arm-none-eabi/7.2.1/../../../../arm-none-eabi/lib/thumb/v7e-m/fpv4-sp/hard\libc_nano.a
END GROUP
START GROUP
LOAD c:/users/83tuc/.platformio/packages/toolchain-gccarmnoneeabi/bin/../lib/gcc/arm-none-eabi/7.2.1/thumb/v7e-m/fpv4-sp/hard\libgcc.a
LOAD c:/users/83tuc/.platformio/packages/toolchain-gccarmnoneeabi/bin/../lib/gcc/arm-none-eabi/7.2.1/../../../../arm-none-eabi/lib/thumb/v7e-m/fpv4-sp/hard\libc_nano.a
LOAD c:/users/83tuc/.platformio/packages/toolchain-gccarmnoneeabi/bin/../lib/gcc/arm-none-eabi/7.2.1/../../../../arm-none-eabi/lib/thumb/v7e-m/fpv4-sp/hard\libnosys.a
END GROUP
START GROUP
LOAD c:/users/83tuc/.platformio/packages/toolchain-gccarmnoneeabi/bin/../lib/gcc/arm-none-eabi/7.2.1/thumb/v7e-m/fpv4-sp/hard\libgcc.a
LOAD c:/users/83tuc/.platformio/packages/toolchain-gccarmnoneeabi/bin/../lib/gcc/arm-none-eabi/7.2.1/../../../../arm-none-eabi/lib/thumb/v7e-m/fpv4-sp/hard\libc_nano.a
LOAD c:/users/83tuc/.platformio/packages/toolchain-gccarmnoneeabi/bin/../lib/gcc/arm-none-eabi/7.2.1/../../../../arm-none-eabi/lib/thumb/v7e-m/fpv4-sp/hard\libnosys.a
END GROUP
LOAD c:/users/83tuc/.platformio/packages/toolchain-gccarmnoneeabi/bin/../lib/gcc/arm-none-eabi/7.2.1/thumb/v7e-m/fpv4-sp/hard/crtend.o
LOAD c:/users/83tuc/.platformio/packages/toolchain-gccarmnoneeabi/bin/../lib/gcc/arm-none-eabi/7.2.1/thumb/v7e-m/fpv4-sp/hard/crtn.o
                0x20000000                RAM_START = 0x20000000
                0x00008000                RAM_LENGTH = 0x8000
                0x00000000                FLASH_START = 0x0
                0x00040000                FLASH_LENGTH = 0x40000
                0x40100000                DATA_FLASH_START = 0x40100000
                0x00002000                DATA_FLASH_LENGTH = 0x2000
                0x00000000                OPTION_SETTING_START = 0x0
                0x00000000                OPTION_SETTING_LENGTH = 0x0
                0x00000000                OPTION_SETTING_S_START = 0x0
                0x00000000                OPTION_SETTING_S_LENGTH = 0x0
                0x01010018                ID_CODE_START = 0x1010018
                0x00000020                ID_CODE_LENGTH = 0x20
                0x90000000                SDRAM_START = 0x90000000
                0x00000000                SDRAM_LENGTH = 0x0
                0x60000000                QSPI_FLASH_START = 0x60000000
                0x00000000                QSPI_FLASH_LENGTH = 0x0
                0x68000000                OSPI_DEVICE_0_START = 0x68000000
                0x00000000                OSPI_DEVICE_0_LENGTH = 0x0
                0x70000000                OSPI_DEVICE_1_START = 0x70000000
                0x00000000                OSPI_DEVICE_1_LENGTH = 0x0
                0x00004000                FLASH_IMAGE_START = 0x4000
                0x00000100                VECTOR_TABLE_LENGTH = 0x100
                0x00000400                BSP_CFG_STACK_MAIN_BYTES = 0x400
START GROUP
LOAD c:/users/83tuc/.platformio/packages/toolchain-gccarmnoneeabi/bin/../lib/gcc/arm-none-eabi/7.2.1/thumb/v7e-m/fpv4-sp/hard\libgcc.a
LOAD c:/users/83tuc/.platformio/packages/toolchain-gccarmnoneeabi/bin/../lib/gcc/arm-none-eabi/7.2.1/../../../../arm-none-eabi/lib/thumb/v7e-m/fpv4-sp/hard\libc.a
LOAD c:/users/83tuc/.platformio/packages/toolchain-gccarmnoneeabi/bin/../lib/gcc/arm-none-eabi/7.2.1/../../../../arm-none-eabi/lib/thumb/v7e-m/fpv4-sp/hard\libm.a
LOAD c:/users/83tuc/.platformio/packages/toolchain-gccarmnoneeabi/bin/../lib/gcc/arm-none-eabi/7.2.1/../../../../arm-none-eabi/lib/thumb/v7e-m/fpv4-sp/hard\libnosys.a
END GROUP

.text           0x00004000     0xcb5c
                0x00000000                __tz_FLASH_S = ABSOLUTE (FLASH_START)
                0x00004000                __ROM_Start = .
 *(.sketch_boot)
                0x00004000                . = ALIGN (0x800)
 *(.fixed_vectors*)
 .fixed_vectors
                0x00004000       0x40 C:\Users\83tuc\.platformio\packages\framework-arduinorenesas-uno\variants\UNOWIFIR4\libs\libfsp.a(startup.o)
                0x00004000                __Vectors
 *(.application_vectors*)
 .application_vectors
                0x00004040       0x80 .pio\build\uno_r4_wifi\libFrameworkArduino.a(vector_table.c.o)
                0x00004040                g_vector_table
                0x000040c0                __Vectors_End = .
 *(.text*)
 .text          0x000040c0       0x40 c:/users/83tuc/.platformio/packages/toolchain-gccarmnoneeabi/bin/../lib/gcc/arm-none-eabi/7.2.1/thumb/v7e-m/fpv4-sp/hard/crtbegin.o
 .text._Z12calibrateOneiRi
                0x00004100       0x36 .pio\build\uno_r4_wifi\src\main.cpp.o
                0x00004100                calibrateOne(int, int&)
 *fill*         0x00004136        0x2 ff
 .text._Z13calibrateBothv
                0x00004138       0x20 .pio\build\uno_r4_wifi\src\main.cpp.o
                0x00004138                calibrateBoth()
 .text._Z9heartLoopv
                0x00004158       0x50 .pio\build\uno_r4_wifi\src\main.cpp.o
                0x00004158                heartLoop()
 .text._Z15printWifiStatusv
                0x000041a8       0x74 .pio\build\uno_r4_wifi\src\main.cpp.o
                0x000041a8                printWifiStatus()
 .text.startup._GLOBAL__sub_I_averageLightLeft
                0x0000421c        0xc .pio\build\uno_r4_wifi\src\main.cpp.o
 .text.exit._GLOBAL__sub_D_averageLightLeft
                0x00004228        0xc .pio\build\uno_r4_wifi\src\main.cpp.o
 .text._Z12read_requestv
                0x00004234       0x28 .pio\build\uno_r4_wifi\src\main.cpp.o
                0x00004234                read_request()
 .text._Z11httpRequesti
                0x0000425c       0x78 .pio\build\uno_r4_wifi\src\main.cpp.o
                0x0000425c                httpRequest(int)
 .text.loop     0x000042d4       0x12 .pio\build\uno_r4_wifi\src\main.cpp.o
                0x000042d4                loop
 *fill*         0x000042e6        0x2 ff
 .text.setup    0x000042e8       0xac .pio\build\uno_r4_wifi\src\main.cpp.o
                0x000042e8                setup
 .text._ZNSt7__cxx1112basic_stringIcSt11char_traitsIcESaIcEE9_M_createERjj.isra.24
                0x00004394       0x34 .pio\build\uno_r4_wifi\lib0bc\libWiFiS3.a(WiFi.cpp.o)
 .text._ZN5CWifiC2Ev
                0x000043c8       0x68 .pio\build\uno_r4_wifi\lib0bc\libWiFiS3.a(WiFi.cpp.o)
                0x000043c8                CWifi::CWifi()
                0x000043c8                CWifi::CWifi()
 .text._ZNSt7__cxx1112basic_stringIcSt11char_traitsIcESaIcEE10_M_disposeEv
                0x00004430       0x10 .pio\build\uno_r4_wifi\lib0bc\libWiFiS3.a(WiFi.cpp.o)
                0x00004430                std::__cxx11::basic_string<char, std::char_traits<char>, std::allocator<char> >::_M_dispose()
 .text._ZNSt7__cxx1112basic_stringIcSt11char_traitsIcESaIcEE7_S_copyEPcPKcj
                0x00004440       0x1a .pio\build\uno_r4_wifi\lib0bc\libWiFiS3.a(WiFi.cpp.o)
                0x00004440                std::__cxx11::basic_string<char, std::char_traits<char>, std::allocator<char> >::_S_copy(char*, char const*, unsigned int)
 .text._ZNSt7__cxx1112basic_stringIcSt11char_traitsIcESaIcEE9_M_assignERKS4_
                0x0000445a       0x4e .pio\build\uno_r4_wifi\lib0bc\libWiFiS3.a(WiFi.cpp.o)
                0x0000445a                std::__cxx11::basic_string<char, std::char_traits<char>, std::allocator<char> >::_M_assign(std::__cxx11::basic_string<char, std::char_traits<char>, std::allocator<char> > const&)
 .text._ZNSt7__cxx1112basic_stringIcSt11char_traitsIcESaIcEE12_M_constructIPKcEEvT_S8_St20forward_iterator_tag.isra.25
                0x000044a8       0x44 .pio\build\uno_r4_wifi\lib0bc\libWiFiS3.a(WiFi.cpp.o)
 .text._ZNSt7__cxx1112basic_stringIcSt11char_traitsIcESaIcEEC2EPKcRKS3_.constprop.34
                0x000044ec       0x28 .pio\build\uno_r4_wifi\lib0bc\libWiFiS3.a(WiFi.cpp.o)
 .text._ZN5CWifi4SSIDEv
                0x00004514       0xd8 .pio\build\uno_r4_wifi\lib0bc\libWiFiS3.a(WiFi.cpp.o)
                0x00004514                CWifi::SSID()
 .text._ZN5CWifi6statusEv
                0x000045ec       0x60 .pio\build\uno_r4_wifi\lib0bc\libWiFiS3.a(WiFi.cpp.o)
                0x000045ec                CWifi::status()
 .text._ZN5CWifi5beginEPKcS1_
                0x0000464c       0xd0 .pio\build\uno_r4_wifi\lib0bc\libWiFiS3.a(WiFi.cpp.o)
                0x0000464c                CWifi::begin(char const*, char const*)
 .text._ZN5CWifi4RSSIEv
                0x0000471c       0x50 .pio\build\uno_r4_wifi\lib0bc\libWiFiS3.a(WiFi.cpp.o)
                0x0000471c                CWifi::RSSI()
 .text._ZN5CWifi7localIPEv
                0x0000476c       0xd8 .pio\build\uno_r4_wifi\lib0bc\libWiFiS3.a(WiFi.cpp.o)
                0x0000476c                CWifi::localIP()
 .text._ZN5CWifi15firmwareVersionEv
                0x00004844       0x7c .pio\build\uno_r4_wifi\lib0bc\libWiFiS3.a(WiFi.cpp.o)
                0x00004844                CWifi::firmwareVersion()
 .text.startup._GLOBAL__sub_I__ZN5CWifiC2Ev
                0x000048c0        0xc .pio\build\uno_r4_wifi\lib0bc\libWiFiS3.a(WiFi.cpp.o)
 .text.exit._GLOBAL__sub_D__ZN5CWifiC2Ev
                0x000048cc       0x1c .pio\build\uno_r4_wifi\lib0bc\libWiFiS3.a(WiFi.cpp.o)
 .text._ZN7arduino5Print17availableForWriteEv
                0x000048e8        0x4 .pio\build\uno_r4_wifi\lib0bc\libWiFiS3.a(WiFiClient.cpp.o)
                0x000048e8                arduino::Print::availableForWrite()
 .text._ZN10WiFiClientcvbEv
                0x000048ec        0xa .pio\build\uno_r4_wifi\lib0bc\libWiFiS3.a(WiFiClient.cpp.o)
                0x000048ec                WiFiClient::operator bool()
 .text._ZN10WiFiClientneERKS_
                0x000048f6       0x10 .pio\build\uno_r4_wifi\lib0bc\libWiFiS3.a(WiFiClient.cpp.o)
                0x000048f6                WiFiClient::operator!=(WiFiClient const&)
 .text._ZN10WiFiClient5writeEh
                0x00004906       0x16 .pio\build\uno_r4_wifi\lib0bc\libWiFiS3.a(WiFiClient.cpp.o)
                0x00004906                WiFiClient::write(unsigned char)
 .text._ZN10WiFiClient4readEv
                0x0000491c       0x20 .pio\build\uno_r4_wifi\lib0bc\libWiFiS3.a(WiFiClient.cpp.o)
                0x0000491c                WiFiClient::read()
 .text._ZN10WiFiClienteqERKS_
                0x0000493c        0xc .pio\build\uno_r4_wifi\lib0bc\libWiFiS3.a(WiFiClient.cpp.o)
                0x0000493c                WiFiClient::operator==(WiFiClient const&)
 .text._ZNSt15_Sp_counted_ptrIPN7arduino10FifoBufferIhLm1024EEELN9__gnu_cxx12_Lock_policyE0EED2Ev
                0x00004948        0x2 .pio\build\uno_r4_wifi\lib0bc\libWiFiS3.a(WiFiClient.cpp.o)
                0x00004948                std::_Sp_counted_ptr<arduino::FifoBuffer<unsigned char, 1024ul>*, (__gnu_cxx::_Lock_policy)0>::~_Sp_counted_ptr()
                0x00004948                std::_Sp_counted_ptr<arduino::FifoBuffer<unsigned char, 1024ul>*, (__gnu_cxx::_Lock_policy)0>::~_Sp_counted_ptr()
 .text._ZNSt15_Sp_counted_ptrIPN7arduino10FifoBufferIhLm1024EEELN9__gnu_cxx12_Lock_policyE0EE14_M_get_deleterERKSt9type_info
                0x0000494a        0x4 .pio\build\uno_r4_wifi\lib0bc\libWiFiS3.a(WiFiClient.cpp.o)
                0x0000494a                std::_Sp_counted_ptr<arduino::FifoBuffer<unsigned char, 1024ul>*, (__gnu_cxx::_Lock_policy)0>::_M_get_deleter(std::type_info const&)
 .text._ZNSt15_Sp_counted_ptrIPN7arduino10FifoBufferIhLm1024EEELN9__gnu_cxx12_Lock_policyE0EE10_M_disposeEv
                0x0000494e        0xa .pio\build\uno_r4_wifi\lib0bc\libWiFiS3.a(WiFiClient.cpp.o)
                0x0000494e                std::_Sp_counted_ptr<arduino::FifoBuffer<unsigned char, 1024ul>*, (__gnu_cxx::_Lock_policy)0>::_M_dispose()
 .text._ZNSt15_Sp_counted_ptrIPN7arduino10FifoBufferIhLm1024EEELN9__gnu_cxx12_Lock_policyE0EED0Ev
                0x00004958        0xe .pio\build\uno_r4_wifi\lib0bc\libWiFiS3.a(WiFiClient.cpp.o)
                0x00004958                std::_Sp_counted_ptr<arduino::FifoBuffer<unsigned char, 1024ul>*, (__gnu_cxx::_Lock_policy)0>::~_Sp_counted_ptr()
 .text._ZNSt15_Sp_counted_ptrIPN7arduino10FifoBufferIhLm1024EEELN9__gnu_cxx12_Lock_policyE0EE10_M_destroyEv
                0x00004966        0x8 .pio\build\uno_r4_wifi\lib0bc\libWiFiS3.a(WiFiClient.cpp.o)
                0x00004966                std::_Sp_counted_ptr<arduino::FifoBuffer<unsigned char, 1024ul>*, (__gnu_cxx::_Lock_policy)0>::_M_destroy()
 .text._ZN10WiFiClient7connectEN7arduino9IPAddressEt
                0x0000496e       0x26 .pio\build\uno_r4_wifi\lib0bc\libWiFiS3.a(WiFiClient.cpp.o)
                0x0000496e                WiFiClient::connect(arduino::IPAddress, unsigned short)
 .text._ZNSt16_Sp_counted_baseILN9__gnu_cxx12_Lock_policyE0EE10_M_releaseEv.part.6
                0x00004994       0x20 .pio\build\uno_r4_wifi\lib0bc\libWiFiS3.a(WiFiClient.cpp.o)
 .text._ZNSt7__cxx1112basic_stringIcSt11char_traitsIcESaIcEEC2EPKcRKS3_.constprop.43
                0x000049b4       0x54 .pio\build\uno_r4_wifi\lib0bc\libWiFiS3.a(WiFiClient.cpp.o)
 .text._ZN7__GuardD2Ev
                0x00004a08        0xc .pio\build\uno_r4_wifi\lib0bc\libWiFiS3.a(WiFiClient.cpp.o)
                0x00004a08                __Guard::~__Guard()
                0x00004a08                __Guard::~__Guard()
 .text._ZN7arduino10FifoBufferIhLm1024EE9availableEv.isra.7
                0x00004a14       0x2c .pio\build\uno_r4_wifi\lib0bc\libWiFiS3.a(WiFiClient.cpp.o)
 .text._ZN7arduino10FifoBufferIhLm1024EE9nextIndexEm.isra.14
                0x00004a40       0x2e .pio\build\uno_r4_wifi\lib0bc\libWiFiS3.a(WiFiClient.cpp.o)
 .text._ZNSt14__shared_countILN9__gnu_cxx12_Lock_policyE0EED2Ev
                0x00004a6e       0x18 .pio\build\uno_r4_wifi\lib0bc\libWiFiS3.a(WiFiClient.cpp.o)
                0x00004a6e                std::__shared_count<(__gnu_cxx::_Lock_policy)0>::~__shared_count()
                0x00004a6e                std::__shared_count<(__gnu_cxx::_Lock_policy)0>::~__shared_count()
 *fill*         0x00004a86        0x2 ff
 .text._ZN10WiFiClientD2Ev
                0x00004a88       0x18 .pio\build\uno_r4_wifi\lib0bc\libWiFiS3.a(WiFiClient.cpp.o)
                0x00004a88                WiFiClient::~WiFiClient()
                0x00004a88                WiFiClient::~WiFiClient()
 .text._ZN10WiFiClient9getSocketEv
                0x00004aa0       0x80 .pio\build\uno_r4_wifi\lib0bc\libWiFiS3.a(WiFiClient.cpp.o)
                0x00004aa0                WiFiClient::getSocket()
 .text._ZN10WiFiClient7connectEPKct
                0x00004b20       0xb0 .pio\build\uno_r4_wifi\lib0bc\libWiFiS3.a(WiFiClient.cpp.o)
                0x00004b20                WiFiClient::connect(char const*, unsigned short)
 .text._ZN10WiFiClient5writeEPKhj
                0x00004bd0       0x80 .pio\build\uno_r4_wifi\lib0bc\libWiFiS3.a(WiFiClient.cpp.o)
                0x00004bd0                WiFiClient::write(unsigned char const*, unsigned int)
 .text._ZN10WiFiClient9availableEv
                0x00004c50       0x98 .pio\build\uno_r4_wifi\lib0bc\libWiFiS3.a(WiFiClient.cpp.o)
                0x00004c50                WiFiClient::available()
 .text._ZN10WiFiClient5_readEv
                0x00004ce8      0x138 .pio\build\uno_r4_wifi\lib0bc\libWiFiS3.a(WiFiClient.cpp.o)
                0x00004ce8                WiFiClient::_read()
 .text._ZN10WiFiClient14read_if_neededEj
                0x00004e20       0x22 .pio\build\uno_r4_wifi\lib0bc\libWiFiS3.a(WiFiClient.cpp.o)
                0x00004e20                WiFiClient::read_if_needed(unsigned int)
 .text._ZN10WiFiClient4readEPhj
                0x00004e42       0x88 .pio\build\uno_r4_wifi\lib0bc\libWiFiS3.a(WiFiClient.cpp.o)
                0x00004e42                WiFiClient::read(unsigned char*, unsigned int)
 .text._ZN10WiFiClient4peekEv
                0x00004eca       0x2c .pio\build\uno_r4_wifi\lib0bc\libWiFiS3.a(WiFiClient.cpp.o)
                0x00004eca                WiFiClient::peek()
 *fill*         0x00004ef6        0x2 ff
 .text._ZN10WiFiClient5flushEv
                0x00004ef8       0x60 .pio\build\uno_r4_wifi\lib0bc\libWiFiS3.a(WiFiClient.cpp.o)
                0x00004ef8                WiFiClient::flush()
 .text._ZN10WiFiClient4stopEv
                0x00004f58       0x78 .pio\build\uno_r4_wifi\lib0bc\libWiFiS3.a(WiFiClient.cpp.o)
                0x00004f58                WiFiClient::stop()
 .text._ZN10WiFiClient9connectedEv
                0x00004fd0       0x80 .pio\build\uno_r4_wifi\lib0bc\libWiFiS3.a(WiFiClient.cpp.o)
                0x00004fd0                WiFiClient::connected()
 .text._ZN10WiFiClient8remoteIPEv
                0x00005050       0xa8 .pio\build\uno_r4_wifi\lib0bc\libWiFiS3.a(WiFiClient.cpp.o)
                0x00005050                WiFiClient::remoteIP()
 .text._ZN10WiFiClient10remotePortEv
                0x000050f8       0x74 .pio\build\uno_r4_wifi\lib0bc\libWiFiS3.a(WiFiClient.cpp.o)
                0x000050f8                WiFiClient::remotePort()
 .text._ZNSt12__shared_ptrIN7arduino10FifoBufferIhLm1024EEELN9__gnu_cxx12_Lock_policyE0EEaSEOS5_
                0x0000516c       0x28 .pio\build\uno_r4_wifi\lib0bc\libWiFiS3.a(WiFiClient.cpp.o)
                0x0000516c                std::__shared_ptr<arduino::FifoBuffer<unsigned char, 1024ul>, (__gnu_cxx::_Lock_policy)0>::operator=(std::__shared_ptr<arduino::FifoBuffer<unsigned char, 1024ul>, (__gnu_cxx::_Lock_policy)0>&&)
 .text._ZN10WiFiClientC2Ev
                0x00005194       0x74 .pio\build\uno_r4_wifi\lib0bc\libWiFiS3.a(WiFiClient.cpp.o)
                0x00005194                WiFiClient::WiFiClient()
                0x00005194                WiFiClient::WiFiClient()
 .text._ZNSt7__cxx1112basic_stringIcSt11char_traitsIcESaIcEE9_M_createERjj.isra.21
                0x00005208       0x34 .pio\build\uno_r4_wifi\lib0bc\libWiFiS3.a(Modem.cpp.o)
 .text._ZN10ModemClassD2Ev
                0x0000523c       0x18 .pio\build\uno_r4_wifi\lib0bc\libWiFiS3.a(Modem.cpp.o)
                0x0000523c                ModemClass::~ModemClass()
                0x0000523c                ModemClass::~ModemClass()
 .text._ZN10ModemClass12write_nowaitERKNSt7__cxx1112basic_stringIcSt11char_traitsIcESaIcEEERS5_PKcz
                0x00005254       0x6c .pio\build\uno_r4_wifi\lib0bc\libWiFiS3.a(Modem.cpp.o)
                0x00005254                ModemClass::write_nowait(std::__cxx11::basic_string<char, std::char_traits<char>, std::allocator<char> > const&, std::__cxx11::basic_string<char, std::char_traits<char>, std::allocator<char> >&, char const*, ...)
 .text._ZNKSt7__cxx1112basic_stringIcSt11char_traitsIcESaIcEE7compareEPKc
                0x000052c0       0x28 .pio\build\uno_r4_wifi\lib0bc\libWiFiS3.a(Modem.cpp.o)
                0x000052c0                std::__cxx11::basic_string<char, std::char_traits<char>, std::allocator<char> >::compare(char const*) const
 .text._ZNSt7__cxx1112basic_stringIcSt11char_traitsIcESaIcEEC2EPKcRKS3_
                0x000052e8       0x50 .pio\build\uno_r4_wifi\lib0bc\libWiFiS3.a(Modem.cpp.o)
                0x000052e8                std::__cxx11::basic_string<char, std::char_traits<char>, std::allocator<char> >::basic_string(char const*, std::allocator<char> const&)
                0x000052e8                std::__cxx11::basic_string<char, std::char_traits<char>, std::allocator<char> >::basic_string(char const*, std::allocator<char> const&)
 .text._ZNSt7__cxx1112basic_stringIcSt11char_traitsIcESaIcEE9_M_mutateEjjPKcj
                0x00005338       0x7e .pio\build\uno_r4_wifi\lib0bc\libWiFiS3.a(Modem.cpp.o)
                0x00005338                std::__cxx11::basic_string<char, std::char_traits<char>, std::allocator<char> >::_M_mutate(unsigned int, unsigned int, char const*, unsigned int)
 .text._ZNSt7__cxx1112basic_stringIcSt11char_traitsIcESaIcEE9push_backEc
                0x000053b6       0x3e .pio\build\uno_r4_wifi\lib0bc\libWiFiS3.a(Modem.cpp.o)
                0x000053b6                std::__cxx11::basic_string<char, std::char_traits<char>, std::allocator<char> >::push_back(char)
 .text._ZNSt7__cxx1112basic_stringIcSt11char_traitsIcESaIcEE7_S_moveEPcPKcj
                0x000053f4       0x1a .pio\build\uno_r4_wifi\lib0bc\libWiFiS3.a(Modem.cpp.o)
                0x000053f4                std::__cxx11::basic_string<char, std::char_traits<char>, std::allocator<char> >::_S_move(char*, char const*, unsigned int)
 *fill*         0x0000540e        0x2 ff
 .text._ZNSt7__cxx1112basic_stringIcSt11char_traitsIcESaIcEE10_M_replaceEjjPKcj
                0x00005410       0xfc .pio\build\uno_r4_wifi\lib0bc\libWiFiS3.a(Modem.cpp.o)
                0x00005410                std::__cxx11::basic_string<char, std::char_traits<char>, std::allocator<char> >::_M_replace(unsigned int, unsigned int, char const*, unsigned int)
 .text._ZNSt7__cxx1112basic_stringIcSt11char_traitsIcESaIcEEaSEPKc
                0x0000550c       0x1e .pio\build\uno_r4_wifi\lib0bc\libWiFiS3.a(Modem.cpp.o)
                0x0000550c                std::__cxx11::basic_string<char, std::char_traits<char>, std::allocator<char> >::operator=(char const*)
 *fill*         0x0000552a        0x2 ff
 .text._ZN10ModemClass8buf_readERKNSt7__cxx1112basic_stringIcSt11char_traitsIcESaIcEEERS5_
                0x0000552c      0x338 .pio\build\uno_r4_wifi\lib0bc\libWiFiS3.a(Modem.cpp.o)
                0x0000552c                ModemClass::buf_read(std::__cxx11::basic_string<char, std::char_traits<char>, std::allocator<char> > const&, std::__cxx11::basic_string<char, std::char_traits<char>, std::allocator<char> >&)
 .text._ZN10ModemClass11passthroughEPKhj
                0x00005864       0xa0 .pio\build\uno_r4_wifi\lib0bc\libWiFiS3.a(Modem.cpp.o)
                0x00005864                ModemClass::passthrough(unsigned char const*, unsigned int)
 .text._ZN10ModemClass5writeERKNSt7__cxx1112basic_stringIcSt11char_traitsIcESaIcEEERS5_PKcz
                0x00005904       0xdc .pio\build\uno_r4_wifi\lib0bc\libWiFiS3.a(Modem.cpp.o)
                0x00005904                ModemClass::write(std::__cxx11::basic_string<char, std::char_traits<char>, std::allocator<char> > const&, std::__cxx11::basic_string<char, std::char_traits<char>, std::allocator<char> >&, char const*, ...)
 .text._ZN10ModemClass5beginEii
                0x000059e0       0x94 .pio\build\uno_r4_wifi\lib0bc\libWiFiS3.a(Modem.cpp.o)
                0x000059e0                ModemClass::begin(int, int)
 .text.startup._GLOBAL__sub_I__ZN10ModemClassC2Eii
                0x00005a74       0x28 .pio\build\uno_r4_wifi\lib0bc\libWiFiS3.a(Modem.cpp.o)
 .text.exit._GLOBAL__sub_D__ZN10ModemClassC2Eii
                0x00005a9c        0xc .pio\build\uno_r4_wifi\lib0bc\libWiFiS3.a(Modem.cpp.o)
 .text.startup.main
                0x00005aa8        0xa .pio\build\uno_r4_wifi\libFrameworkArduinoVariant.a(main.c.o)
                0x00005aa8                main
 .text._ZN4UARTcvbEv
                0x00005ab2        0x4 .pio\build\uno_r4_wifi\libFrameworkArduino.a(Serial.cpp.o)
                0x00005ab2                UART::operator bool()
 .text._ZN4UART5beginEm
                0x00005ab6        0xa .pio\build\uno_r4_wifi\libFrameworkArduino.a(Serial.cpp.o)
                0x00005ab6                UART::begin(unsigned long)
 .text._ZN4UART5flushEv
                0x00005ac0        0xa .pio\build\uno_r4_wifi\libFrameworkArduino.a(Serial.cpp.o)
                0x00005ac0                UART::flush()
 .text._ZN4UART4peekEv
                0x00005aca       0x18 .pio\build\uno_r4_wifi\libFrameworkArduino.a(Serial.cpp.o)
                0x00005aca                UART::peek()
 .text._ZN4UART5writeEh
                0x00005ae2       0x34 .pio\build\uno_r4_wifi\libFrameworkArduino.a(Serial.cpp.o)
                0x00005ae2                UART::write(unsigned char)
 .text._ZN4UART3endEv
                0x00005b16       0x22 .pio\build\uno_r4_wifi\libFrameworkArduino.a(Serial.cpp.o)
                0x00005b16                UART::end()
 .text._ZN4UART9availableEv
                0x00005b38       0x32 .pio\build\uno_r4_wifi\libFrameworkArduino.a(Serial.cpp.o)
                0x00005b38                UART::available()
 *fill*         0x00005b6a        0x2 ff
 .text._ZN4UART15WrapperCallbackEP20st_uart_callback_arg
                0x00005b6c       0x90 .pio\build\uno_r4_wifi\libFrameworkArduino.a(Serial.cpp.o)
                0x00005b6c                UART::WrapperCallback(st_uart_callback_arg*)
 .text._ZN4UART4readEv
                0x00005bfc       0x5c .pio\build\uno_r4_wifi\libFrameworkArduino.a(Serial.cpp.o)
                0x00005bfc                UART::read()
 .text._ZN4UARTC2Eiiii
                0x00005c58       0x78 .pio\build\uno_r4_wifi\libFrameworkArduino.a(Serial.cpp.o)
                0x00005c58                UART::UART(int, int, int, int)
                0x00005c58                UART::UART(int, int, int, int)
 .text._ZN4UART13setUpUartIrqsER11st_uart_cfg
                0x00005cd0       0x14 .pio\build\uno_r4_wifi\libFrameworkArduino.a(Serial.cpp.o)
                0x00005cd0                UART::setUpUartIrqs(st_uart_cfg&)
 .text._ZN4UART5writeEPhj
                0x00005ce4       0x2e .pio\build\uno_r4_wifi\libFrameworkArduino.a(Serial.cpp.o)
                0x00005ce4                UART::write(unsigned char*, unsigned int)
 *fill*         0x00005d12        0x2 ff
 .text._ZN4UART8cfg_pinsEi
                0x00005d14       0xe8 .pio\build\uno_r4_wifi\libFrameworkArduino.a(Serial.cpp.o)
                0x00005d14                UART::cfg_pins(int)
 .text._ZN4UART5beginEmt
                0x00005dfc      0x1a8 .pio\build\uno_r4_wifi\libFrameworkArduino.a(Serial.cpp.o)
                0x00005dfc                UART::begin(unsigned long, unsigned short)
 .text._ZN4UART9write_rawEPhj
                0x00005fa4       0x1e .pio\build\uno_r4_wifi\libFrameworkArduino.a(Serial.cpp.o)
                0x00005fa4                UART::write_raw(unsigned char*, unsigned int)
 *fill*         0x00005fc2        0x2 ff
 .text.startup._GLOBAL__sub_I__UART1_
                0x00005fc4       0x1c .pio\build\uno_r4_wifi\libFrameworkArduino.a(SerialObj1.cpp.o)
 .text.startup._GLOBAL__sub_I__UART3_
                0x00005fe0       0x1c .pio\build\uno_r4_wifi\libFrameworkArduino.a(SerialObj3.cpp.o)
 .text._ZL13readAllGroupAP13ADC_Container
                0x00005ffc       0x2c .pio\build\uno_r4_wifi\libFrameworkArduino.a(analog.cpp.o)
 .text._ZL11ADC_irq_cbkP20st_adc_callback_args
                0x00006028       0x58 .pio\build\uno_r4_wifi\libFrameworkArduino.a(analog.cpp.o)
 .text._ZL10adcConvertP13ADC_Containert
                0x00006080       0xa4 .pio\build\uno_r4_wifi\libFrameworkArduino.a(analog.cpp.o)
 .text._ZL21get_ADC_container_ptrlRt.constprop.4
                0x00006124       0x38 .pio\build\uno_r4_wifi\libFrameworkArduino.a(analog.cpp.o)
 .text._ZN13ADC_ContainerC2EhPFvP20st_adc_callback_argsEPv
                0x0000615c       0x6e .pio\build\uno_r4_wifi\libFrameworkArduino.a(analog.cpp.o)
                0x0000615c                ADC_Container::ADC_Container(unsigned char, void (*)(st_adc_callback_args*), void*)
                0x0000615c                ADC_Container::ADC_Container(unsigned char, void (*)(st_adc_callback_args*), void*)
 .text._ZN13ADC_ContainerD2Ev
                0x000061ca       0x12 .pio\build\uno_r4_wifi\libFrameworkArduino.a(analog.cpp.o)
                0x000061ca                ADC_Container::~ADC_Container()
                0x000061ca                ADC_Container::~ADC_Container()
 .text.analogRead
                0x000061dc       0x3c .pio\build\uno_r4_wifi\libFrameworkArduino.a(analog.cpp.o)
                0x000061dc                analogRead
 .text.analogReference
                0x00006218       0x5c .pio\build\uno_r4_wifi\libFrameworkArduino.a(analog.cpp.o)
                0x00006218                analogReference
 *fill*         0x00006274        0x4 ff
 .text._Z15analogReferencev
                0x00006278      0x10c .pio\build\uno_r4_wifi\libFrameworkArduino.a(analog.cpp.o)
                0x00006278                analogReference()
 .text._Z23__get_timer_for_channeli
                0x00006384       0x2c .pio\build\uno_r4_wifi\libFrameworkArduino.a(analog.cpp.o)
                0x00006384                __get_timer_for_channel(int)
 .text.startup._GLOBAL__sub_I__ZN13ADC_ContainerC2EhPFvP20st_adc_callback_argsEPv
                0x000063b0       0x4c .pio\build\uno_r4_wifi\libFrameworkArduino.a(analog.cpp.o)
 .text.exit._GLOBAL__sub_D__ZN13ADC_ContainerC2EhPFvP20st_adc_callback_argsEPv
                0x000063fc       0x1c .pio\build\uno_r4_wifi\libFrameworkArduino.a(analog.cpp.o)
 .text._Z3maplllll
                0x00006418       0x14 .pio\build\uno_r4_wifi\libFrameworkArduino.a(Common.cpp.o)
                0x00006418                map(long, long, long, long, long)
 .text._ZNK7arduino9IPAddress7printToERNS_5PrintE
                0x0000642c      0x17c .pio\build\uno_r4_wifi\libFrameworkArduino.a(IPAddress.cpp.o)
                0x0000642c                arduino::IPAddress::printTo(arduino::Print&) const
 .text._ZN7arduino9IPAddressC2ENS_6IPTypeE
                0x000065a8       0x1c .pio\build\uno_r4_wifi\libFrameworkArduino.a(IPAddress.cpp.o)
                0x000065a8                arduino::IPAddress::IPAddress(arduino::IPType)
                0x000065a8                arduino::IPAddress::IPAddress(arduino::IPType)
 .text._ZN7arduino9IPAddressC2Ev
                0x000065c4        0xe .pio\build\uno_r4_wifi\libFrameworkArduino.a(IPAddress.cpp.o)
                0x000065c4                arduino::IPAddress::IPAddress()
                0x000065c4                arduino::IPAddress::IPAddress()
 *fill*         0x000065d2        0x2 ff
 .text._ZN7arduino9IPAddressC2Ehhhh
                0x000065d4       0x30 .pio\build\uno_r4_wifi\libFrameworkArduino.a(IPAddress.cpp.o)
                0x000065d4                arduino::IPAddress::IPAddress(unsigned char, unsigned char, unsigned char, unsigned char)
                0x000065d4                arduino::IPAddress::IPAddress(unsigned char, unsigned char, unsigned char, unsigned char)
 .text._ZNK7arduino9IPAddress9toString4Ev
                0x00006604       0x34 .pio\build\uno_r4_wifi\libFrameworkArduino.a(IPAddress.cpp.o)
                0x00006604                arduino::IPAddress::toString4() const
 .text._ZNK7arduino9IPAddress9toString6Ev
                0x00006638       0x60 .pio\build\uno_r4_wifi\libFrameworkArduino.a(IPAddress.cpp.o)
                0x00006638                arduino::IPAddress::toString6() const
 .text._ZNK7arduino9IPAddress8toStringEv
                0x00006698       0x16 .pio\build\uno_r4_wifi\libFrameworkArduino.a(IPAddress.cpp.o)
                0x00006698                arduino::IPAddress::toString() const
 .text._ZN7arduino9IPAddress11fromString4EPKc
                0x000066ae       0x70 .pio\build\uno_r4_wifi\libFrameworkArduino.a(IPAddress.cpp.o)
                0x000066ae                arduino::IPAddress::fromString4(char const*)
 .text._ZN7arduino9IPAddress11fromString6EPKc
                0x0000671e       0xfa .pio\build\uno_r4_wifi\libFrameworkArduino.a(IPAddress.cpp.o)
                0x0000671e                arduino::IPAddress::fromString6(char const*)
 .text._ZN7arduino9IPAddress10fromStringEPKc
                0x00006818       0x1a .pio\build\uno_r4_wifi\libFrameworkArduino.a(IPAddress.cpp.o)
                0x00006818                arduino::IPAddress::fromString(char const*)
 *fill*         0x00006832        0x2 ff
 .text.startup._GLOBAL__sub_I__ZN7arduino9IPAddressC2Ev
                0x00006834       0x28 .pio\build\uno_r4_wifi\libFrameworkArduino.a(IPAddress.cpp.o)
 .text._ZN7arduino5Print5writeEPKhj
                0x0000685c       0x2c .pio\build\uno_r4_wifi\libFrameworkArduino.a(Print.cpp.o)
                0x0000685c                arduino::Print::write(unsigned char const*, unsigned int)
 .text._ZN7arduino5Print5writeEPKc.part.2
                0x00006888       0x1e .pio\build\uno_r4_wifi\libFrameworkArduino.a(Print.cpp.o)
 .text._ZN7arduino5Print5writeEPKc
                0x000068a6        0xa .pio\build\uno_r4_wifi\libFrameworkArduino.a(Print.cpp.o)
                0x000068a6                arduino::Print::write(char const*)
 .text._ZN7arduino5Print5printEPKc
                0x000068b0        0x8 .pio\build\uno_r4_wifi\libFrameworkArduino.a(Print.cpp.o)
                0x000068b0                arduino::Print::print(char const*)
 .text._ZN7arduino5Print5printEc
                0x000068b8        0x8 .pio\build\uno_r4_wifi\libFrameworkArduino.a(Print.cpp.o)
                0x000068b8                arduino::Print::print(char)
 .text._ZN7arduino5Print5printERKNS_9PrintableE
                0x000068c0        0xc .pio\build\uno_r4_wifi\libFrameworkArduino.a(Print.cpp.o)
                0x000068c0                arduino::Print::print(arduino::Printable const&)
 .text._ZN7arduino5Print7printlnEv
                0x000068cc        0xc .pio\build\uno_r4_wifi\libFrameworkArduino.a(Print.cpp.o)
                0x000068cc                arduino::Print::println()
 .text._ZN7arduino5Print7printlnEPKc
                0x000068d8       0x14 .pio\build\uno_r4_wifi\libFrameworkArduino.a(Print.cpp.o)
                0x000068d8                arduino::Print::println(char const*)
 .text._ZN7arduino5Print7printlnERKNS_9PrintableE
                0x000068ec       0x14 .pio\build\uno_r4_wifi\libFrameworkArduino.a(Print.cpp.o)
                0x000068ec                arduino::Print::println(arduino::Printable const&)
 .text._ZN7arduino5Print11printNumberEmh
                0x00006900       0x3c .pio\build\uno_r4_wifi\libFrameworkArduino.a(Print.cpp.o)
                0x00006900                arduino::Print::printNumber(unsigned long, unsigned char)
 .text._ZN7arduino5Print5printEli
                0x0000693c       0x44 .pio\build\uno_r4_wifi\libFrameworkArduino.a(Print.cpp.o)
                0x0000693c                arduino::Print::print(long, int)
 .text._ZN7arduino5Print5printEii
                0x00006980        0x4 .pio\build\uno_r4_wifi\libFrameworkArduino.a(Print.cpp.o)
                0x00006980                arduino::Print::print(int, int)
 .text._ZN7arduino5Print7printlnEii
                0x00006984       0x14 .pio\build\uno_r4_wifi\libFrameworkArduino.a(Print.cpp.o)
                0x00006984                arduino::Print::println(int, int)
 .text._ZN7arduino5Print5printEmi
                0x00006998       0x1a .pio\build\uno_r4_wifi\libFrameworkArduino.a(Print.cpp.o)
                0x00006998                arduino::Print::print(unsigned long, int)
 .text._ZN7arduino5Print5printEhi
                0x000069b2        0x4 .pio\build\uno_r4_wifi\libFrameworkArduino.a(Print.cpp.o)
                0x000069b2                arduino::Print::print(unsigned char, int)
 .text._ZN7arduino5Print5printEji
                0x000069b6        0x4 .pio\build\uno_r4_wifi\libFrameworkArduino.a(Print.cpp.o)
                0x000069b6                arduino::Print::print(unsigned int, int)
 .text._ZN7arduino6StringD2Ev
                0x000069ba       0x10 .pio\build\uno_r4_wifi\libFrameworkArduino.a(String.cpp.o)
                0x000069ba                arduino::String::~String()
                0x000069ba                arduino::String::~String()
 .text._ZN7arduino6String10invalidateEv
                0x000069ca       0x16 .pio\build\uno_r4_wifi\libFrameworkArduino.a(String.cpp.o)
                0x000069ca                arduino::String::invalidate()
 .text._ZN7arduino6String12changeBufferEj
                0x000069e0       0x18 .pio\build\uno_r4_wifi\libFrameworkArduino.a(String.cpp.o)
                0x000069e0                arduino::String::changeBuffer(unsigned int)
 .text._ZN7arduino6String7reserveEj
                0x000069f8       0x28 .pio\build\uno_r4_wifi\libFrameworkArduino.a(String.cpp.o)
                0x000069f8                arduino::String::reserve(unsigned int)
 .text._ZN7arduino6String4copyEPKcj
                0x00006a20       0x30 .pio\build\uno_r4_wifi\libFrameworkArduino.a(String.cpp.o)
                0x00006a20                arduino::String::copy(char const*, unsigned int)
 .text._ZN7arduino6StringC2EPKc
                0x00006a50       0x24 .pio\build\uno_r4_wifi\libFrameworkArduino.a(String.cpp.o)
                0x00006a50                arduino::String::String(char const*)
                0x00006a50                arduino::String::String(char const*)
 .text._ZNK7arduino6String9compareToEPKc
                0x00006a74       0x2a .pio\build\uno_r4_wifi\libFrameworkArduino.a(String.cpp.o)
                0x00006a74                arduino::String::compareTo(char const*) const
 *fill*         0x00006a9e        0x2 ff
 .text._ZN4CDacC2Eh
                0x00006aa0       0x6c .pio\build\uno_r4_wifi\libFrameworkArduino.a(dac.cpp.o)
                0x00006aa0                CDac::CDac(unsigned char)
                0x00006aa0                CDac::CDac(unsigned char)
 .text.startup._GLOBAL__sub_I__ZN4CDacC2Eh
                0x00006b0c        0xc .pio\build\uno_r4_wifi\libFrameworkArduino.a(dac.cpp.o)
 .text.R_BSP_PinAccessEnable
                0x00006b18       0x2c .pio\build\uno_r4_wifi\libFrameworkArduino.a(main.cpp.o)
 .text.start_freertos_on_header_inclusion
                0x00006b44        0x2 .pio\build\uno_r4_wifi\libFrameworkArduino.a(main.cpp.o)
                0x00006b44                start_freertos_on_header_inclusion
 .text.early_start_freertos_on_header_inclusion
                0x00006b46        0x2 .pio\build\uno_r4_wifi\libFrameworkArduino.a(main.cpp.o)
                0x00006b46                early_start_freertos_on_header_inclusion
 .text._Z12arduino_mainv
                0x00006b48       0x94 .pio\build\uno_r4_wifi\libFrameworkArduino.a(main.cpp.o)
                0x00006b48                arduino_main()
 .text._write   0x00006bdc        0xc .pio\build\uno_r4_wifi\libFrameworkArduino.a(main.cpp.o)
                0x00006bdc                _write
 .text.hal_entry
                0x00006be8        0x6 .pio\build\uno_r4_wifi\libFrameworkArduino.a(main.cpp.o)
                0x00006be8                hal_entry
 .text.atexit   0x00006bee        0x4 .pio\build\uno_r4_wifi\libFrameworkArduino.a(main.cpp.o)
                0x00006bee                atexit
 *fill*         0x00006bf2        0x2 ff
 .text._Z13pinPeripheral19e_bsp_io_port_pin_tm
                0x00006bf4       0x10 .pio\build\uno_r4_wifi\libFrameworkArduino.a(pinDefinitions.cpp.o)
                0x00006bf4                pinPeripheral(e_bsp_io_port_pin_t, unsigned long)
 .text._ZL21timer_micros_callbackP22st_timer_callback_args
                0x00006c04       0x10 .pio\build\uno_r4_wifi\libFrameworkArduino.a(time.cpp.o)
 .text.delayMicroseconds
                0x00006c14        0x6 .pio\build\uno_r4_wifi\libFrameworkArduino.a(time.cpp.o)
                0x00006c14                delayMicroseconds
 .text.yield    0x00006c1a        0x2 .pio\build\uno_r4_wifi\libFrameworkArduino.a(time.cpp.o)
                0x00006c1a                yield
 .text.delay    0x00006c1c       0x1c .pio\build\uno_r4_wifi\libFrameworkArduino.a(time.cpp.o)
                0x00006c1c                delay
 .text._Z8startAgtv
                0x00006c38       0x6c .pio\build\uno_r4_wifi\libFrameworkArduino.a(time.cpp.o)
                0x00006c38                startAgt()
 .text.millis   0x00006ca4        0xc .pio\build\uno_r4_wifi\libFrameworkArduino.a(time.cpp.o)
                0x00006ca4                millis
 .text.startup._GLOBAL__sub_I_delayMicroseconds
                0x00006cb0        0xc .pio\build\uno_r4_wifi\libFrameworkArduino.a(time.cpp.o)
 .text.exit._GLOBAL__sub_D_delayMicroseconds
                0x00006cbc        0xc .pio\build\uno_r4_wifi\libFrameworkArduino.a(time.cpp.o)
 .text._Z10getPinCfgsh11PinCfgReq_t
                0x00006cc8       0xe0 .pio\build\uno_r4_wifi\libFrameworkArduino.a(variant_helper.cpp.o)
                0x00006cc8                getPinCfgs(unsigned char, PinCfgReq_t)
 .text._ZN8FspTimerC2Ev
                0x00006da8       0x18 .pio\build\uno_r4_wifi\libFrameworkArduino.a(FspTimer.cpp.o)
                0x00006da8                FspTimer::FspTimer()
                0x00006da8                FspTimer::FspTimer()
 .text._ZN8FspTimer5beginE12e_timer_modehhmm18e_timer_source_divPFvP22st_timer_callback_argsEPv
                0x00006dc0      0x16c .pio\build\uno_r4_wifi\libFrameworkArduino.a(FspTimer.cpp.o)
                0x00006dc0                FspTimer::begin(e_timer_mode, unsigned char, unsigned char, unsigned long, unsigned long, e_timer_source_div, void (*)(st_timer_callback_args*), void*)
 .text._ZN8FspTimer4openEv
                0x00006f2c       0x4e .pio\build\uno_r4_wifi\libFrameworkArduino.a(FspTimer.cpp.o)
                0x00006f2c                FspTimer::open()
 .text._ZN8FspTimer5startEv
                0x00006f7a       0x2e .pio\build\uno_r4_wifi\libFrameworkArduino.a(FspTimer.cpp.o)
                0x00006f7a                FspTimer::start()
 .text._ZN8FspTimer5closeEv
                0x00006fa8       0x2e .pio\build\uno_r4_wifi\libFrameworkArduino.a(FspTimer.cpp.o)
                0x00006fa8                FspTimer::close()
 *fill*         0x00006fd6        0x2 ff
 .text._ZN8FspTimer3endEv
                0x00006fd8       0x48 .pio\build\uno_r4_wifi\libFrameworkArduino.a(FspTimer.cpp.o)
                0x00006fd8                FspTimer::end()
 .text._ZN8FspTimerD2Ev
                0x00007020        0xc .pio\build\uno_r4_wifi\libFrameworkArduino.a(FspTimer.cpp.o)
                0x00007020                FspTimer::~FspTimer()
                0x00007020                FspTimer::~FspTimer()
 .text._ZN8FspTimer15get_cfg_for_irqEv
                0x0000702c       0x14 .pio\build\uno_r4_wifi\libFrameworkArduino.a(FspTimer.cpp.o)
                0x0000702c                FspTimer::get_cfg_for_irq()
 .text._ZN8FspTimer9is_openedEv
                0x00007040       0x18 .pio\build\uno_r4_wifi\libFrameworkArduino.a(FspTimer.cpp.o)
                0x00007040                FspTimer::is_opened()
 .text._ZN8FspTimer18setup_overflow_irqEhPFvvE
                0x00007058       0x4e .pio\build\uno_r4_wifi\libFrameworkArduino.a(FspTimer.cpp.o)
                0x00007058                FspTimer::setup_overflow_irq(unsigned char, void (*)())
 *fill*         0x000070a6        0x2 ff
 .text.__NVIC_SetPriority
                0x000070a8       0x28 .pio\build\uno_r4_wifi\libFrameworkArduino.a(IRQManager.cpp.o)
 .text.R_BSP_IrqEnable
                0x000070d0       0x34 .pio\build\uno_r4_wifi\libFrameworkArduino.a(IRQManager.cpp.o)
 .text.R_BSP_IrqDisable
                0x00007104       0x24 .pio\build\uno_r4_wifi\libFrameworkArduino.a(IRQManager.cpp.o)
 .text.__tcf_0  0x00007128        0x2 .pio\build\uno_r4_wifi\libFrameworkArduino.a(IRQManager.cpp.o)
 *fill*         0x0000712a        0x2 ff
 .text._ZN10IRQManager11getInstanceEv
                0x0000712c       0x38 .pio\build\uno_r4_wifi\libFrameworkArduino.a(IRQManager.cpp.o)
                0x0000712c                IRQManager::getInstance()
 .text._ZN10IRQManager18set_ext_link_eventEii
                0x00007164       0xc8 .pio\build\uno_r4_wifi\libFrameworkArduino.a(IRQManager.cpp.o)
                0x00007164                IRQManager::set_ext_link_event(int, int)
 .text._ZN10IRQManager23set_gpt_over_link_eventEii
                0x0000722c       0x70 .pio\build\uno_r4_wifi\libFrameworkArduino.a(IRQManager.cpp.o)
                0x0000722c                IRQManager::set_gpt_over_link_event(int, int)
 .text._ZN10IRQManager18set_agt_link_eventEii
                0x0000729c       0x28 .pio\build\uno_r4_wifi\libFrameworkArduino.a(IRQManager.cpp.o)
                0x0000729c                IRQManager::set_agt_link_event(int, int)
 .text._ZN10IRQManager16addTimerOverflowER5timerPFvvE
                0x000072c4       0x80 .pio\build\uno_r4_wifi\libFrameworkArduino.a(IRQManager.cpp.o)
                0x000072c4                IRQManager::addTimerOverflow(timer&, void (*)())
 .text._ZN10IRQManager21set_iic_tx_link_eventEii
                0x00007344       0x20 .pio\build\uno_r4_wifi\libFrameworkArduino.a(IRQManager.cpp.o)
                0x00007344                IRQManager::set_iic_tx_link_event(int, int)
 .text._ZN10IRQManager21set_iic_rx_link_eventEii
                0x00007364       0x20 .pio\build\uno_r4_wifi\libFrameworkArduino.a(IRQManager.cpp.o)
                0x00007364                IRQManager::set_iic_rx_link_event(int, int)
 .text._ZN10IRQManager22set_iic_tei_link_eventEii
                0x00007384       0x20 .pio\build\uno_r4_wifi\libFrameworkArduino.a(IRQManager.cpp.o)
                0x00007384                IRQManager::set_iic_tei_link_event(int, int)
 .text._ZN10IRQManager22set_iic_eri_link_eventEii
                0x000073a4       0x20 .pio\build\uno_r4_wifi\libFrameworkArduino.a(IRQManager.cpp.o)
                0x000073a4                IRQManager::set_iic_eri_link_event(int, int)
 .text._ZN10IRQManager21set_sci_tx_link_eventEii
                0x000073c4       0x38 .pio\build\uno_r4_wifi\libFrameworkArduino.a(IRQManager.cpp.o)
                0x000073c4                IRQManager::set_sci_tx_link_event(int, int)
 .text._ZN10IRQManager21set_sci_rx_link_eventEii
                0x000073fc       0x38 .pio\build\uno_r4_wifi\libFrameworkArduino.a(IRQManager.cpp.o)
                0x000073fc                IRQManager::set_sci_rx_link_event(int, int)
 .text._ZN10IRQManager22set_sci_tei_link_eventEii
                0x00007434       0x38 .pio\build\uno_r4_wifi\libFrameworkArduino.a(IRQManager.cpp.o)
                0x00007434                IRQManager::set_sci_tei_link_event(int, int)
 .text._ZN10IRQManager22set_sci_eri_link_eventEii
                0x0000746c       0x38 .pio\build\uno_r4_wifi\libFrameworkArduino.a(IRQManager.cpp.o)
                0x0000746c                IRQManager::set_sci_eri_link_event(int, int)
 .text._ZN10IRQManager21set_spi_tx_link_eventEii
                0x000074a4       0x20 .pio\build\uno_r4_wifi\libFrameworkArduino.a(IRQManager.cpp.o)
                0x000074a4                IRQManager::set_spi_tx_link_event(int, int)
 .text._ZN10IRQManager21set_spi_rx_link_eventEii
                0x000074c4       0x20 .pio\build\uno_r4_wifi\libFrameworkArduino.a(IRQManager.cpp.o)
                0x000074c4                IRQManager::set_spi_rx_link_event(int, int)
 .text._ZN10IRQManager22set_spi_tei_link_eventEii
                0x000074e4       0x20 .pio\build\uno_r4_wifi\libFrameworkArduino.a(IRQManager.cpp.o)
                0x000074e4                IRQManager::set_spi_tei_link_event(int, int)
 .text._ZN10IRQManager22set_spi_eri_link_eventEii
                0x00007504       0x20 .pio\build\uno_r4_wifi\libFrameworkArduino.a(IRQManager.cpp.o)
                0x00007504                IRQManager::set_spi_eri_link_event(int, int)
 .text._ZN10IRQManager13addPeripheralE12Peripheral_tPv
                0x00007524      0x904 .pio\build\uno_r4_wifi\libFrameworkArduino.a(IRQManager.cpp.o)
                0x00007524                IRQManager::addPeripheral(Peripheral_t, void*)
 .text.dump_stack
                0x00007e28       0x7c .pio\build\uno_r4_wifi\libFrameworkArduino.a(cm_backtrace.c.o)
 .text.cm_backtrace_init
                0x00007ea4       0x74 .pio\build\uno_r4_wifi\libFrameworkArduino.a(cm_backtrace.c.o)
                0x00007ea4                cm_backtrace_init
 .text.cm_backtrace_firmware_info
                0x00007f18       0x2c .pio\build\uno_r4_wifi\libFrameworkArduino.a(cm_backtrace.c.o)
                0x00007f18                cm_backtrace_firmware_info
 .text.cm_backtrace_call_stack
                0x00007f44       0xe4 .pio\build\uno_r4_wifi\libFrameworkArduino.a(cm_backtrace.c.o)
                0x00007f44                cm_backtrace_call_stack
 .text.print_call_stack
                0x00008028       0x94 .pio\build\uno_r4_wifi\libFrameworkArduino.a(cm_backtrace.c.o)
 .text.cm_backtrace_fault
                0x000080bc      0x470 .pio\build\uno_r4_wifi\libFrameworkArduino.a(cm_backtrace.c.o)
                0x000080bc                cm_backtrace_fault
 .text.Stacktrace_Handler
                0x0000852c        0xa .pio\build\uno_r4_wifi\libFrameworkArduino.a(cortex_handlers.c.o)
                0x0000852c                Stacktrace_Handler
 *fill*         0x00008536        0x2 ff
 .text.r_spi_call_callback
                0x00008538       0x40 C:\Users\83tuc\.platformio\packages\framework-arduinorenesas-uno\variants\UNOWIFIR4\libs\libfsp.a(r_spi.o)
 .text.spi_rxi_isr
                0x00008578       0x9c C:\Users\83tuc\.platformio\packages\framework-arduinorenesas-uno\variants\UNOWIFIR4\libs\libfsp.a(r_spi.o)
                0x00008578                spi_rxi_isr
 .text.spi_txi_isr
                0x00008614       0xd8 C:\Users\83tuc\.platformio\packages\framework-arduinorenesas-uno\variants\UNOWIFIR4\libs\libfsp.a(r_spi.o)
                0x00008614                spi_txi_isr
 .text.spi_tei_isr
                0x000086ec       0xe0 C:\Users\83tuc\.platformio\packages\framework-arduinorenesas-uno\variants\UNOWIFIR4\libs\libfsp.a(r_spi.o)
                0x000086ec                spi_tei_isr
 .text.spi_eri_isr
                0x000087cc       0xdc C:\Users\83tuc\.platformio\packages\framework-arduinorenesas-uno\variants\UNOWIFIR4\libs\libfsp.a(r_spi.o)
                0x000087cc                spi_eri_isr
 .text.R_SCI_UART_Write
                0x000088a8       0xb0 C:\Users\83tuc\.platformio\packages\framework-arduinorenesas-uno\variants\UNOWIFIR4\libs\libfsp.a(r_sci_uart.o)
                0x000088a8                R_SCI_UART_Write
 .text.R_SCI_UART_BaudSet
                0x00008958       0x44 C:\Users\83tuc\.platformio\packages\framework-arduinorenesas-uno\variants\UNOWIFIR4\libs\libfsp.a(r_sci_uart.o)
                0x00008958                R_SCI_UART_BaudSet
 .text.R_SCI_UART_Close
                0x0000899c       0xd8 C:\Users\83tuc\.platformio\packages\framework-arduinorenesas-uno\variants\UNOWIFIR4\libs\libfsp.a(r_sci_uart.o)
                0x0000899c                R_SCI_UART_Close
 .text.r_sci_uart_call_callback
                0x00008a74       0x44 C:\Users\83tuc\.platformio\packages\framework-arduinorenesas-uno\variants\UNOWIFIR4\libs\libfsp.a(r_sci_uart.o)
 .text.r_sci_uart_transfer_configure.isra.0
                0x00008ab8       0x38 C:\Users\83tuc\.platformio\packages\framework-arduinorenesas-uno\variants\UNOWIFIR4\libs\libfsp.a(r_sci_uart.o)
 .text.R_SCI_UART_Open
                0x00008af0      0x448 C:\Users\83tuc\.platformio\packages\framework-arduinorenesas-uno\variants\UNOWIFIR4\libs\libfsp.a(r_sci_uart.o)
                0x00008af0                R_SCI_UART_Open
 .text.R_SCI_UART_BaudCalculate
                0x00008f38      0x184 C:\Users\83tuc\.platformio\packages\framework-arduinorenesas-uno\variants\UNOWIFIR4\libs\libfsp.a(r_sci_uart.o)
                0x00008f38                R_SCI_UART_BaudCalculate
 .text.sci_uart_txi_isr
                0x000090bc       0xec C:\Users\83tuc\.platformio\packages\framework-arduinorenesas-uno\variants\UNOWIFIR4\libs\libfsp.a(r_sci_uart.o)
                0x000090bc                sci_uart_txi_isr
 .text.sci_uart_rxi_isr
                0x000091a8      0x184 C:\Users\83tuc\.platformio\packages\framework-arduinorenesas-uno\variants\UNOWIFIR4\libs\libfsp.a(r_sci_uart.o)
                0x000091a8                sci_uart_rxi_isr
 .text.sci_uart_tei_isr
                0x0000932c       0x40 C:\Users\83tuc\.platformio\packages\framework-arduinorenesas-uno\variants\UNOWIFIR4\libs\libfsp.a(r_sci_uart.o)
                0x0000932c                sci_uart_tei_isr
 .text.sci_uart_eri_isr
                0x0000936c       0x78 C:\Users\83tuc\.platformio\packages\framework-arduinorenesas-uno\variants\UNOWIFIR4\libs\libfsp.a(r_sci_uart.o)
                0x0000936c                sci_uart_eri_isr
 .text.r_sci_spi_call_callback
                0x000093e4       0x40 C:\Users\83tuc\.platformio\packages\framework-arduinorenesas-uno\variants\UNOWIFIR4\libs\libfsp.a(r_sci_spi.o)
 .text.sci_spi_txi_isr
                0x00009424       0x68 C:\Users\83tuc\.platformio\packages\framework-arduinorenesas-uno\variants\UNOWIFIR4\libs\libfsp.a(r_sci_spi.o)
                0x00009424                sci_spi_txi_isr
 .text.sci_spi_rxi_isr
                0x0000948c       0x74 C:\Users\83tuc\.platformio\packages\framework-arduinorenesas-uno\variants\UNOWIFIR4\libs\libfsp.a(r_sci_spi.o)
                0x0000948c                sci_spi_rxi_isr
 .text.sci_spi_tei_isr
                0x00009500       0x3c C:\Users\83tuc\.platformio\packages\framework-arduinorenesas-uno\variants\UNOWIFIR4\libs\libfsp.a(r_sci_spi.o)
                0x00009500                sci_spi_tei_isr
 .text.sci_spi_eri_isr
                0x0000953c       0x44 C:\Users\83tuc\.platformio\packages\framework-arduinorenesas-uno\variants\UNOWIFIR4\libs\libfsp.a(r_sci_spi.o)
                0x0000953c                sci_spi_eri_isr
 .text.sci_i2c_enable_transfer_support_tx
                0x00009580       0x34 C:\Users\83tuc\.platformio\packages\framework-arduinorenesas-uno\variants\UNOWIFIR4\libs\libfsp.a(r_sci_i2c.o)
 .text.sci_i2c_notify
                0x000095b4       0x64 C:\Users\83tuc\.platformio\packages\framework-arduinorenesas-uno\variants\UNOWIFIR4\libs\libfsp.a(r_sci_i2c.o)
                0x000095b4                sci_i2c_notify
 .text.sci_i2c_rxi_isr
                0x00009618       0x20 C:\Users\83tuc\.platformio\packages\framework-arduinorenesas-uno\variants\UNOWIFIR4\libs\libfsp.a(r_sci_i2c.o)
                0x00009618                sci_i2c_rxi_isr
 .text.sci_i2c_txi_isr
                0x00009638      0x198 C:\Users\83tuc\.platformio\packages\framework-arduinorenesas-uno\variants\UNOWIFIR4\libs\libfsp.a(r_sci_i2c.o)
                0x00009638                sci_i2c_txi_isr
 .text.sci_i2c_tei_isr
                0x000097d0       0xf0 C:\Users\83tuc\.platformio\packages\framework-arduinorenesas-uno\variants\UNOWIFIR4\libs\libfsp.a(r_sci_i2c.o)
                0x000097d0                sci_i2c_tei_isr
 .text.rtc_alarm_periodic_isr
                0x000098c0       0x68 C:\Users\83tuc\.platformio\packages\framework-arduinorenesas-uno\variants\UNOWIFIR4\libs\libfsp.a(r_rtc.o)
                0x000098c0                rtc_alarm_periodic_isr
 .text.rtc_carry_isr
                0x00009928       0x2c C:\Users\83tuc\.platformio\packages\framework-arduinorenesas-uno\variants\UNOWIFIR4\libs\libfsp.a(r_rtc.o)
                0x00009928                rtc_carry_isr
 .text.R_IOPORT_PinWrite
                0x00009954       0x20 C:\Users\83tuc\.platformio\packages\framework-arduinorenesas-uno\variants\UNOWIFIR4\libs\libfsp.a(r_ioport.o)
                0x00009954                R_IOPORT_PinWrite
 .text.bsp_vbatt_init
                0x00009974       0xac C:\Users\83tuc\.platformio\packages\framework-arduinorenesas-uno\variants\UNOWIFIR4\libs\libfsp.a(r_ioport.o)
 .text.R_IOPORT_PinCfg
                0x00009a20       0xa8 C:\Users\83tuc\.platformio\packages\framework-arduinorenesas-uno\variants\UNOWIFIR4\libs\libfsp.a(r_ioport.o)
                0x00009a20                R_IOPORT_PinCfg
 .text.r_iic_slave_call_callback
                0x00009ac8       0x3c C:\Users\83tuc\.platformio\packages\framework-arduinorenesas-uno\variants\UNOWIFIR4\libs\libfsp.a(r_iic_slave.o)
 .text.iic_slave_initiate_transaction
                0x00009b04       0x74 C:\Users\83tuc\.platformio\packages\framework-arduinorenesas-uno\variants\UNOWIFIR4\libs\libfsp.a(r_iic_slave.o)
 .text.iic_slave_rxi_isr
                0x00009b78      0x12c C:\Users\83tuc\.platformio\packages\framework-arduinorenesas-uno\variants\UNOWIFIR4\libs\libfsp.a(r_iic_slave.o)
                0x00009b78                iic_slave_rxi_isr
 .text.iic_slave_txi_isr
                0x00009ca4       0xa8 C:\Users\83tuc\.platformio\packages\framework-arduinorenesas-uno\variants\UNOWIFIR4\libs\libfsp.a(r_iic_slave.o)
                0x00009ca4                iic_slave_txi_isr
 .text.iic_slave_tei_isr
                0x00009d4c       0x94 C:\Users\83tuc\.platformio\packages\framework-arduinorenesas-uno\variants\UNOWIFIR4\libs\libfsp.a(r_iic_slave.o)
                0x00009d4c                iic_slave_tei_isr
 .text.iic_slave_eri_isr
                0x00009de0      0x10c C:\Users\83tuc\.platformio\packages\framework-arduinorenesas-uno\variants\UNOWIFIR4\libs\libfsp.a(r_iic_slave.o)
                0x00009de0                iic_slave_eri_isr
 .text.iic_master_notify
                0x00009eec       0x3c C:\Users\83tuc\.platformio\packages\framework-arduinorenesas-uno\variants\UNOWIFIR4\libs\libfsp.a(r_iic_master.o)
 .text.iic_master_open_hw_master
                0x00009f28      0x184 C:\Users\83tuc\.platformio\packages\framework-arduinorenesas-uno\variants\UNOWIFIR4\libs\libfsp.a(r_iic_master.o)
 .text.iic_master_rxi_isr
                0x0000a0ac      0x13c C:\Users\83tuc\.platformio\packages\framework-arduinorenesas-uno\variants\UNOWIFIR4\libs\libfsp.a(r_iic_master.o)
                0x0000a0ac                iic_master_rxi_isr
 .text.iic_master_txi_isr
                0x0000a1e8       0xec C:\Users\83tuc\.platformio\packages\framework-arduinorenesas-uno\variants\UNOWIFIR4\libs\libfsp.a(r_iic_master.o)
                0x0000a1e8                iic_master_txi_isr
 .text.iic_master_tei_isr
                0x0000a2d4       0xc4 C:\Users\83tuc\.platformio\packages\framework-arduinorenesas-uno\variants\UNOWIFIR4\libs\libfsp.a(r_iic_master.o)
                0x0000a2d4                iic_master_tei_isr
 .text.iic_master_eri_isr
                0x0000a398      0x140 C:\Users\83tuc\.platformio\packages\framework-arduinorenesas-uno\variants\UNOWIFIR4\libs\libfsp.a(r_iic_master.o)
                0x0000a398                iic_master_eri_isr
 .text.r_icu_isr
                0x0000a4d8       0x6c C:\Users\83tuc\.platformio\packages\framework-arduinorenesas-uno\variants\UNOWIFIR4\libs\libfsp.a(r_icu.o)
                0x0000a4d8                r_icu_isr
 .text.R_GPT_Start
                0x0000a544        0xc C:\Users\83tuc\.platformio\packages\framework-arduinorenesas-uno\variants\UNOWIFIR4\libs\libfsp.a(r_gpt.o)
                0x0000a544                R_GPT_Start
 .text.R_GPT_Enable
                0x0000a550       0x30 C:\Users\83tuc\.platformio\packages\framework-arduinorenesas-uno\variants\UNOWIFIR4\libs\libfsp.a(r_gpt.o)
                0x0000a550                R_GPT_Enable
 .text.r_gpt_enable_irq
                0x0000a580       0x5c C:\Users\83tuc\.platformio\packages\framework-arduinorenesas-uno\variants\UNOWIFIR4\libs\libfsp.a(r_gpt.o)
 .text.r_gpt_call_callback
                0x0000a5dc       0x3c C:\Users\83tuc\.platformio\packages\framework-arduinorenesas-uno\variants\UNOWIFIR4\libs\libfsp.a(r_gpt.o)
 .text.gpt_calculate_duty_cycle.isra.0
                0x0000a618       0x78 C:\Users\83tuc\.platformio\packages\framework-arduinorenesas-uno\variants\UNOWIFIR4\libs\libfsp.a(r_gpt.o)
 .text.R_GPT_Open
                0x0000a690      0x264 C:\Users\83tuc\.platformio\packages\framework-arduinorenesas-uno\variants\UNOWIFIR4\libs\libfsp.a(r_gpt.o)
                0x0000a690                R_GPT_Open
 .text.R_GPT_Close
                0x0000a8f4       0xd4 C:\Users\83tuc\.platformio\packages\framework-arduinorenesas-uno\variants\UNOWIFIR4\libs\libfsp.a(r_gpt.o)
                0x0000a8f4                R_GPT_Close
 .text.gpt_counter_overflow_isr
                0x0000a9c8       0x78 C:\Users\83tuc\.platformio\packages\framework-arduinorenesas-uno\variants\UNOWIFIR4\libs\libfsp.a(r_gpt.o)
                0x0000a9c8                gpt_counter_overflow_isr
 .text.R_DAC_Open
                0x0000aa40       0x88 C:\Users\83tuc\.platformio\packages\framework-arduinorenesas-uno\variants\UNOWIFIR4\libs\libfsp.a(r_dac.o)
                0x0000aa40                R_DAC_Open
 .text.R_DAC_Write
                0x0000aac8        0xc C:\Users\83tuc\.platformio\packages\framework-arduinorenesas-uno\variants\UNOWIFIR4\libs\libfsp.a(r_dac.o)
                0x0000aac8                R_DAC_Write
 .text.R_DAC_Start
                0x0000aad4       0x30 C:\Users\83tuc\.platformio\packages\framework-arduinorenesas-uno\variants\UNOWIFIR4\libs\libfsp.a(r_dac.o)
                0x0000aad4                R_DAC_Start
 .text.R_DAC_Stop
                0x0000ab04       0x34 C:\Users\83tuc\.platformio\packages\framework-arduinorenesas-uno\variants\UNOWIFIR4\libs\libfsp.a(r_dac.o)
                0x0000ab04                R_DAC_Stop
 .text.R_DAC_Close
                0x0000ab38       0x40 C:\Users\83tuc\.platformio\packages\framework-arduinorenesas-uno\variants\UNOWIFIR4\libs\libfsp.a(r_dac.o)
                0x0000ab38                R_DAC_Close
 .text.r_can_call_callback
                0x0000ab78       0x68 C:\Users\83tuc\.platformio\packages\framework-arduinorenesas-uno\variants\UNOWIFIR4\libs\libfsp.a(r_can.o)
 .text.can_error_isr
                0x0000abe0       0xd4 C:\Users\83tuc\.platformio\packages\framework-arduinorenesas-uno\variants\UNOWIFIR4\libs\libfsp.a(r_can.o)
                0x0000abe0                can_error_isr
 .text.can_rx_isr
                0x0000acb4      0x118 C:\Users\83tuc\.platformio\packages\framework-arduinorenesas-uno\variants\UNOWIFIR4\libs\libfsp.a(r_can.o)
                0x0000acb4                can_rx_isr
 .text.can_tx_isr
                0x0000adcc       0xa0 C:\Users\83tuc\.platformio\packages\framework-arduinorenesas-uno\variants\UNOWIFIR4\libs\libfsp.a(r_can.o)
                0x0000adcc                can_tx_isr
 .text.R_AGT_Start
                0x0000ae6c       0x38 C:\Users\83tuc\.platformio\packages\framework-arduinorenesas-uno\variants\UNOWIFIR4\libs\libfsp.a(r_agt.o)
                0x0000ae6c                R_AGT_Start
 .text.R_AGT_Enable
                0x0000aea4       0x14 C:\Users\83tuc\.platformio\packages\framework-arduinorenesas-uno\variants\UNOWIFIR4\libs\libfsp.a(r_agt.o)
                0x0000aea4                R_AGT_Enable
 .text.R_AGT_Close
                0x0000aeb8       0x84 C:\Users\83tuc\.platformio\packages\framework-arduinorenesas-uno\variants\UNOWIFIR4\libs\libfsp.a(r_agt.o)
                0x0000aeb8                R_AGT_Close
 .text.R_AGT_Open
                0x0000af3c      0x118 C:\Users\83tuc\.platformio\packages\framework-arduinorenesas-uno\variants\UNOWIFIR4\libs\libfsp.a(r_agt.o)
                0x0000af3c                R_AGT_Open
 .text.agt_int_isr
                0x0000b054       0x88 C:\Users\83tuc\.platformio\packages\framework-arduinorenesas-uno\variants\UNOWIFIR4\libs\libfsp.a(r_agt.o)
                0x0000b054                agt_int_isr
 .text.R_ADC_ScanStart
                0x0000b0dc        0xc C:\Users\83tuc\.platformio\packages\framework-arduinorenesas-uno\variants\UNOWIFIR4\libs\libfsp.a(r_adc.o)
                0x0000b0dc                R_ADC_ScanStart
 .text.R_ADC_StatusGet
                0x0000b0e8       0x10 C:\Users\83tuc\.platformio\packages\framework-arduinorenesas-uno\variants\UNOWIFIR4\libs\libfsp.a(r_adc.o)
                0x0000b0e8                R_ADC_StatusGet
 .text.R_ADC_Read
                0x0000b0f8       0x10 C:\Users\83tuc\.platformio\packages\framework-arduinorenesas-uno\variants\UNOWIFIR4\libs\libfsp.a(r_adc.o)
                0x0000b0f8                R_ADC_Read
 .text.R_ADC_ScanCfg
                0x0000b108      0x1a0 C:\Users\83tuc\.platformio\packages\framework-arduinorenesas-uno\variants\UNOWIFIR4\libs\libfsp.a(r_adc.o)
                0x0000b108                R_ADC_ScanCfg
 .text.R_ADC_Open
                0x0000b2a8      0x240 C:\Users\83tuc\.platformio\packages\framework-arduinorenesas-uno\variants\UNOWIFIR4\libs\libfsp.a(r_adc.o)
                0x0000b2a8                R_ADC_Open
 .text.R_ADC_Close
                0x0000b4e8       0xfc C:\Users\83tuc\.platformio\packages\framework-arduinorenesas-uno\variants\UNOWIFIR4\libs\libfsp.a(r_adc.o)
                0x0000b4e8                R_ADC_Close
 .text.bsp_prv_software_delay_loop
                0x0000b5e4        0xc C:\Users\83tuc\.platformio\packages\framework-arduinorenesas-uno\variants\UNOWIFIR4\libs\libfsp.a(bsp_delay.o)
                0x0000b5e4                bsp_prv_software_delay_loop
 .text.R_BSP_SoftwareDelay
                0x0000b5f0       0x5c C:\Users\83tuc\.platformio\packages\framework-arduinorenesas-uno\variants\UNOWIFIR4\libs\libfsp.a(bsp_delay.o)
                0x0000b5f0                R_BSP_SoftwareDelay
 .text.bsp_irq_cfg
                0x0000b64c       0x2c C:\Users\83tuc\.platformio\packages\framework-arduinorenesas-uno\variants\UNOWIFIR4\libs\libfsp.a(bsp_irq.o)
                0x0000b64c                bsp_irq_cfg
 .text.R_BSP_RegisterProtectEnable
                0x0000b678       0x60 C:\Users\83tuc\.platformio\packages\framework-arduinorenesas-uno\variants\UNOWIFIR4\libs\libfsp.a(bsp_register_protection.o)
                0x0000b678                R_BSP_RegisterProtectEnable
 .text.R_BSP_RegisterProtectDisable
                0x0000b6d8       0x54 C:\Users\83tuc\.platformio\packages\framework-arduinorenesas-uno\variants\UNOWIFIR4\libs\libfsp.a(bsp_register_protection.o)
                0x0000b6d8                R_BSP_RegisterProtectDisable
 .text.Default_Handler
                0x0000b72c        0x4 C:\Users\83tuc\.platformio\packages\framework-arduinorenesas-uno\variants\UNOWIFIR4\libs\libfsp.a(startup.o)
                0x0000b72c                DebugMon_Handler
                0x0000b72c                HardFault_Handler
                0x0000b72c                SysTick_Handler
                0x0000b72c                PendSV_Handler
                0x0000b72c                UsageFault_Handler
                0x0000b72c                SecureFault_Handler
                0x0000b72c                Default_Handler
                0x0000b72c                MemManage_Handler
                0x0000b72c                SVC_Handler
                0x0000b72c                BusFault_Handler
 .text.Reset_Handler
                0x0000b730        0xc C:\Users\83tuc\.platformio\packages\framework-arduinorenesas-uno\variants\UNOWIFIR4\libs\libfsp.a(startup.o)
                0x0000b730                Reset_Handler
 .text.R_BSP_WarmStart
                0x0000b73c        0x4 C:\Users\83tuc\.platformio\packages\framework-arduinorenesas-uno\variants\UNOWIFIR4\libs\libfsp.a(system.o)
                0x0000b73c                R_BSP_WarmStart
 .text.SystemInit
                0x0000b740      0x15c C:\Users\83tuc\.platformio\packages\framework-arduinorenesas-uno\variants\UNOWIFIR4\libs\libfsp.a(system.o)
                0x0000b740                SystemInit
 .text.SystemCoreClockUpdate
                0x0000b89c       0x28 C:\Users\83tuc\.platformio\packages\framework-arduinorenesas-uno\variants\UNOWIFIR4\libs\libfsp.a(bsp_clocks.o)
                0x0000b89c                SystemCoreClockUpdate
 .text.bsp_clock_init
                0x0000b8c4      0x12c C:\Users\83tuc\.platformio\packages\framework-arduinorenesas-uno\variants\UNOWIFIR4\libs\libfsp.a(bsp_clocks.o)
                0x0000b8c4                bsp_clock_init
 .text.bsp_init_internal
                0x0000b9f0        0x4 C:\Users\83tuc\.platformio\packages\framework-arduinorenesas-uno\variants\UNOWIFIR4\libs\libfsp.a(bsp_common.o)
                0x0000b9f0                bsp_init_internal
                0x0000b9f0                bsp_init
 .text.NMI_Handler
                0x0000b9f4       0x38 C:\Users\83tuc\.platformio\packages\framework-arduinorenesas-uno\variants\UNOWIFIR4\libs\libfsp.a(bsp_group_irq.o)
                0x0000b9f4                NMI_Handler
 .text._Znwj    0x0000ba2c       0x22 c:/users/83tuc/.platformio/packages/toolchain-gccarmnoneeabi/bin/../lib/gcc/arm-none-eabi/7.2.1/../../../../arm-none-eabi/lib/thumb/v7e-m/fpv4-sp/hard\libstdc++_nano.a(new_op.o)
                0x0000ba2c                operator new(unsigned int)
 .text.__cxa_guard_acquire
                0x0000ba4e       0x18 c:/users/83tuc/.platformio/packages/toolchain-gccarmnoneeabi/bin/../lib/gcc/arm-none-eabi/7.2.1/../../../../arm-none-eabi/lib/thumb/v7e-m/fpv4-sp/hard\libstdc++_nano.a(guard.o)
                0x0000ba4e                __cxa_guard_acquire
 .text.__cxa_guard_release
                0x0000ba66        0x6 c:/users/83tuc/.platformio/packages/toolchain-gccarmnoneeabi/bin/../lib/gcc/arm-none-eabi/7.2.1/../../../../arm-none-eabi/lib/thumb/v7e-m/fpv4-sp/hard\libstdc++_nano.a(guard.o)
                0x0000ba66                __cxa_guard_release
 .text._ZdlPv   0x0000ba6c        0x4 c:/users/83tuc/.platformio/packages/toolchain-gccarmnoneeabi/bin/../lib/gcc/arm-none-eabi/7.2.1/../../../../arm-none-eabi/lib/thumb/v7e-m/fpv4-sp/hard\libstdc++_nano.a(del_op.o)
                0x0000ba6c                operator delete(void*)
 .text._ZSt15get_new_handlerv
                0x0000ba70       0x10 c:/users/83tuc/.platformio/packages/toolchain-gccarmnoneeabi/bin/../lib/gcc/arm-none-eabi/7.2.1/../../../../arm-none-eabi/lib/thumb/v7e-m/fpv4-sp/hard\libstdc++_nano.a(new_handler.o)
                0x0000ba70                std::get_new_handler()
 .text._ZdlPvj  0x0000ba80        0x4 c:/users/83tuc/.platformio/packages/toolchain-gccarmnoneeabi/bin/../lib/gcc/arm-none-eabi/7.2.1/../../../../arm-none-eabi/lib/thumb/v7e-m/fpv4-sp/hard\libstdc++_nano.a(del_ops.o)
                0x0000ba80                operator delete(void*, unsigned int)
 .text._ZSt19__throw_logic_errorPKc
                0x0000ba84        0x6 c:/users/83tuc/.platformio/packages/toolchain-gccarmnoneeabi/bin/../lib/gcc/arm-none-eabi/7.2.1/../../../../arm-none-eabi/lib/thumb/v7e-m/fpv4-sp/hard\libstdc++_nano.a(functexcept.o)
                0x0000ba84                std::__throw_logic_error(char const*)
 .text._ZSt20__throw_length_errorPKc
                0x0000ba8a        0x6 c:/users/83tuc/.platformio/packages/toolchain-gccarmnoneeabi/bin/../lib/gcc/arm-none-eabi/7.2.1/../../../../arm-none-eabi/lib/thumb/v7e-m/fpv4-sp/hard\libstdc++_nano.a(functexcept.o)
                0x0000ba8a                std::__throw_length_error(char const*)
 .text          0x0000ba90      0x378 c:/users/83tuc/.platformio/packages/toolchain-gccarmnoneeabi/bin/../lib/gcc/arm-none-eabi/7.2.1/thumb/v7e-m/fpv4-sp/hard\libgcc.a(_arm_addsubdf3.o)
                0x0000ba90                __aeabi_drsub
                0x0000ba98                __aeabi_dsub
                0x0000ba98                __subdf3
                0x0000ba9c                __aeabi_dadd
                0x0000ba9c                __adddf3
                0x0000bd14                __floatunsidf
                0x0000bd14                __aeabi_ui2d
                0x0000bd34                __floatsidf
                0x0000bd34                __aeabi_i2d
                0x0000bd58                __aeabi_f2d
                0x0000bd58                __extendsfdf2
                0x0000bd9c                __floatundidf
                0x0000bd9c                __aeabi_ul2d
                0x0000bdac                __floatdidf
                0x0000bdac                __aeabi_l2d
 .text          0x0000be08      0x424 c:/users/83tuc/.platformio/packages/toolchain-gccarmnoneeabi/bin/../lib/gcc/arm-none-eabi/7.2.1/thumb/v7e-m/fpv4-sp/hard\libgcc.a(_arm_muldivdf3.o)
                0x0000be08                __aeabi_dmul
                0x0000be08                __muldf3
                0x0000c05c                __divdf3
                0x0000c05c                __aeabi_ddiv
 .text          0x0000c22c      0x110 c:/users/83tuc/.platformio/packages/toolchain-gccarmnoneeabi/bin/../lib/gcc/arm-none-eabi/7.2.1/thumb/v7e-m/fpv4-sp/hard\libgcc.a(_arm_cmpdf2.o)
                0x0000c22c                __gtdf2
                0x0000c22c                __gedf2
                0x0000c234                __ltdf2
                0x0000c234                __ledf2
                0x0000c23c                __nedf2
                0x0000c23c                __eqdf2
                0x0000c23c                __cmpdf2
                0x0000c2b8                __aeabi_cdrcmple
                0x0000c2c8                __aeabi_cdcmpeq
                0x0000c2c8                __aeabi_cdcmple
                0x0000c2d8                __aeabi_dcmpeq
                0x0000c2ec                __aeabi_dcmplt
                0x0000c300                __aeabi_dcmple
                0x0000c314                __aeabi_dcmpge
                0x0000c328                __aeabi_dcmpgt
 .text          0x0000c33c       0x2c c:/users/83tuc/.platformio/packages/toolchain-gccarmnoneeabi/bin/../lib/gcc/arm-none-eabi/7.2.1/thumb/v7e-m/fpv4-sp/hard\libgcc.a(_arm_unorddf2.o)
                0x0000c33c                __unorddf2
                0x0000c33c                __aeabi_dcmpun
 .text          0x0000c368       0xa0 c:/users/83tuc/.platformio/packages/toolchain-gccarmnoneeabi/bin/../lib/gcc/arm-none-eabi/7.2.1/thumb/v7e-m/fpv4-sp/hard\libgcc.a(_arm_truncdfsf2.o)
                0x0000c368                __truncdfsf2
                0x0000c368                __aeabi_d2f
 .text          0x0000c408       0xa0 c:/users/83tuc/.platformio/packages/toolchain-gccarmnoneeabi/bin/../lib/gcc/arm-none-eabi/7.2.1/thumb/v7e-m/fpv4-sp/hard\libgcc.a(_aeabi_ldivmod.o)
                0x0000c408                __aeabi_ldivmod
 .text          0x0000c4a8      0x2cc c:/users/83tuc/.platformio/packages/toolchain-gccarmnoneeabi/bin/../lib/gcc/arm-none-eabi/7.2.1/thumb/v7e-m/fpv4-sp/hard\libgcc.a(_udivmoddi4.o)
                0x0000c4a8                __udivmoddi4
 .text          0x0000c774        0x4 c:/users/83tuc/.platformio/packages/toolchain-gccarmnoneeabi/bin/../lib/gcc/arm-none-eabi/7.2.1/thumb/v7e-m/fpv4-sp/hard\libgcc.a(_dvmd_tls.o)
                0x0000c774                __aeabi_idiv0
                0x0000c774                __aeabi_ldiv0
 .text.PINCOUNT_fn
                0x0000c778        0x4 .pio\build\uno_r4_wifi\libFrameworkArduinoVariant.a(variant.cpp.o)
                0x0000c778                PINCOUNT_fn
 .text._Z17__maybe_start_usbv
                0x0000c77c        0x2 .pio\build\uno_r4_wifi\libFrameworkArduinoVariant.a(variant.cpp.o)
                0x0000c77c                __maybe_start_usb()
 *fill*         0x0000c77e        0x2 ff
 .text.initVariant
                0x0000c780       0x9c .pio\build\uno_r4_wifi\libFrameworkArduinoVariant.a(variant.cpp.o)
                0x0000c780                initVariant
 .text.pinMode  0x0000c81c       0x30 .pio\build\uno_r4_wifi\libFrameworkArduino.a(digital.cpp.o)
                0x0000c81c                pinMode
 .text.digitalWrite
                0x0000c84c       0x18 .pio\build\uno_r4_wifi\libFrameworkArduino.a(digital.cpp.o)
                0x0000c84c                digitalWrite
 .text.abort    0x0000c864        0xe c:/users/83tuc/.platformio/packages/toolchain-gccarmnoneeabi/bin/../lib/gcc/arm-none-eabi/7.2.1/../../../../arm-none-eabi/lib/thumb/v7e-m/fpv4-sp/hard\libc_nano.a(lib_a-abort.o)
                0x0000c864                abort
 .text.atoi     0x0000c872        0x8 c:/users/83tuc/.platformio/packages/toolchain-gccarmnoneeabi/bin/../lib/gcc/arm-none-eabi/7.2.1/../../../../arm-none-eabi/lib/thumb/v7e-m/fpv4-sp/hard\libc_nano.a(lib_a-atoi.o)
                0x0000c872                atoi
 .text.isalnum  0x0000c87a       0x12 c:/users/83tuc/.platformio/packages/toolchain-gccarmnoneeabi/bin/../lib/gcc/arm-none-eabi/7.2.1/../../../../arm-none-eabi/lib/thumb/v7e-m/fpv4-sp/hard\libc_nano.a(lib_a-isalnum.o)
                0x0000c87a                isalnum
 .text.__locale_ctype_ptr_l
                0x0000c88c        0x6 c:/users/83tuc/.platformio/packages/toolchain-gccarmnoneeabi/bin/../lib/gcc/arm-none-eabi/7.2.1/../../../../arm-none-eabi/lib/thumb/v7e-m/fpv4-sp/hard\libc_nano.a(lib_a-locale.o)
                0x0000c88c                __locale_ctype_ptr_l
 *fill*         0x0000c892        0x2 ff
 .text.__locale_ctype_ptr
                0x0000c894       0x1c c:/users/83tuc/.platformio/packages/toolchain-gccarmnoneeabi/bin/../lib/gcc/arm-none-eabi/7.2.1/../../../../arm-none-eabi/lib/thumb/v7e-m/fpv4-sp/hard\libc_nano.a(lib_a-locale.o)
                0x0000c894                __locale_ctype_ptr
 .text.malloc   0x0000c8b0       0x10 c:/users/83tuc/.platformio/packages/toolchain-gccarmnoneeabi/bin/../lib/gcc/arm-none-eabi/7.2.1/../../../../arm-none-eabi/lib/thumb/v7e-m/fpv4-sp/hard\libc_nano.a(lib_a-malloc.o)
                0x0000c8b0                malloc
 .text.free     0x0000c8c0       0x10 c:/users/83tuc/.platformio/packages/toolchain-gccarmnoneeabi/bin/../lib/gcc/arm-none-eabi/7.2.1/../../../../arm-none-eabi/lib/thumb/v7e-m/fpv4-sp/hard\libc_nano.a(lib_a-malloc.o)
                0x0000c8c0                free
 .text.__ascii_mbtowc
                0x0000c8d0       0x24 c:/users/83tuc/.platformio/packages/toolchain-gccarmnoneeabi/bin/../lib/gcc/arm-none-eabi/7.2.1/../../../../arm-none-eabi/lib/thumb/v7e-m/fpv4-sp/hard\libc_nano.a(lib_a-mbtowc_r.o)
                0x0000c8d0                __ascii_mbtowc
 .text.memcmp   0x0000c8f4       0x1e c:/users/83tuc/.platformio/packages/toolchain-gccarmnoneeabi/bin/../lib/gcc/arm-none-eabi/7.2.1/../../../../arm-none-eabi/lib/thumb/v7e-m/fpv4-sp/hard\libc_nano.a(lib_a-memcmp.o)
                0x0000c8f4                memcmp
 .text.memcpy   0x0000c912       0x16 c:/users/83tuc/.platformio/packages/toolchain-gccarmnoneeabi/bin/../lib/gcc/arm-none-eabi/7.2.1/../../../../arm-none-eabi/lib/thumb/v7e-m/fpv4-sp/hard\libc_nano.a(lib_a-memcpy-stub.o)
                0x0000c912                memcpy
 .text.memmove  0x0000c928       0x32 c:/users/83tuc/.platformio/packages/toolchain-gccarmnoneeabi/bin/../lib/gcc/arm-none-eabi/7.2.1/../../../../arm-none-eabi/lib/thumb/v7e-m/fpv4-sp/hard\libc_nano.a(lib_a-memmove.o)
                0x0000c928                memmove
 .text.memset   0x0000c95a       0x10 c:/users/83tuc/.platformio/packages/toolchain-gccarmnoneeabi/bin/../lib/gcc/arm-none-eabi/7.2.1/../../../../arm-none-eabi/lib/thumb/v7e-m/fpv4-sp/hard\libc_nano.a(lib_a-memset.o)
                0x0000c95a                memset
 *fill*         0x0000c96a        0x2 ff
 .text._free_r  0x0000c96c       0x9c c:/users/83tuc/.platformio/packages/toolchain-gccarmnoneeabi/bin/../lib/gcc/arm-none-eabi/7.2.1/../../../../arm-none-eabi/lib/thumb/v7e-m/fpv4-sp/hard\libc_nano.a(lib_a-nano-freer.o)
                0x0000c96c                _free_r
 .text._malloc_r
                0x0000ca08       0xb4 c:/users/83tuc/.platformio/packages/toolchain-gccarmnoneeabi/bin/../lib/gcc/arm-none-eabi/7.2.1/../../../../arm-none-eabi/lib/thumb/v7e-m/fpv4-sp/hard\libc_nano.a(lib_a-nano-mallocr.o)
                0x0000ca08                _malloc_r
 .text.__cvt    0x0000cabc       0xc2 c:/users/83tuc/.platformio/packages/toolchain-gccarmnoneeabi/bin/../lib/gcc/arm-none-eabi/7.2.1/../../../../arm-none-eabi/lib/thumb/v7e-m/fpv4-sp/hard\libc_nano.a(lib_a-nano-vfprintf_float.o)
                0x0000cabc                __cvt
 .text.__exponent
                0x0000cb7e       0x66 c:/users/83tuc/.platformio/packages/toolchain-gccarmnoneeabi/bin/../lib/gcc/arm-none-eabi/7.2.1/../../../../arm-none-eabi/lib/thumb/v7e-m/fpv4-sp/hard\libc_nano.a(lib_a-nano-vfprintf_float.o)
                0x0000cb7e                __exponent
 .text._printf_float
                0x0000cbe4      0x480 c:/users/83tuc/.platformio/packages/toolchain-gccarmnoneeabi/bin/../lib/gcc/arm-none-eabi/7.2.1/../../../../arm-none-eabi/lib/thumb/v7e-m/fpv4-sp/hard\libc_nano.a(lib_a-nano-vfprintf_float.o)
                0x0000cbe4                _printf_float
 .text._printf_common
                0x0000d064       0xea c:/users/83tuc/.platformio/packages/toolchain-gccarmnoneeabi/bin/../lib/gcc/arm-none-eabi/7.2.1/../../../../arm-none-eabi/lib/thumb/v7e-m/fpv4-sp/hard\libc_nano.a(lib_a-nano-vfprintf_i.o)
                0x0000d064                _printf_common
 *fill*         0x0000d14e        0x2 ff
 .text._printf_i
                0x0000d150      0x224 c:/users/83tuc/.platformio/packages/toolchain-gccarmnoneeabi/bin/../lib/gcc/arm-none-eabi/7.2.1/../../../../arm-none-eabi/lib/thumb/v7e-m/fpv4-sp/hard\libc_nano.a(lib_a-nano-vfprintf_i.o)
                0x0000d150                _printf_i
 .text.printf   0x0000d374       0x30 c:/users/83tuc/.platformio/packages/toolchain-gccarmnoneeabi/bin/../lib/gcc/arm-none-eabi/7.2.1/../../../../arm-none-eabi/lib/thumb/v7e-m/fpv4-sp/hard\libc_nano.a(lib_a-printf.o)
                0x0000d374                iprintf
                0x0000d374                printf
 .text.realloc  0x0000d3a4       0x10 c:/users/83tuc/.platformio/packages/toolchain-gccarmnoneeabi/bin/../lib/gcc/arm-none-eabi/7.2.1/../../../../arm-none-eabi/lib/thumb/v7e-m/fpv4-sp/hard\libc_nano.a(lib_a-realloc.o)
                0x0000d3a4                realloc
 .text._sbrk_r  0x0000d3b4       0x20 c:/users/83tuc/.platformio/packages/toolchain-gccarmnoneeabi/bin/../lib/gcc/arm-none-eabi/7.2.1/../../../../arm-none-eabi/lib/thumb/v7e-m/fpv4-sp/hard\libc_nano.a(lib_a-sbrkr.o)
                0x0000d3b4                _sbrk_r
 .text._raise_r
                0x0000d3d4       0x50 c:/users/83tuc/.platformio/packages/toolchain-gccarmnoneeabi/bin/../lib/gcc/arm-none-eabi/7.2.1/../../../../arm-none-eabi/lib/thumb/v7e-m/fpv4-sp/hard\libc_nano.a(lib_a-signal.o)
                0x0000d3d4                _raise_r
 .text.raise    0x0000d424       0x10 c:/users/83tuc/.platformio/packages/toolchain-gccarmnoneeabi/bin/../lib/gcc/arm-none-eabi/7.2.1/../../../../arm-none-eabi/lib/thumb/v7e-m/fpv4-sp/hard\libc_nano.a(lib_a-signal.o)
                0x0000d424                raise
 .text._kill_r  0x0000d434       0x24 c:/users/83tuc/.platformio/packages/toolchain-gccarmnoneeabi/bin/../lib/gcc/arm-none-eabi/7.2.1/../../../../arm-none-eabi/lib/thumb/v7e-m/fpv4-sp/hard\libc_nano.a(lib_a-signalr.o)
                0x0000d434                _kill_r
 .text._getpid_r
                0x0000d458        0x4 c:/users/83tuc/.platformio/packages/toolchain-gccarmnoneeabi/bin/../lib/gcc/arm-none-eabi/7.2.1/../../../../arm-none-eabi/lib/thumb/v7e-m/fpv4-sp/hard\libc_nano.a(lib_a-signalr.o)
                0x0000d458                _getpid_r
 .text.snprintf
                0x0000d45c       0x68 c:/users/83tuc/.platformio/packages/toolchain-gccarmnoneeabi/bin/../lib/gcc/arm-none-eabi/7.2.1/../../../../arm-none-eabi/lib/thumb/v7e-m/fpv4-sp/hard\libc_nano.a(lib_a-snprintf.o)
                0x0000d45c                sniprintf
                0x0000d45c                snprintf
 .text.sprintf  0x0000d4c4       0x40 c:/users/83tuc/.platformio/packages/toolchain-gccarmnoneeabi/bin/../lib/gcc/arm-none-eabi/7.2.1/../../../../arm-none-eabi/lib/thumb/v7e-m/fpv4-sp/hard\libc_nano.a(lib_a-sprintf.o)
                0x0000d4c4                siprintf
                0x0000d4c4                sprintf
 .text          0x0000d504       0x14 c:/users/83tuc/.platformio/packages/toolchain-gccarmnoneeabi/bin/../lib/gcc/arm-none-eabi/7.2.1/../../../../arm-none-eabi/lib/thumb/v7e-m/fpv4-sp/hard\libc_nano.a(lib_a-strcmp.o)
                0x0000d504                strcmp
 .text          0x0000d518       0x10 c:/users/83tuc/.platformio/packages/toolchain-gccarmnoneeabi/bin/../lib/gcc/arm-none-eabi/7.2.1/../../../../arm-none-eabi/lib/thumb/v7e-m/fpv4-sp/hard\libc_nano.a(lib_a-strlen.o)
                0x0000d518                strlen
 .text._strtol_l.isra.0
                0x0000d528       0xf6 c:/users/83tuc/.platformio/packages/toolchain-gccarmnoneeabi/bin/../lib/gcc/arm-none-eabi/7.2.1/../../../../arm-none-eabi/lib/thumb/v7e-m/fpv4-sp/hard\libc_nano.a(lib_a-strtol.o)
 *fill*         0x0000d61e        0x2 ff
 .text.strtol   0x0000d620       0x2c c:/users/83tuc/.platformio/packages/toolchain-gccarmnoneeabi/bin/../lib/gcc/arm-none-eabi/7.2.1/../../../../arm-none-eabi/lib/thumb/v7e-m/fpv4-sp/hard\libc_nano.a(lib_a-strtol.o)
                0x0000d620                strtol
 .text.tolower  0x0000d64c       0x1a c:/users/83tuc/.platformio/packages/toolchain-gccarmnoneeabi/bin/../lib/gcc/arm-none-eabi/7.2.1/../../../../arm-none-eabi/lib/thumb/v7e-m/fpv4-sp/hard\libc_nano.a(lib_a-tolower.o)
                0x0000d64c                tolower
 .text._vsnprintf_r
                0x0000d666       0x58 c:/users/83tuc/.platformio/packages/toolchain-gccarmnoneeabi/bin/../lib/gcc/arm-none-eabi/7.2.1/../../../../arm-none-eabi/lib/thumb/v7e-m/fpv4-sp/hard\libc_nano.a(lib_a-vsnprintf.o)
                0x0000d666                _vsniprintf_r
                0x0000d666                _vsnprintf_r
 *fill*         0x0000d6be        0x2 ff
 .text.vsnprintf
                0x0000d6c0       0x1c c:/users/83tuc/.platformio/packages/toolchain-gccarmnoneeabi/bin/../lib/gcc/arm-none-eabi/7.2.1/../../../../arm-none-eabi/lib/thumb/v7e-m/fpv4-sp/hard\libc_nano.a(lib_a-vsnprintf.o)
                0x0000d6c0                vsniprintf
                0x0000d6c0                vsnprintf
 .text.__ascii_wctomb
                0x0000d6dc       0x1a c:/users/83tuc/.platformio/packages/toolchain-gccarmnoneeabi/bin/../lib/gcc/arm-none-eabi/7.2.1/../../../../arm-none-eabi/lib/thumb/v7e-m/fpv4-sp/hard\libc_nano.a(lib_a-wctomb_r.o)
                0x0000d6dc                __ascii_wctomb
 .text.quorem   0x0000d6f6      0x118 c:/users/83tuc/.platformio/packages/toolchain-gccarmnoneeabi/bin/../lib/gcc/arm-none-eabi/7.2.1/../../../../arm-none-eabi/lib/thumb/v7e-m/fpv4-sp/hard\libc_nano.a(lib_a-dtoa.o)
 *fill*         0x0000d80e        0x2 ff
 .text._dtoa_r  0x0000d810      0xb70 c:/users/83tuc/.platformio/packages/toolchain-gccarmnoneeabi/bin/../lib/gcc/arm-none-eabi/7.2.1/../../../../arm-none-eabi/lib/thumb/v7e-m/fpv4-sp/hard\libc_nano.a(lib_a-dtoa.o)
                0x0000d810                _dtoa_r
 .text.std      0x0000e380       0x48 c:/users/83tuc/.platformio/packages/toolchain-gccarmnoneeabi/bin/../lib/gcc/arm-none-eabi/7.2.1/../../../../arm-none-eabi/lib/thumb/v7e-m/fpv4-sp/hard\libc_nano.a(lib_a-findfp.o)
 .text._cleanup_r
                0x0000e3c8        0xc c:/users/83tuc/.platformio/packages/toolchain-gccarmnoneeabi/bin/../lib/gcc/arm-none-eabi/7.2.1/../../../../arm-none-eabi/lib/thumb/v7e-m/fpv4-sp/hard\libc_nano.a(lib_a-findfp.o)
                0x0000e3c8                _cleanup_r
 .text.__sfmoreglue
                0x0000e3d4       0x2c c:/users/83tuc/.platformio/packages/toolchain-gccarmnoneeabi/bin/../lib/gcc/arm-none-eabi/7.2.1/../../../../arm-none-eabi/lib/thumb/v7e-m/fpv4-sp/hard\libc_nano.a(lib_a-findfp.o)
                0x0000e3d4                __sfmoreglue
 .text.__sinit  0x0000e400       0x60 c:/users/83tuc/.platformio/packages/toolchain-gccarmnoneeabi/bin/../lib/gcc/arm-none-eabi/7.2.1/../../../../arm-none-eabi/lib/thumb/v7e-m/fpv4-sp/hard\libc_nano.a(lib_a-findfp.o)
                0x0000e400                __sinit
 .text.__sfp    0x0000e460       0x78 c:/users/83tuc/.platformio/packages/toolchain-gccarmnoneeabi/bin/../lib/gcc/arm-none-eabi/7.2.1/../../../../arm-none-eabi/lib/thumb/v7e-m/fpv4-sp/hard\libc_nano.a(lib_a-findfp.o)
                0x0000e460                __sfp
 .text._fwalk_reent
                0x0000e4d8       0x3c c:/users/83tuc/.platformio/packages/toolchain-gccarmnoneeabi/bin/../lib/gcc/arm-none-eabi/7.2.1/../../../../arm-none-eabi/lib/thumb/v7e-m/fpv4-sp/hard\libc_nano.a(lib_a-fwalk.o)
                0x0000e4d8                _fwalk_reent
 .text._localeconv_r
                0x0000e514       0x1c c:/users/83tuc/.platformio/packages/toolchain-gccarmnoneeabi/bin/../lib/gcc/arm-none-eabi/7.2.1/../../../../arm-none-eabi/lib/thumb/v7e-m/fpv4-sp/hard\libc_nano.a(lib_a-localeconv.o)
                0x0000e514                _localeconv_r
 .text          0x0000e530       0xa0 c:/users/83tuc/.platformio/packages/toolchain-gccarmnoneeabi/bin/../lib/gcc/arm-none-eabi/7.2.1/../../../../arm-none-eabi/lib/thumb/v7e-m/fpv4-sp/hard\libc_nano.a(lib_a-memchr.o)
                0x0000e530                memchr
 .text.__malloc_lock
                0x0000e5d0        0x2 c:/users/83tuc/.platformio/packages/toolchain-gccarmnoneeabi/bin/../lib/gcc/arm-none-eabi/7.2.1/../../../../arm-none-eabi/lib/thumb/v7e-m/fpv4-sp/hard\libc_nano.a(lib_a-mlock.o)
                0x0000e5d0                __malloc_lock
 .text.__malloc_unlock
                0x0000e5d2        0x2 c:/users/83tuc/.platformio/packages/toolchain-gccarmnoneeabi/bin/../lib/gcc/arm-none-eabi/7.2.1/../../../../arm-none-eabi/lib/thumb/v7e-m/fpv4-sp/hard\libc_nano.a(lib_a-mlock.o)
                0x0000e5d2                __malloc_unlock
 .text._Balloc  0x0000e5d4       0x68 c:/users/83tuc/.platformio/packages/toolchain-gccarmnoneeabi/bin/../lib/gcc/arm-none-eabi/7.2.1/../../../../arm-none-eabi/lib/thumb/v7e-m/fpv4-sp/hard\libc_nano.a(lib_a-mprec.o)
                0x0000e5d4                _Balloc
 .text._Bfree   0x0000e63c       0x2e c:/users/83tuc/.platformio/packages/toolchain-gccarmnoneeabi/bin/../lib/gcc/arm-none-eabi/7.2.1/../../../../arm-none-eabi/lib/thumb/v7e-m/fpv4-sp/hard\libc_nano.a(lib_a-mprec.o)
                0x0000e63c                _Bfree
 .text.__multadd
                0x0000e66a       0x76 c:/users/83tuc/.platformio/packages/toolchain-gccarmnoneeabi/bin/../lib/gcc/arm-none-eabi/7.2.1/../../../../arm-none-eabi/lib/thumb/v7e-m/fpv4-sp/hard\libc_nano.a(lib_a-mprec.o)
                0x0000e66a                __multadd
 .text.__hi0bits
                0x0000e6e0       0x3e c:/users/83tuc/.platformio/packages/toolchain-gccarmnoneeabi/bin/../lib/gcc/arm-none-eabi/7.2.1/../../../../arm-none-eabi/lib/thumb/v7e-m/fpv4-sp/hard\libc_nano.a(lib_a-mprec.o)
                0x0000e6e0                __hi0bits
 .text.__lo0bits
                0x0000e71e       0x5e c:/users/83tuc/.platformio/packages/toolchain-gccarmnoneeabi/bin/../lib/gcc/arm-none-eabi/7.2.1/../../../../arm-none-eabi/lib/thumb/v7e-m/fpv4-sp/hard\libc_nano.a(lib_a-mprec.o)
                0x0000e71e                __lo0bits
 .text.__i2b    0x0000e77c       0x12 c:/users/83tuc/.platformio/packages/toolchain-gccarmnoneeabi/bin/../lib/gcc/arm-none-eabi/7.2.1/../../../../arm-none-eabi/lib/thumb/v7e-m/fpv4-sp/hard\libc_nano.a(lib_a-mprec.o)
                0x0000e77c                __i2b
 .text.__multiply
                0x0000e78e      0x12c c:/users/83tuc/.platformio/packages/toolchain-gccarmnoneeabi/bin/../lib/gcc/arm-none-eabi/7.2.1/../../../../arm-none-eabi/lib/thumb/v7e-m/fpv4-sp/hard\libc_nano.a(lib_a-mprec.o)
                0x0000e78e                __multiply
 *fill*         0x0000e8ba        0x2 ff
 .text.__pow5mult
                0x0000e8bc       0x9c c:/users/83tuc/.platformio/packages/toolchain-gccarmnoneeabi/bin/../lib/gcc/arm-none-eabi/7.2.1/../../../../arm-none-eabi/lib/thumb/v7e-m/fpv4-sp/hard\libc_nano.a(lib_a-mprec.o)
                0x0000e8bc                __pow5mult
 .text.__lshift
                0x0000e958       0xa8 c:/users/83tuc/.platformio/packages/toolchain-gccarmnoneeabi/bin/../lib/gcc/arm-none-eabi/7.2.1/../../../../arm-none-eabi/lib/thumb/v7e-m/fpv4-sp/hard\libc_nano.a(lib_a-mprec.o)
                0x0000e958                __lshift
 .text.__mcmp   0x0000ea00       0x34 c:/users/83tuc/.platformio/packages/toolchain-gccarmnoneeabi/bin/../lib/gcc/arm-none-eabi/7.2.1/../../../../arm-none-eabi/lib/thumb/v7e-m/fpv4-sp/hard\libc_nano.a(lib_a-mprec.o)
                0x0000ea00                __mcmp
 .text.__mdiff  0x0000ea34       0xba c:/users/83tuc/.platformio/packages/toolchain-gccarmnoneeabi/bin/../lib/gcc/arm-none-eabi/7.2.1/../../../../arm-none-eabi/lib/thumb/v7e-m/fpv4-sp/hard\libc_nano.a(lib_a-mprec.o)
                0x0000ea34                __mdiff
 .text.__d2b    0x0000eaee       0x9e c:/users/83tuc/.platformio/packages/toolchain-gccarmnoneeabi/bin/../lib/gcc/arm-none-eabi/7.2.1/../../../../arm-none-eabi/lib/thumb/v7e-m/fpv4-sp/hard\libc_nano.a(lib_a-mprec.o)
                0x0000eaee                __d2b
 .text._calloc_r
                0x0000eb8c       0x1c c:/users/83tuc/.platformio/packages/toolchain-gccarmnoneeabi/bin/../lib/gcc/arm-none-eabi/7.2.1/../../../../arm-none-eabi/lib/thumb/v7e-m/fpv4-sp/hard\libc_nano.a(lib_a-nano-callocr.o)
                0x0000eb8c                _calloc_r
 .text._realloc_r